Archive member included to satisfy reference by file (symbol)

/usr/local/lpcxpresso_7.7.2_379/lpcxpresso/tools/bin/../lib/gcc/arm-none-eabi/5.4.1/armv7-m/libgcc.a(_arm_addsubsf3.o)
                              release/./hal/uv_hal/src/uv_timer.o (__aeabi_fsub)
/usr/local/lpcxpresso_7.7.2_379/lpcxpresso/tools/bin/../lib/gcc/arm-none-eabi/5.4.1/armv7-m/libgcc.a(_arm_muldivsf3.o)
                              release/./hal/uv_hal/src/uv_lcd.o (__aeabi_fmul)
/usr/local/lpcxpresso_7.7.2_379/lpcxpresso/tools/bin/../lib/gcc/arm-none-eabi/5.4.1/armv7-m/libgcc.a(_arm_cmpsf2.o)
                              release/./src/gui.o (__aeabi_fcmpge)
/usr/local/lpcxpresso_7.7.2_379/lpcxpresso/tools/bin/../lib/gcc/arm-none-eabi/5.4.1/armv7-m/libgcc.a(_arm_fixsfsi.o)
                              release/./hal/uv_hal/src/uv_lcd.o (__aeabi_f2iz)
/usr/local/lpcxpresso_7.7.2_379/lpcxpresso/tools/bin/../lib/gcc/arm-none-eabi/5.4.1/armv7-m/libgcc.a(_arm_fixunssfsi.o)
                              release/./hal/uv_hal/src/uv_pwm.o (__aeabi_f2uiz)
/usr/local/lpcxpresso_7.7.2_379/lpcxpresso/tools/bin/../lib/gcc/arm-none-eabi/5.4.1/armv7-m/libgcc.a(_fixunssfdi.o)
                              release/./hal/uv_hal/src/uv_timer.o (__aeabi_f2ulz)
/usr/local/lpcxpresso_7.7.2_379/lpcxpresso/tools/bin/../lib/gcc/arm-none-eabi/5.4.1/armv7-m/libgcc.a(_arm_addsubdf3.o)
                              /usr/local/lpcxpresso_7.7.2_379/lpcxpresso/tools/bin/../lib/gcc/arm-none-eabi/5.4.1/armv7-m/libgcc.a(_fixunssfdi.o) (__aeabi_dsub)
/usr/local/lpcxpresso_7.7.2_379/lpcxpresso/tools/bin/../lib/gcc/arm-none-eabi/5.4.1/armv7-m/libgcc.a(_arm_muldivdf3.o)
                              /usr/local/lpcxpresso_7.7.2_379/lpcxpresso/tools/bin/../lib/gcc/arm-none-eabi/5.4.1/armv7-m/libgcc.a(_fixunssfdi.o) (__aeabi_dmul)
/usr/local/lpcxpresso_7.7.2_379/lpcxpresso/tools/bin/../lib/gcc/arm-none-eabi/5.4.1/armv7-m/libgcc.a(_arm_fixunsdfsi.o)
                              /usr/local/lpcxpresso_7.7.2_379/lpcxpresso/tools/bin/../lib/gcc/arm-none-eabi/5.4.1/armv7-m/libgcc.a(_fixunssfdi.o) (__aeabi_d2uiz)
/usr/local/lpcxpresso_7.7.2_379/lpcxpresso/tools/bin/../lib/gcc/arm-none-eabi/5.4.1/../../../../arm-none-eabi/lib/armv7-m/libc.a(lib_a-atoi.o)
                              release/./hal/uv_hal/src/uv_json.o (atoi)
/usr/local/lpcxpresso_7.7.2_379/lpcxpresso/tools/bin/../lib/gcc/arm-none-eabi/5.4.1/../../../../arm-none-eabi/lib/armv7-m/libc.a(lib_a-ctype_.o)
                              release/./hal/uv_hal/src/uv_json.o (__ctype_ptr__)
/usr/local/lpcxpresso_7.7.2_379/lpcxpresso/tools/bin/../lib/gcc/arm-none-eabi/5.4.1/../../../../arm-none-eabi/lib/armv7-m/libc.a(lib_a-itoa.o)
                              release/./hal/uv_hal/src/uv_json.o (itoa)
/usr/local/lpcxpresso_7.7.2_379/lpcxpresso/tools/bin/../lib/gcc/arm-none-eabi/5.4.1/../../../../arm-none-eabi/lib/armv7-m/libc.a(lib_a-memcpy.o)
                              release/./hal/uv_hal/freertos/queue.o (memcpy)
/usr/local/lpcxpresso_7.7.2_379/lpcxpresso/tools/bin/../lib/gcc/arm-none-eabi/5.4.1/../../../../arm-none-eabi/lib/armv7-m/libc.a(lib_a-memmove.o)
                              release/./hal/uv_hal/src/uv_utilities.o (memmove)
/usr/local/lpcxpresso_7.7.2_379/lpcxpresso/tools/bin/../lib/gcc/arm-none-eabi/5.4.1/../../../../arm-none-eabi/lib/armv7-m/libc.a(lib_a-memset.o)
                              release/./hal/uv_hal/freertos/tasks.o (memset)
/usr/local/lpcxpresso_7.7.2_379/lpcxpresso/tools/bin/../lib/gcc/arm-none-eabi/5.4.1/../../../../arm-none-eabi/lib/armv7-m/libc.a(lib_a-strcat.o)
                              release/./hal/uv_hal/src/uv_json.o (strcat)
/usr/local/lpcxpresso_7.7.2_379/lpcxpresso/tools/bin/../lib/gcc/arm-none-eabi/5.4.1/../../../../arm-none-eabi/lib/armv7-m/libc.a(lib_a-strcmp.o)
                              release/./hal/uv_hal/src/uv_terminal.o (strcmp)
/usr/local/lpcxpresso_7.7.2_379/lpcxpresso/tools/bin/../lib/gcc/arm-none-eabi/5.4.1/../../../../arm-none-eabi/lib/armv7-m/libc.a(lib_a-strcpy.o)
                              /usr/local/lpcxpresso_7.7.2_379/lpcxpresso/tools/bin/../lib/gcc/arm-none-eabi/5.4.1/../../../../arm-none-eabi/lib/armv7-m/libc.a(lib_a-strcat.o) (strcpy)
/usr/local/lpcxpresso_7.7.2_379/lpcxpresso/tools/bin/../lib/gcc/arm-none-eabi/5.4.1/../../../../arm-none-eabi/lib/armv7-m/libc.a(lib_a-strlen-stub.o)
                              release/./hal/uv_hal/src/uv_json.o (strlen)
/usr/local/lpcxpresso_7.7.2_379/lpcxpresso/tools/bin/../lib/gcc/arm-none-eabi/5.4.1/../../../../arm-none-eabi/lib/armv7-m/libc.a(lib_a-strncmp.o)
                              release/./hal/uv_hal/src/uv_json.o (strncmp)
/usr/local/lpcxpresso_7.7.2_379/lpcxpresso/tools/bin/../lib/gcc/arm-none-eabi/5.4.1/../../../../arm-none-eabi/lib/armv7-m/libc.a(lib_a-strtol.o)
                              /usr/local/lpcxpresso_7.7.2_379/lpcxpresso/tools/bin/../lib/gcc/arm-none-eabi/5.4.1/../../../../arm-none-eabi/lib/armv7-m/libc.a(lib_a-atoi.o) (_strtol_r)
[...]
Memory Configuration

Name             Origin             Length             Attributes
MFlash256        0x00002000         0x0003e000         xr
RamLoc64         0x10000080         0x0000fee0         xrw
RamPeriph16      0x20000000         0x00004000         xrw
*default*        0x00000000         0xffffffff

Linker script and memory map

LOAD release/./CMSIS_CORE_LPC177x_8x/src/system_LPC177x_8x.o
LOAD release/./hal/uv_hal/freertos/heap_2.o
LOAD release/./hal/uv_hal/freertos/tasks.o
LOAD release/./hal/uv_hal/freertos/timers.o
LOAD release/./hal/uv_hal/freertos/event_groups.o
LOAD release/./hal/uv_hal/freertos/list.o
LOAD release/./hal/uv_hal/freertos/croutine.o
LOAD release/./hal/uv_hal/freertos/queue.o
LOAD release/./hal/uv_hal/freertos/portable/GCC/ARM_CM4F/port.o
LOAD release/./hal/uv_hal/freertos/portable/GCC/ARM_CM0/port.o
LOAD release/./hal/uv_hal/freertos/portable/GCC/ARM_CM3/port.o
LOAD release/./hal/uv_hal/src/uv_uart.o
LOAD release/./hal/uv_hal/src/uv_button.o
LOAD release/./hal/uv_hal/src/uv_filters.o
LOAD release/./hal/uv_hal/src/uv_can.o
LOAD release/./hal/uv_hal/src/uv_eeprom.o
LOAD release/./hal/uv_hal/src/uv_json.o
LOAD release/./hal/uv_hal/src/uv_i2c.o
LOAD release/./hal/uv_hal/src/printf.o
LOAD release/./hal/uv_hal/src/uv_canopen.o
LOAD release/./hal/uv_hal/src/uv_rtc.o
LOAD release/./hal/uv_hal/src/uv_emc.o
LOAD release/./hal/uv_hal/src/uv_gpio.o
LOAD release/./hal/uv_hal/src/uv_pwm.o
LOAD release/./hal/uv_hal/src/uv_stdout.o
LOAD release/./hal/uv_hal/src/uv_lcd.o
LOAD release/./hal/uv_hal/src/uv_reset.o
LOAD release/./hal/uv_hal/src/uv_adc.o
LOAD release/./hal/uv_hal/src/uv_spi.o
LOAD release/./hal/uv_hal/src/uv_wdt.o
LOAD release/./hal/uv_hal/src/uv_terminal.o
LOAD release/./hal/uv_hal/src/uv_timer.o
LOAD release/./hal/uv_hal/src/uv_utilities.o
LOAD release/./hal/uv_hal/src/uv_memory.o
LOAD release/./hal/uv_hal/src/uv_errors.o
LOAD release/./hal/uv_hal/src/uv_rtos.o
LOAD release/./hal/uv_hal/src/ui/ugui.o
LOAD release/./hal/uv_hal/src/ui/uv_ui_styles.o
LOAD release/./hal/uv_hal/src/ui/uv_uibutton.o
LOAD release/./hal/uv_hal/src/ui/uv_uislider.o
LOAD release/./hal/uv_hal/src/ui/uv_uidisplay.o
LOAD release/./hal/uv_hal/src/ui/uv_uiwindow.o
LOAD release/./hal/uv_hal/src/ui/uv_uifonts.o
LOAD release/./hal/uv_hal/src/ui/uv_uilabel.o
LOAD release/./src/network.o
LOAD release/./src/canopen.o
LOAD release/./src/log.o
LOAD release/./src/commands.o
LOAD release/./src/cr_startup_lpc177x_8x.o
LOAD release/./src/crp.o
LOAD release/./src/main.o
LOAD release/./src/gui.o
LOAD release/./src/alert.o
LOAD release/./src/ui/home_screen.o
LOAD release/./src/ui/taskbar.o
START GROUP
LOAD /usr/local/lpcxpresso_7.7.2_379/lpcxpresso/tools/bin/../lib/gcc/arm-none-eabi/5.4.1/armv7-m/libgcc.a
LOAD /usr/local/lpcxpresso_7.7.2_379/lpcxpresso/tools/bin/../lib/gcc/arm-none-eabi/5.4.1/../../../../arm-none-eabi/lib/armv7-m/libc.a
LOAD /usr/local/lpcxpresso_7.7.2_379/lpcxpresso/tools/bin/../lib/gcc/arm-none-eabi/5.4.1/../../../../arm-none-eabi/lib/armv7-m/libm.a
LOAD /usr/local/lpcxpresso_7.7.2_379/lpcxpresso/tools/bin/../lib/gcc/arm-none-eabi/5.4.1/../../../../arm-none-eabi/lib/armv7-m/libcr_newlib_semihost.a
END GROUP
                0x00040000                __top_MFlash256 = 0x40000
                0x1000ff60                __top_RamLoc64 = 0x1000ff60
                0x20004000                __top_RamPeriph16 = 0x20004000

.text           0x00002000     0xb57c
 FILL mask 0xff
                0x00002000                __vectors_start__ = ABSOLUTE (.)
 *(.isr_vector)
 .isr_vector    0x00002000       0xe4 release/./src/cr_startup_lpc177x_8x.o
                0x00002000                g_pfnVectors
                0x000020e4                . = ALIGN (0x4)
                0x000020e4                __section_table_start = .
                0x000020e4                __data_section_table = .
                0x000020e4        0x4 LONG 0xd57c LOADADDR (.data)
                0x000020e8        0x4 LONG 0x10000080 ADDR (.data)
                0x000020ec        0x4 LONG 0x454 SIZEOF (.data)
                0x000020f0        0x4 LONG 0xd57c LOADADDR (.data_RAM2)
                0x000020f4        0x4 LONG 0x20000000 ADDR (.data_RAM2)
                0x000020f8        0x4 LONG 0x0 SIZEOF (.data_RAM2)
                0x000020fc                __data_section_table_end = .
                0x000020fc                __bss_section_table = .
                0x000020fc        0x4 LONG 0x100004d8 ADDR (.bss)
                0x00002100        0x4 LONG 0x2eb0 SIZEOF (.bss)
                0x00002104        0x4 LONG 0x20000000 ADDR (.bss_RAM2)
                0x00002108        0x4 LONG 0x0 SIZEOF (.bss_RAM2)
                0x0000210c                __bss_section_table_end = .
                0x0000210c                __section_table_end = .
 *(.after_vectors*)
 .after_vectors
                0x0000210c       0x9c release/./src/cr_startup_lpc177x_8x.o
                0x00002124                DebugMon_Handler
                0x00002130                TIMER2_IRQHandler
                0x00002130                RIT_IRQHandler
                0x00002130                I2C0_IRQHandler
                0x00002130                USBActivity_IRQHandler
                0x00002130                PWM1_IRQHandler
                0x00002130                I2C1_IRQHandler
                0x00002130                EINT2_IRQHandler
                0x00002130                UART1_IRQHandler
                0x00002130                EINT3_IRQHandler
                0x00002130                CANActivity_IRQHandler
                0x00002130                TIMER3_IRQHandler
                0x00002130                PLL0_IRQHandler
                0x00002130                CAN_IRQHandler
                0x00002130                PLL1_IRQHandler
                0x00002130                SSP0_IRQHandler
                0x00002130                I2S_IRQHandler
                0x00002130                I2C2_IRQHandler
                0x00002130                RTC_IRQHandler
                0x00002130                TIMER0_IRQHandler
                0x00002130                SPI_IRQHandler
                0x00002130                LCD_IRQHandler
                0x00002130                EINT1_IRQHandler
                0x00002130                TIMER1_IRQHandler
                0x00002130                UART2_IRQHandler
                0x00002130                UART4_IRQHandler
                0x00002130                ADC_IRQHandler
                0x00002130                MCI_IRQHandler
                0x00002130                SSP1_IRQHandler
                0x00002130                USB_IRQHandler
                0x00002130                BOD_IRQHandler
                0x00002130                WDT_IRQHandler
                0x00002130                QEI_IRQHandler
                0x00002130                EINT0_IRQHandler
                0x00002130                PWM0_IRQHandler
                0x00002130                SSP2_IRQHandler
                0x00002130                EEPROM_IRQHandler
                0x00002130                DMA_IRQHandler
                0x00002130                UART3_IRQHandler
                0x00002130                MCPWM_IRQHandler
                0x00002130                ENET_IRQHandler
                0x00002134                data_init
                0x0000214c                bss_init
                0x00002160                ResetISR
 *(.text*)
 .text.SystemCoreClockUpdate
                0x000021a8      0x288 release/./CMSIS_CORE_LPC177x_8x/src/system_LPC177x_8x.o
                0x000021a8                SystemCoreClockUpdate
 .text.SystemInit
                0x00002430       0x7c release/./CMSIS_CORE_LPC177x_8x/src/system_LPC177x_8x.o
                0x00002430                SystemInit
 .text.prvHeapInit
                0x000024ac       0x2c release/./hal/uv_hal/freertos/heap_2.o
 .text.pvPortMalloc
                0x000024d8       0xa4 release/./hal/uv_hal/freertos/heap_2.o
                0x000024d8                pvPortMalloc
 .text.vPortFree
                0x0000257c       0x44 release/./hal/uv_hal/freertos/heap_2.o
                0x0000257c                vPortFree
 .text.prvResetNextTaskUnblockTime
                0x000025c0       0x34 release/./hal/uv_hal/freertos/tasks.o
 .text.prvDeleteTCB
                0x000025f4       0x14 release/./hal/uv_hal/freertos/tasks.o
 .text.prvAllocateTCBAndStack
                0x00002608       0x44 release/./hal/uv_hal/freertos/tasks.o
 .text.prvInitialiseTCBVariables
                0x0000264c       0x50 release/./hal/uv_hal/freertos/tasks.o
 .text.prvInitialiseTaskLists
                0x0000269c       0x68 release/./hal/uv_hal/freertos/tasks.o
 .text.prvAddCurrentTaskToDelayedList
                0x00002704       0x98 release/./hal/uv_hal/freertos/tasks.o
 .text.xTaskGenericCreate
                0x0000279c      0x104 release/./hal/uv_hal/freertos/tasks.o
                0x0000279c                xTaskGenericCreate
 .text.vTaskStartScheduler
                0x000028a0       0x70 release/./hal/uv_hal/freertos/tasks.o
                0x000028a0                vTaskStartScheduler
 .text.vTaskSuspendAll
                0x00002910       0x10 release/./hal/uv_hal/freertos/tasks.o
                0x00002910                vTaskSuspendAll
 .text.xTaskGetTickCount
                0x00002920        0xc release/./hal/uv_hal/freertos/tasks.o
                0x00002920                xTaskGetTickCount
 .text.xTaskIncrementTick
                0x0000292c      0x10c release/./hal/uv_hal/freertos/tasks.o
                0x0000292c                xTaskIncrementTick
 .text.xTaskResumeAll
                0x00002a38       0xe8 release/./hal/uv_hal/freertos/tasks.o
                0x00002a38                xTaskResumeAll
 .text.vTaskDelayUntil
                0x00002b20       0x68 release/./hal/uv_hal/freertos/tasks.o
                0x00002b20                vTaskDelayUntil
 .text.prvCheckTasksWaitingTermination
                0x00002b88       0x54 release/./hal/uv_hal/freertos/tasks.o
 .text.prvIdleTask
                0x00002bdc       0x28 release/./hal/uv_hal/freertos/tasks.o
 .text.vTaskSwitchContext
                0x00002c04       0x90 release/./hal/uv_hal/freertos/tasks.o
                0x00002c04                vTaskSwitchContext
 .text.vTaskPlaceOnEventList
                0x00002c94       0x1c release/./hal/uv_hal/freertos/tasks.o
                0x00002c94                vTaskPlaceOnEventList
 .text.vTaskPlaceOnEventListRestricted
                0x00002cb0       0x24 release/./hal/uv_hal/freertos/tasks.o
                0x00002cb0                vTaskPlaceOnEventListRestricted
 .text.xTaskRemoveFromEventList
                0x00002cd4       0x78 release/./hal/uv_hal/freertos/tasks.o
                0x00002cd4                xTaskRemoveFromEventList
 .text.vTaskSetTimeOutState
                0x00002d4c       0x18 release/./hal/uv_hal/freertos/tasks.o
                0x00002d4c                vTaskSetTimeOutState
 .text.xTaskCheckForTimeOut
                0x00002d64       0x58 release/./hal/uv_hal/freertos/tasks.o
                0x00002d64                xTaskCheckForTimeOut
 .text.vTaskMissedYield
                0x00002dbc        0xc release/./hal/uv_hal/freertos/tasks.o
                0x00002dbc                vTaskMissedYield
 .text.xTaskGetSchedulerState
                0x00002dc8       0x20 release/./hal/uv_hal/freertos/tasks.o
                0x00002dc8                xTaskGetSchedulerState
 .text.vTaskPriorityInherit
                0x00002de8       0xa8 release/./hal/uv_hal/freertos/tasks.o
                0x00002de8                vTaskPriorityInherit
 .text.xTaskPriorityDisinherit
                0x00002e90       0x84 release/./hal/uv_hal/freertos/tasks.o
                0x00002e90                xTaskPriorityDisinherit
 .text.pvTaskIncrementMutexHeldCount
                0x00002f14       0x1c release/./hal/uv_hal/freertos/tasks.o
                0x00002f14                pvTaskIncrementMutexHeldCount
 .text.prvGetNextExpireTime
                0x00002f30       0x20 release/./hal/uv_hal/freertos/timers.o
 .text.prvInsertTimerInActiveList
                0x00002f50       0x48 release/./hal/uv_hal/freertos/timers.o
 .text.prvCheckForValidListAndQueue
                0x00002f98       0x60 release/./hal/uv_hal/freertos/timers.o
 .text.xTimerCreateTimerTask
                0x00002ff8       0x3c release/./hal/uv_hal/freertos/timers.o
                0x00002ff8                xTimerCreateTimerTask
 .text.xTimerGenericCommand
                0x00003034       0x58 release/./hal/uv_hal/freertos/timers.o
                0x00003034                xTimerGenericCommand
 .text.prvSwitchTimerLists
                0x0000308c       0x68 release/./hal/uv_hal/freertos/timers.o
 .text.prvSampleTimeNow
                0x000030f4       0x2c release/./hal/uv_hal/freertos/timers.o
 .text.prvProcessExpiredTimer
                0x00003120       0x48 release/./hal/uv_hal/freertos/timers.o
 .text.prvProcessTimerOrBlockTask
                0x00003168       0x74 release/./hal/uv_hal/freertos/timers.o
 .text.prvProcessReceivedCommands
                0x000031dc       0x98 release/./hal/uv_hal/freertos/timers.o
 .text.prvTimerTask
                0x00003274       0x18 release/./hal/uv_hal/freertos/timers.o
 .text.vListInitialise
                0x0000328c       0x18 release/./hal/uv_hal/freertos/list.o
                0x0000328c                vListInitialise
 .text.vListInitialiseItem
                0x000032a4        0x8 release/./hal/uv_hal/freertos/list.o
                0x000032a4                vListInitialiseItem
 .text.vListInsertEnd
                0x000032ac       0x18 release/./hal/uv_hal/freertos/list.o
                0x000032ac                vListInsertEnd
 .text.vListInsert
                0x000032c4       0x34 release/./hal/uv_hal/freertos/list.o
                0x000032c4                vListInsert
 .text.uxListRemove
                0x000032f8       0x24 release/./hal/uv_hal/freertos/list.o
                0x000032f8                uxListRemove
 .text.prvIsQueueFull
                0x0000331c       0x20 release/./hal/uv_hal/freertos/queue.o
 .text.prvIsQueueEmpty
                0x0000333c       0x1c release/./hal/uv_hal/freertos/queue.o
 .text.prvAllocateQueueMemory
                0x00003358       0x24 release/./hal/uv_hal/freertos/queue.o
 .text.prvCopyDataToQueue
                0x0000337c       0x7c release/./hal/uv_hal/freertos/queue.o
 .text.prvCopyDataFromQueue
                0x000033f8       0x24 release/./hal/uv_hal/freertos/queue.o
 .text.prvUnlockQueue
                0x0000341c       0x64 release/./hal/uv_hal/freertos/queue.o
 .text.xQueueGenericReset
                0x00003480       0x6c release/./hal/uv_hal/freertos/queue.o
                0x00003480                xQueueGenericReset
 .text.xQueueGenericCreate
                0x000034ec       0x3c release/./hal/uv_hal/freertos/queue.o
                0x000034ec                xQueueGenericCreate
 .text.xQueueGenericSend
                0x00003528       0xfc release/./hal/uv_hal/freertos/queue.o
                0x00003528                xQueueGenericSend
 .text.xQueueGenericSendFromISR
                0x00003624       0x68 release/./hal/uv_hal/freertos/queue.o
                0x00003624                xQueueGenericSendFromISR
 .text.xQueueGenericReceive
                0x0000368c      0x134 release/./hal/uv_hal/freertos/queue.o
                0x0000368c                xQueueGenericReceive
 .text.vQueueAddToRegistry
                0x000037c0       0x28 release/./hal/uv_hal/freertos/queue.o
                0x000037c0                vQueueAddToRegistry
 .text.vQueueWaitForMessageRestricted
                0x000037e8       0x40 release/./hal/uv_hal/freertos/queue.o
                0x000037e8                vQueueWaitForMessageRestricted
 .text.prvTaskExitError
                0x00003828       0x14 release/./hal/uv_hal/freertos/portable/GCC/ARM_CM3/port.o
 .text.prvPortStartFirstTask
                0x0000383c       0x20 release/./hal/uv_hal/freertos/portable/GCC/ARM_CM3/port.o
 .text.pxPortInitialiseStack
                0x0000385c       0x20 release/./hal/uv_hal/freertos/portable/GCC/ARM_CM3/port.o
                0x0000385c                pxPortInitialiseStack
 *fill*         0x0000387c        0x4 ff
 .text.SVC_Handler
                0x00003880       0x24 release/./hal/uv_hal/freertos/portable/GCC/ARM_CM3/port.o
                0x00003880                SVC_Handler
 .text.vPortEnterCritical
                0x000038a4       0x20 release/./hal/uv_hal/freertos/portable/GCC/ARM_CM3/port.o
                0x000038a4                vPortEnterCritical
 .text.vPortExitCritical
                0x000038c4       0x14 release/./hal/uv_hal/freertos/portable/GCC/ARM_CM3/port.o
                0x000038c4                vPortExitCritical
 *fill*         0x000038d8        0x8 ff
 .text.PendSV_Handler
                0x000038e0       0x44 release/./hal/uv_hal/freertos/portable/GCC/ARM_CM3/port.o
                0x000038e0                PendSV_Handler
 .text.SysTick_Handler
                0x00003924       0x2c release/./hal/uv_hal/freertos/portable/GCC/ARM_CM3/port.o
                0x00003924                SysTick_Handler
 .text.vPortSetupTimerInterrupt
                0x00003950       0x2c release/./hal/uv_hal/freertos/portable/GCC/ARM_CM3/port.o
                0x00003950                vPortSetupTimerInterrupt
 .text.xPortStartScheduler
                0x0000397c       0x30 release/./hal/uv_hal/freertos/portable/GCC/ARM_CM3/port.o
                0x0000397c                xPortStartScheduler
 .text.check_uart
                0x000039ac       0x24 release/./hal/uv_hal/src/uv_uart.o
 .text.isr      0x000039d0       0x54 release/./hal/uv_hal/src/uv_uart.o
 .text.UART0_IRQHandler
                0x00003a24        0xc release/./hal/uv_hal/src/uv_uart.o
                0x00003a24                UART0_IRQHandler
 .text._uv_uart_init
                0x00003a30      0x110 release/./hal/uv_hal/src/uv_uart.o
                0x00003a30                _uv_uart_init
 .text.uv_uart_send_char
                0x00003b40       0x5c release/./hal/uv_hal/src/uv_uart.o
                0x00003b40                uv_uart_send_char
 .text.uv_uart_get_char
                0x00003b9c       0x38 release/./hal/uv_hal/src/uv_uart.o
                0x00003b9c                uv_uart_get_char
 .text.uv_uart_is_initialized
                0x00003bd4       0x1c release/./hal/uv_hal/src/uv_uart.o
                0x00003bd4                uv_uart_is_initialized
 .text.check_channel
                0x00003bf0       0x28 release/./hal/uv_hal/src/uv_can.o
 .text._uv_can_init
                0x00003c18       0x24 release/./hal/uv_hal/src/uv_can.o
                0x00003c18                _uv_can_init
 .text.uv_can_step
                0x00003c3c       0x24 release/./hal/uv_hal/src/uv_can.o
                0x00003c3c                uv_can_step
 .text.uv_can_config_rx_message
                0x00003c60       0x24 release/./hal/uv_hal/src/uv_can.o
                0x00003c60                uv_can_config_rx_message
 .text.uv_can_send_message
                0x00003c84       0x20 release/./hal/uv_hal/src/uv_can.o
                0x00003c84                uv_can_send_message
 .text.uv_can_fetch_message
                0x00003ca4       0x10 release/./hal/uv_hal/src/uv_can.o
                0x00003ca4                uv_can_fetch_message
 .text.uv_can_get_error_state
                0x00003cb4        0xc release/./hal/uv_hal/src/uv_can.o
                0x00003cb4                uv_can_get_error_state
 .text._uv_can_hal_step
                0x00003cc0       0x20 release/./hal/uv_hal/src/uv_can.o
                0x00003cc0                _uv_can_hal_step
 .text._uv_eeprom_init
                0x00003ce0       0x74 release/./hal/uv_hal/src/uv_eeprom.o
                0x00003ce0                _uv_eeprom_init
 .text.uv_eeprom_write
                0x00003d54       0xa4 release/./hal/uv_hal/src/uv_eeprom.o
                0x00003d54                uv_eeprom_write
 .text.uv_eeprom_read
                0x00003df8       0x6c release/./hal/uv_hal/src/uv_eeprom.o
                0x00003df8                uv_eeprom_read
 .text.uv_eeprom_init_circular_buffer
                0x00003e64       0x68 release/./hal/uv_hal/src/uv_eeprom.o
                0x00003e64                uv_eeprom_init_circular_buffer
 .text.uv_eeprom_push_back
                0x00003ecc       0xfc release/./hal/uv_hal/src/uv_eeprom.o
                0x00003ecc                uv_eeprom_push_back
 .text.uv_eeprom_pop_front
                0x00003fc8       0xac release/./hal/uv_hal/src/uv_eeprom.o
                0x00003fc8                uv_eeprom_pop_front
 .text.uv_eeprom_at
                0x00004074       0xa0 release/./hal/uv_hal/src/uv_eeprom.o
                0x00004074                uv_eeprom_at
 .text.uv_eeprom_clear
                0x00004114       0x30 release/./hal/uv_hal/src/uv_eeprom.o
                0x00004114                uv_eeprom_clear
 .text.printchar
                0x00004144       0x18 release/./hal/uv_hal/src/printf.o
 .text.prints   0x0000415c       0x84 release/./hal/uv_hal/src/printf.o
 .text.printi   0x000041e0       0xa8 release/./hal/uv_hal/src/printf.o
 .text.print    0x00004288      0x130 release/./hal/uv_hal/src/printf.o
                0x00004288                print
 .text.printf   0x000043b8       0x24 release/./hal/uv_hal/src/printf.o
                0x000043b8                printf
 .text.find_object
                0x000043dc       0x38 release/./hal/uv_hal/src/uv_canopen.o
 .text.sdo_send_response
                0x00004414       0x7c release/./hal/uv_hal/src/uv_canopen.o
 .text.sdo_send_error
                0x00004490       0x5c release/./hal/uv_hal/src/uv_canopen.o
 .text.array_write
                0x000044ec       0x28 release/./hal/uv_hal/src/uv_canopen.o
 .text.array_read
                0x00004514       0x2c release/./hal/uv_hal/src/uv_canopen.o
 .text.canopen_parse_sdo
                0x00004540      0x228 release/./hal/uv_hal/src/uv_canopen.o
 .text.get_object_value
                0x00004768       0x1c release/./hal/uv_hal/src/uv_canopen.o
 .text.uv_canopen_init
                0x00004784       0xf0 release/./hal/uv_hal/src/uv_canopen.o
                0x00004784                uv_canopen_init
 .text.uv_canopen_set_state
                0x00004874       0x10 release/./hal/uv_hal/src/uv_canopen.o
                0x00004874                uv_canopen_set_state
 .text.uv_canopen_step
                0x00004884      0x344 release/./hal/uv_hal/src/uv_canopen.o
                0x00004884                uv_canopen_step
 .text._uv_rtc_init
                0x00004bc8       0x24 release/./hal/uv_hal/src/uv_rtc.o
                0x00004bc8                _uv_rtc_init
 .text.uv_rtc_get_time
                0x00004bec       0x2c release/./hal/uv_hal/src/uv_rtc.o
                0x00004bec                uv_rtc_get_time
 .text.uv_rtc_set_time
                0x00004c18       0x34 release/./hal/uv_hal/src/uv_rtc.o
                0x00004c18                uv_rtc_set_time
 .text._uv_emc_init
                0x00004c4c      0x24c release/./hal/uv_hal/src/uv_emc.o
                0x00004c4c                _uv_emc_init
 .text.GPIO_IRQHandler
                0x00004e98       0x94 release/./hal/uv_hal/src/uv_gpio.o
                0x00004e98                GPIO_IRQHandler
 .text._uv_pwm_init
                0x00004f2c       0x98 release/./hal/uv_hal/src/uv_pwm.o
                0x00004f2c                _uv_pwm_init
 .text.outbyte  0x00004fc4       0x28 release/./hal/uv_hal/src/uv_stdout.o
                0x00004fc4                outbyte
 .text.uv_stdout_send
                0x00004fec       0x18 release/./hal/uv_hal/src/uv_stdout.o
                0x00004fec                uv_stdout_send
 .text.uv_lcd_draw_rect
                0x00005004       0x38 release/./hal/uv_hal/src/uv_lcd.o
                0x00005004                uv_lcd_draw_rect
 .text._uv_lcd_init
                0x0000503c      0x134 release/./hal/uv_hal/src/uv_lcd.o
                0x0000503c                _uv_lcd_init
 .text.uv_lcd_draw_frame
                0x00005170       0x5c release/./hal/uv_hal/src/uv_lcd.o
                0x00005170                uv_lcd_draw_frame
 .text.uv_lcd_touch_get
                0x000051cc      0x1a4 release/./hal/uv_hal/src/uv_lcd.o
                0x000051cc                uv_lcd_touch_get
 .text.uv_system_reset
                0x00005370       0x24 release/./hal/uv_hal/src/uv_reset.o
                0x00005370                uv_system_reset
 .text.uv_reset_get_source
                0x00005394       0x10 release/./hal/uv_hal/src/uv_reset.o
                0x00005394                uv_reset_get_source
 .text._uv_adc_init
                0x000053a4       0xfc release/./hal/uv_hal/src/uv_adc.o
                0x000053a4                _uv_adc_init
 .text.uv_adc_read
                0x000054a0       0x5c release/./hal/uv_hal/src/uv_adc.o
                0x000054a0                uv_adc_read
 .text.uv_adc_read_average
                0x000054fc       0x20 release/./hal/uv_hal/src/uv_adc.o
                0x000054fc                uv_adc_read_average
 .text.uv_terminal_dev_callb
                0x0000551c       0x20 release/./hal/uv_hal/src/uv_terminal.o
                0x0000551c                uv_terminal_dev_callb
 .text.uv_terminal_man_callb
                0x0000553c       0x7c release/./hal/uv_hal/src/uv_terminal.o
                0x0000553c                uv_terminal_man_callb
 .text.uv_terminal_reset_callb
                0x000055b8       0x20 release/./hal/uv_hal/src/uv_terminal.o
                0x000055b8                uv_terminal_reset_callb
 .text.uv_terminal_save_callb
                0x000055d8       0x14 release/./hal/uv_hal/src/uv_terminal.o
                0x000055d8                uv_terminal_save_callb
 .text.uv_terminal_revert_callb
                0x000055ec       0x14 release/./hal/uv_hal/src/uv_terminal.o
                0x000055ec                uv_terminal_revert_callb
 .text.uv_terminal_crc_callb
                0x00005600       0x28 release/./hal/uv_hal/src/uv_terminal.o
                0x00005600                uv_terminal_crc_callb
 .text.uv_terminal_init
                0x00005628       0x30 release/./hal/uv_hal/src/uv_terminal.o
                0x00005628                uv_terminal_init
 .text.uv_terminal_get_commands_count
                0x00005658        0xc release/./hal/uv_hal/src/uv_terminal.o
                0x00005658                uv_terminal_get_commands_count
 .text.uv_terminal_help_callb
                0x00005664       0x50 release/./hal/uv_hal/src/uv_terminal.o
                0x00005664                uv_terminal_help_callb
 .text.uv_terminal_step
                0x000056b4      0x204 release/./hal/uv_hal/src/uv_terminal.o
                0x000056b4                uv_terminal_step
 .text.uv_set_application_ptr
                0x000058b8        0xc release/./hal/uv_hal/src/uv_utilities.o
                0x000058b8                uv_set_application_ptr
 .text.uv_ring_buffer_init
                0x000058c4       0x1c release/./hal/uv_hal/src/uv_utilities.o
                0x000058c4                uv_ring_buffer_init
 .text.uv_ring_buffer_push
                0x000058e0       0x54 release/./hal/uv_hal/src/uv_utilities.o
                0x000058e0                uv_ring_buffer_push
 .text.uv_ring_buffer_pop
                0x00005934       0x58 release/./hal/uv_hal/src/uv_utilities.o
                0x00005934                uv_ring_buffer_pop
 .text._delay_ms
                0x0000598c       0x4c release/./hal/uv_hal/src/uv_utilities.o
                0x0000598c                _delay_ms
 .text.uv_set_int_priority
                0x000059d8       0x4c release/./hal/uv_hal/src/uv_utilities.o
                0x000059d8                uv_set_int_priority
 .text.__uv_get_user_ptr
                0x00005a24        0xc release/./hal/uv_hal/src/uv_utilities.o
                0x00005a24                __uv_get_user_ptr
 .text.NMI_Handler
                0x00005a30       0x14 release/./hal/uv_hal/src/uv_utilities.o
                0x00005a30                NMI_Handler
 .text.HardFault_Handler
                0x00005a44       0x14 release/./hal/uv_hal/src/uv_utilities.o
                0x00005a44                HardFault_Handler
 .text.MemManage_Handler
                0x00005a58       0x14 release/./hal/uv_hal/src/uv_utilities.o
                0x00005a58                MemManage_Handler
 .text.BusFault_Handler
                0x00005a6c       0x14 release/./hal/uv_hal/src/uv_utilities.o
                0x00005a6c                BusFault_Handler
 .text.UsageFault_Handler
                0x00005a80       0x14 release/./hal/uv_hal/src/uv_utilities.o
                0x00005a80                UsageFault_Handler
 .text.IntDefaultHandler
                0x00005a94       0x14 release/./hal/uv_hal/src/uv_utilities.o
                0x00005a94                IntDefaultHandler
 .text.calc_crc
                0x00005aa8       0x3c release/./hal/uv_hal/src/uv_memory.o
 .text.uv_memory_load
                0x00005ae4       0x74 release/./hal/uv_hal/src/uv_memory.o
                0x00005ae4                uv_memory_load
 .text.uv_erase_and_write_to_flash
                0x00005b58       0xf8 release/./hal/uv_hal/src/uv_memory.o
                0x00005b58                uv_erase_and_write_to_flash
 .text.uv_memory_save
                0x00005c50       0xe0 release/./hal/uv_hal/src/uv_memory.o
                0x00005c50                uv_memory_save
 .text.__uv_save_previous_non_volatile_data
                0x00005d30       0x34 release/./hal/uv_hal/src/uv_memory.o
                0x00005d30                __uv_save_previous_non_volatile_data
 .text.__uv_load_previous_non_volatile_data
                0x00005d64       0x34 release/./hal/uv_hal/src/uv_memory.o
                0x00005d64                __uv_load_previous_non_volatile_data
 .text.__uv_clear_previous_non_volatile_data
                0x00005d98       0xb0 release/./hal/uv_hal/src/uv_memory.o
                0x00005d98                __uv_clear_previous_non_volatile_data
 .text.uv_set_crc
                0x00005e48       0x10 release/./hal/uv_hal/src/uv_memory.o
                0x00005e48                uv_set_crc
 .text.uv_get_crc
                0x00005e58        0x8 release/./hal/uv_hal/src/uv_memory.o
                0x00005e58                uv_get_crc
 .text.__uv_log_error
                0x00005e60       0x28 release/./hal/uv_hal/src/uv_errors.o
                0x00005e60                __uv_log_error
 .text.uv_rtos_task_delay
                0x00005e88       0x1c release/./hal/uv_hal/src/uv_rtos.o
                0x00005e88                uv_rtos_task_delay
 .text.hal_task
                0x00005ea4       0x1c release/./hal/uv_hal/src/uv_rtos.o
                0x00005ea4                hal_task
 .text.vApplicationStackOverflowHook
                0x00005ec0       0x34 release/./hal/uv_hal/src/uv_rtos.o
                0x00005ec0                vApplicationStackOverflowHook
 .text.uv_init  0x00005ef4       0x54 release/./hal/uv_hal/src/uv_rtos.o
                0x00005ef4                uv_init
 .text.uv_uidisplay_init
                0x00005f48       0x28 release/./hal/uv_hal/src/ui/uv_uidisplay.o
                0x00005f48                uv_uidisplay_init
 .text.uv_uidisplay_step
                0x00005f70       0x20 release/./hal/uv_hal/src/ui/uv_uidisplay.o
                0x00005f70                uv_uidisplay_step
 .text.uv_ui_get_yglobal
                0x00005f90       0x88 release/./hal/uv_hal/src/ui/uv_uiwindow.o
 .text.uv_ui_get_xglobal
                0x00006018       0x88 release/./hal/uv_hal/src/ui/uv_uiwindow.o
 .text.redraw   0x000060a0      0x150 release/./hal/uv_hal/src/ui/uv_uiwindow.o
 .text.uv_uiwindow_step
                0x000061f0       0x68 release/./hal/uv_hal/src/ui/uv_uiwindow.o
                0x000061f0                uv_uiwindow_step
 .text.uv_ui_get_xglobal
                0x00006258       0x88 release/./hal/uv_hal/src/ui/uv_uilabel.o
 .text.uv_ui_get_yglobal
                0x000062e0       0x88 release/./hal/uv_hal/src/ui/uv_uilabel.o
 .text._uv_ui_draw_text
                0x00006368      0x1f4 release/./hal/uv_hal/src/ui/uv_uilabel.o
                0x00006368                _uv_ui_draw_text
 .text.uv_uilabel_step
                0x0000655c       0xe8 release/./hal/uv_hal/src/ui/uv_uilabel.o
                0x0000655c                uv_uilabel_step
 .text.network_node_conf
                0x00006644       0x10 release/./src/network.o
 .text.network_msb_conf
                0x00006654       0x10 release/./src/network.o
                0x00006654                network_msb_conf
 .text.network_csb_conf
                0x00006664       0x10 release/./src/network.o
                0x00006664                network_csb_conf
 .text.network_lkeyp_conf
                0x00006674       0x10 release/./src/network.o
                0x00006674                network_lkeyp_conf
 .text.network_rkeyp_conf
                0x00006684       0x10 release/./src/network.o
                0x00006684                network_rkeyp_conf
 .text.network_ecu_conf
                0x00006694       0x10 release/./src/network.o
                0x00006694                network_ecu_conf
 .text.network_pedal_conf
                0x000066a4       0x10 release/./src/network.o
                0x000066a4                network_pedal_conf
 .text.network_uw181s_conf
                0x000066b4       0x10 release/./src/network.o
                0x000066b4                network_uw181s_conf
 .text.network_uw181smb_conf
                0x000066c4       0x10 release/./src/network.o
                0x000066c4                network_uw181smb_conf
 .text.network_gsm_conf
                0x000066d4       0x10 release/./src/network.o
                0x000066d4                network_gsm_conf
 .text.object_dictionary_size
                0x000066e4        0x4 release/./src/canopen.o
                0x000066e4                object_dictionary_size
 .text.log_entry_get_definition
                0x000066e8       0x34 release/./src/log.o
                0x000066e8                log_entry_get_definition
 .text.log_add  0x0000671c       0x30 release/./src/log.o
                0x0000671c                log_add
 .text.log_get  0x0000674c       0x10 release/./src/log.o
                0x0000674c                log_get
 .text.log_clear
                0x0000675c        0x8 release/./src/log.o
                0x0000675c                log_clear
 .text.emcread_callb
                0x00006764       0x60 release/./src/commands.o
                0x00006764                emcread_callb
 .text.refresh_callb
                0x000067c4       0x20 release/./src/commands.o
                0x000067c4                refresh_callb
 .text.emcwrite_callb
                0x000067e4       0x38 release/./src/commands.o
                0x000067e4                emcwrite_callb
 .text.eepromwrite_callb
                0x0000681c       0x4c release/./src/commands.o
                0x0000681c                eepromwrite_callb
 .text.eepromread_callb
                0x00006868       0x64 release/./src/commands.o
                0x00006868                eepromread_callb
 .text.lcddrawrect_callb
                0x000068cc       0xc8 release/./src/commands.o
                0x000068cc                lcddrawrect_callb
 .text.lcddrawframe_callb
                0x00006994       0xf4 release/./src/commands.o
                0x00006994                lcddrawframe_callb
 .text.lcdbacklight_callb
                0x00006a88       0x38 release/./src/commands.o
                0x00006a88                lcdbacklight_callb
 .text.logclear_callb
                0x00006ac0       0x14 release/./src/commands.o
                0x00006ac0                logclear_callb
 .text.logadd_callb
                0x00006ad4       0x44 release/./src/commands.o
                0x00006ad4                logadd_callb
 .text.logshow_callb
                0x00006b18       0x78 release/./src/commands.o
                0x00006b18                logshow_callb
 .text.alert_callb
                0x00006b90       0x24 release/./src/commands.o
                0x00006b90                alert_callb
 .text.volume_callb
                0x00006bb4       0x30 release/./src/commands.o
                0x00006bb4                volume_callb
 .text.time_callb
                0x00006be4       0x7c release/./src/commands.o
                0x00006be4                time_callb
 .text.commands_count
                0x00006c60        0x4 release/./src/commands.o
                0x00006c60                commands_count
 .text.dspl_step
                0x00006c64       0x58 release/./src/main.o
                0x00006c64                dspl_step
 .text.dspl_init
                0x00006cbc       0xfc release/./src/main.o
                0x00006cbc                dspl_init
 .text.main     0x00006db8       0x50 release/./src/main.o
                0x00006db8                main
 .text.gui_step
                0x00006e08       0xc4 release/./src/gui.o
                0x00006e08                gui_step
 .text.gui_init
                0x00006ecc       0xbc release/./src/gui.o
                0x00006ecc                gui_init
 .text.gui_reset
                0x00006f88       0x14 release/./src/gui.o
                0x00006f88                gui_reset
 .text.gui_set_backlight
                0x00006f9c       0x30 release/./src/gui.o
                0x00006f9c                gui_set_backlight
 .text.alert_init
                0x00006fcc        0x8 release/./src/alert.o
                0x00006fcc                alert_init
 .text.alert_reset
                0x00006fd4       0x10 release/./src/alert.o
                0x00006fd4                alert_reset
 .text.alert_stop
                0x00006fe4       0x20 release/./src/alert.o
                0x00006fe4                alert_stop
 .text.alert_step
                0x00007004      0x1d4 release/./src/alert.o
                0x00007004                alert_step
 .text.alert_play
                0x000071d8      0x130 release/./src/alert.o
                0x000071d8                alert_play
 .text.alert_set_volume
                0x00007308        0xc release/./src/alert.o
                0x00007308                alert_set_volume
 .text.alert_get_volume
                0x00007314        0x4 release/./src/alert.o
                0x00007314                alert_get_volume
 .text.home_init
                0x00007318       0xb4 release/./src/ui/home_screen.o
                0x00007318                home_init
 .text.taskbar_init
                0x000073cc       0xac release/./src/ui/taskbar.o
                0x000073cc                taskbar_init
 .text          0x00007478      0x21c /usr/local/lpcxpresso_7.7.2_379/lpcxpresso/tools/bin/../lib/gcc/arm-none-eabi/5.4.1/armv7-m/libgcc.a(_arm_addsubsf3.o)
                0x00007478                __aeabi_frsub
                0x00007480                __subsf3
                0x00007480                __aeabi_fsub
                0x00007484                __aeabi_fadd
                0x00007484                __addsf3
                0x000075e4                __aeabi_ui2f
                0x000075e4                __floatunsisf
                0x000075ec                __aeabi_i2f
                0x000075ec                __floatsisf
                0x00007608                __floatundisf
                0x00007608                __aeabi_ul2f
                0x00007618                __floatdisf
                0x00007618                __aeabi_l2f
 .text          0x00007694      0x2a0 /usr/local/lpcxpresso_7.7.2_379/lpcxpresso/tools/bin/../lib/gcc/arm-none-eabi/5.4.1/armv7-m/libgcc.a(_arm_muldivsf3.o)
                0x00007694                __mulsf3
                0x00007694                __aeabi_fmul
                0x000077fc                __divsf3
                0x000077fc                __aeabi_fdiv
 .text          0x00007934       0xec /usr/local/lpcxpresso_7.7.2_379/lpcxpresso/tools/bin/../lib/gcc/arm-none-eabi/5.4.1/armv7-m/libgcc.a(_arm_cmpsf2.o)
                0x00007934                __gtsf2
                0x00007934                __gesf2
                0x0000793c                __lesf2
                0x0000793c                __ltsf2
                0x00007944                __nesf2
                0x00007944                __eqsf2
                0x00007944                __cmpsf2
                0x000079a4                __aeabi_cfrcmple
                0x000079ac                __aeabi_cfcmple
                0x000079ac                __aeabi_cfcmpeq
                0x000079bc                __aeabi_fcmpeq
                0x000079d0                __aeabi_fcmplt
                0x000079e4                __aeabi_fcmple
                0x000079f8                __aeabi_fcmpge
                0x00007a0c                __aeabi_fcmpgt
 .text          0x00007a20       0x40 /usr/local/lpcxpresso_7.7.2_379/lpcxpresso/tools/bin/../lib/gcc/arm-none-eabi/5.4.1/armv7-m/libgcc.a(_arm_fixunssfsi.o)
                0x00007a20                __aeabi_f2uiz
                0x00007a20                __fixunssfsi
 .text          0x00007a60       0xec /usr/local/lpcxpresso_7.7.2_379/lpcxpresso/tools/bin/../lib/gcc/arm-none-eabi/5.4.1/../../../../arm-none-eabi/lib/armv7-m/libc.a(lib_a-memcpy.o)
                0x00007a60                memcpy
 .text.memset   0x00007b4c       0x9c /usr/local/lpcxpresso_7.7.2_379/lpcxpresso/tools/bin/../lib/gcc/arm-none-eabi/5.4.1/../../../../arm-none-eabi/lib/armv7-m/libc.a(lib_a-memset.o)
                0x00007b4c                memset
 .text          0x00007be8      0x1bc /usr/local/lpcxpresso_7.7.2_379/lpcxpresso/tools/bin/../lib/gcc/arm-none-eabi/5.4.1/../../../../arm-none-eabi/lib/armv7-m/libc.a(lib_a-strcmp.o)
                0x00007be8                strcmp
 .text.strlen   0x00007da4       0x5c /usr/local/lpcxpresso_7.7.2_379/lpcxpresso/tools/bin/../lib/gcc/arm-none-eabi/5.4.1/../../../../arm-none-eabi/lib/armv7-m/libc.a(lib_a-strlen-stub.o)
                0x00007da4                strlen
 .text._strtol_r
                0x00007e00      0x128 /usr/local/lpcxpresso_7.7.2_379/lpcxpresso/tools/bin/../lib/gcc/arm-none-eabi/5.4.1/../../../../arm-none-eabi/lib/armv7-m/libc.a(lib_a-strtol.o)
                0x00007e00                _strtol_r
 .text.strtol   0x00007f28       0x18 /usr/local/lpcxpresso_7.7.2_379/lpcxpresso/tools/bin/../lib/gcc/arm-none-eabi/5.4.1/../../../../arm-none-eabi/lib/armv7-m/libc.a(lib_a-strtol.o)
                0x00007f28                strtol
 *(.rodata .rodata.* .constdata .constdata.*)
 .rodata.str1.4
                0x00007f40        0x5 release/./hal/uv_hal/freertos/tasks.o
 *fill*         0x00007f45        0x3 ff
 .rodata.str1.4
                0x00007f48       0x10 release/./hal/uv_hal/freertos/timers.o
 .rodata.str1.4
                0x00007f58        0xb release/./hal/uv_hal/src/uv_eeprom.o
 *fill*         0x00007f63        0x1 ff
 .rodata.str1.4
                0x00007f64        0x7 release/./hal/uv_hal/src/printf.o
 *fill*         0x00007f6b        0x1 ff
 .rodata.str1.4
                0x00007f6c      0x436 release/./hal/uv_hal/src/uv_terminal.o
                                0x446 (size before relaxing)
 *fill*         0x000083a2        0x2 ff
 .rodata.common_cmds
                0x000083a4       0x70 release/./hal/uv_hal/src/uv_terminal.o
                0x000083a4                common_cmds
 .rodata.str1.4
                0x00008414       0x6c release/./hal/uv_hal/src/uv_utilities.o
 .rodata.str1.4
                0x00008480       0x3f release/./hal/uv_hal/src/uv_memory.o
 *fill*         0x000084bf        0x1 ff
 .rodata.str1.4
                0x000084c0      0xa67 release/./hal/uv_hal/src/uv_errors.o
 *fill*         0x00008f27        0x1 ff
 .rodata.str1.4
                0x00008f28       0x13 release/./hal/uv_hal/src/uv_rtos.o
 *fill*         0x00008f3b        0x1 ff
 .rodata.uv_uiwindow_styles
                0x00008f3c       0x18 release/./hal/uv_hal/src/ui/uv_ui_styles.o
                0x00008f3c                uv_uiwindow_styles
 .rodata.font_16X26
                0x00008f54        0x8 release/./hal/uv_hal/src/ui/uv_uifonts.o
                0x00008f54                font_16X26
 .rodata.font_16x26
                0x00008f5c     0x3400 release/./hal/uv_hal/src/ui/uv_uifonts.o
                0x00008f5c                font_16x26
 .rodata.str1.4
                0x0000c35c       0x1d release/./src/network.o
 *fill*         0x0000c379        0x3 ff
 .rodata.obj_dict
                0x0000c37c        0x0 release/./src/canopen.o
                0x0000c37c                obj_dict
 .rodata.str1.4
                0x0000c37c       0x3b release/./src/log.o
 *fill*         0x0000c3b7        0x1 ff
 .rodata.log_entry_defs
                0x0000c3b8       0x18 release/./src/log.o
                0x0000c3b8                log_entry_defs
 .rodata.terminal_commands
                0x0000c3d0      0x170 release/./src/commands.o
                0x0000c3d0                terminal_commands
 .rodata.str1.4
                0x0000c540      0xe0d release/./src/commands.o
                                0xe11 (size before relaxing)
 *fill*         0x0000d34d        0x3 ff
 .rodata.str1.4
                0x0000d350       0x15 release/./src/main.o
 *fill*         0x0000d365        0x3 ff
 .rodata.str1.4
                0x0000d368        0x4 release/./src/gui.o
 .rodata.str1.4
                0x0000d36c      0x100 release/./src/ui/home_screen.o
 .rodata.str1.4
                0x0000d46c        0x6 release/./src/ui/taskbar.o
 *fill*         0x0000d472        0x2 ff
 .rodata._ctype_
                0x0000d474      0x101 /usr/local/lpcxpresso_7.7.2_379/lpcxpresso/tools/bin/../lib/gcc/arm-none-eabi/5.4.1/../../../../arm-none-eabi/lib/armv7-m/libc.a(lib_a-ctype_.o)
                0x0000d474                _ctype_
 *fill*         0x0000d575        0x3 ff
 .rodata.str1.4
                0x0000d578        0x4 /usr/local/lpcxpresso_7.7.2_379/lpcxpresso/tools/bin/../lib/gcc/arm-none-eabi/5.4.1/../../../../arm-none-eabi/lib/armv7-m/libc.a(lib_a-impure.o)
                                  0x2 (size before relaxing)
                0x0000d57c                . = ALIGN (0x4)

.glue_7         0x0000d57c        0x0
 .glue_7        0x0000d57c        0x0 linker stubs

.glue_7t        0x0000d57c        0x0
 .glue_7t       0x0000d57c        0x0 linker stubs

.vfp11_veneer   0x0000d57c        0x0
 .vfp11_veneer  0x0000d57c        0x0 linker stubs

.v4_bx          0x0000d57c        0x0
 .v4_bx         0x0000d57c        0x0 linker stubs

.iplt           0x0000d57c        0x0
 .iplt          0x0000d57c        0x0 release/./CMSIS_CORE_LPC177x_8x/src/system_LPC177x_8x.o

.rel.dyn        0x0000d57c        0x0
 .rel.iplt      0x0000d57c        0x0 release/./CMSIS_CORE_LPC177x_8x/src/system_LPC177x_8x.o

.ARM.extab
 *(.ARM.extab* .gnu.linkonce.armextab.*)
                0x0000d57c                __exidx_start = .

.ARM.exidx
 *(.ARM.exidx* .gnu.linkonce.armexidx.*)
                0x0000d57c                __exidx_end = .
                0x0000d57c                _etext = .

.data_RAM2      0x20000000        0x0 load address 0x0000d57c
 FILL mask 0xff
                [!provide]                PROVIDE (__start_data_RAM2, .)
 *(.ramfunc.$RAM2)
 *(.ramfunc.$RamPeriph16)
 *(.data.$RAM2*)
 *(.data.$RamPeriph16*)
                0x20000000                . = ALIGN (0x4)
                [!provide]                PROVIDE (__end_data_RAM2, .)

.uninit_RESERVED
                0x10000080        0x0
 *(.bss.$RESERVED*)
                0x10000080                . = ALIGN (0x4)
                0x10000080                _end_uninit_RESERVED = .

.data           0x10000080      0x454 load address 0x0000d57c
 FILL mask 0xff
                0x10000080                _data = .
 *(vtable)
 *(.ramfunc*)
 *(.data*)
 .data.USBClock
                0x10000080        0x4 release/./CMSIS_CORE_LPC177x_8x/src/system_LPC177x_8x.o
                0x10000080                USBClock
 .data.EMCClock
                0x10000084        0x4 release/./CMSIS_CORE_LPC177x_8x/src/system_LPC177x_8x.o
                0x10000084                EMCClock
 .data.PeripheralClock
                0x10000088        0x4 release/./CMSIS_CORE_LPC177x_8x/src/system_LPC177x_8x.o
                0x10000088                PeripheralClock
 .data.SystemCoreClock
                0x1000008c        0x4 release/./CMSIS_CORE_LPC177x_8x/src/system_LPC177x_8x.o
                0x1000008c                SystemCoreClock
 .data.xFreeBytesRemaining
                0x10000090        0x4 release/./hal/uv_hal/freertos/heap_2.o
 .data.uxCriticalNesting
                0x10000094        0x4 release/./hal/uv_hal/freertos/portable/GCC/ARM_CM3/port.o
 .data.lcd      0x10000098        0x4 release/./hal/uv_hal/src/uv_lcd.o
                0x10000098                lcd
 .data.uv_projname
                0x1000009c        0x4 release/./hal/uv_hal/src/uv_memory.o
                0x1000009c                uv_projname
 .data.uv_datetime
                0x100000a0        0x4 release/./hal/uv_hal/src/uv_memory.o
                0x100000a0                uv_datetime
 .data.__ctype_ptr__
                0x100000a4        0x4 /usr/local/lpcxpresso_7.7.2_379/lpcxpresso/tools/bin/../lib/gcc/arm-none-eabi/5.4.1/../../../../arm-none-eabi/lib/armv7-m/libc.a(lib_a-ctype_.o)
                0x100000a4                __ctype_ptr__
 .data.impure_data
                0x100000a8      0x428 /usr/local/lpcxpresso_7.7.2_379/lpcxpresso/tools/bin/../lib/gcc/arm-none-eabi/5.4.1/../../../../arm-none-eabi/lib/armv7-m/libc.a(lib_a-impure.o)
 .data._impure_ptr
                0x100004d0        0x4 /usr/local/lpcxpresso_7.7.2_379/lpcxpresso/tools/bin/../lib/gcc/arm-none-eabi/5.4.1/../../../../arm-none-eabi/lib/armv7-m/libc.a(lib_a-impure.o)
                0x100004d0                _impure_ptr
                0x100004d4                . = ALIGN (0x4)
                0x100004d4                _edata = .

.igot.plt       0x100004d4        0x0 load address 0x0000d9d0
 .igot.plt      0x100004d4        0x0 release/./CMSIS_CORE_LPC177x_8x/src/system_LPC177x_8x.o

.bss_RAM2       0x20000000        0x0
                [!provide]                PROVIDE (__start_bss_RAM2, .)
 *(.bss.$RAM2*)
 *(.bss.$RamPeriph16*)
                0x20000000                . = ALIGN (0x4)
                [!provide]                PROVIDE (__end_bss_RAM2, .)

.bss            0x100004d8     0x2eb0
                0x100004d8                _bss = .
 *(.bss*)
 .bss.xStart    0x100004d8        0x8 release/./hal/uv_hal/freertos/heap_2.o
 .bss.xHeapHasBeenInitialised.6102
                0x100004e0        0x4 release/./hal/uv_hal/freertos/heap_2.o
 .bss.ucHeap    0x100004e4     0x2710 release/./hal/uv_hal/freertos/heap_2.o
 .bss.xEnd      0x10002bf4        0x8 release/./hal/uv_hal/freertos/heap_2.o
 .bss.xNumOfOverflows
                0x10002bfc        0x4 release/./hal/uv_hal/freertos/tasks.o
 .bss.pxDelayedTaskList
                0x10002c00        0x4 release/./hal/uv_hal/freertos/tasks.o
 .bss.xSchedulerRunning
                0x10002c04        0x4 release/./hal/uv_hal/freertos/tasks.o
 .bss.xTasksWaitingTermination
                0x10002c08       0x14 release/./hal/uv_hal/freertos/tasks.o
 .bss.pxOverflowDelayedTaskList
                0x10002c1c        0x4 release/./hal/uv_hal/freertos/tasks.o
 .bss.uxPendedTicks
                0x10002c20        0x4 release/./hal/uv_hal/freertos/tasks.o
 .bss.pxReadyTasksLists
                0x10002c24       0xa0 release/./hal/uv_hal/freertos/tasks.o
 .bss.uxSchedulerSuspended
                0x10002cc4        0x4 release/./hal/uv_hal/freertos/tasks.o
 .bss.uxDeletedTasksWaitingCleanUp
                0x10002cc8        0x4 release/./hal/uv_hal/freertos/tasks.o
 .bss.uxCurrentNumberOfTasks
                0x10002ccc        0x4 release/./hal/uv_hal/freertos/tasks.o
 .bss.pxCurrentTCB
                0x10002cd0        0x4 release/./hal/uv_hal/freertos/tasks.o
                0x10002cd0                pxCurrentTCB
 .bss.xPendingReadyList
                0x10002cd4       0x14 release/./hal/uv_hal/freertos/tasks.o
 .bss.xIdleTaskHandle
                0x10002ce8        0x4 release/./hal/uv_hal/freertos/tasks.o
 .bss.xTickCount
                0x10002cec        0x4 release/./hal/uv_hal/freertos/tasks.o
 .bss.xNextTaskUnblockTime
                0x10002cf0        0x4 release/./hal/uv_hal/freertos/tasks.o
 .bss.uxTaskNumber
                0x10002cf4        0x4 release/./hal/uv_hal/freertos/tasks.o
 .bss.xDelayedTaskList1
                0x10002cf8       0x14 release/./hal/uv_hal/freertos/tasks.o
 .bss.xDelayedTaskList2
                0x10002d0c       0x14 release/./hal/uv_hal/freertos/tasks.o
 .bss.xSuspendedTaskList
                0x10002d20       0x14 release/./hal/uv_hal/freertos/tasks.o
 .bss.uxTopReadyPriority
                0x10002d34        0x4 release/./hal/uv_hal/freertos/tasks.o
 .bss.xYieldPending
                0x10002d38        0x4 release/./hal/uv_hal/freertos/tasks.o
 .bss.pxCurrentTimerList
                0x10002d3c        0x4 release/./hal/uv_hal/freertos/timers.o
 .bss.xActiveTimerList1
                0x10002d40       0x14 release/./hal/uv_hal/freertos/timers.o
 .bss.xActiveTimerList2
                0x10002d54       0x14 release/./hal/uv_hal/freertos/timers.o
 .bss.xLastTime.6345
                0x10002d68        0x4 release/./hal/uv_hal/freertos/timers.o
 .bss.xTimerQueue
                0x10002d6c        0x4 release/./hal/uv_hal/freertos/timers.o
 .bss.pxOverflowTimerList
                0x10002d70        0x4 release/./hal/uv_hal/freertos/timers.o
 .bss.uart0_rxbuffer
                0x10002d74        0xa release/./hal/uv_hal/src/uv_uart.o
 *fill*         0x10002d7e        0x2 
 .bss._this     0x10002d80       0x90 release/./hal/uv_hal/src/uv_uart.o
 .bss._this     0x10002e10       0x70 release/./hal/uv_hal/src/uv_can.o
 .bss._this     0x10002e80        0x6 release/./hal/uv_hal/src/uv_eeprom.o
 *fill*         0x10002e86        0x2 
 .bss.callback  0x10002e88        0x4 release/./hal/uv_hal/src/uv_gpio.o
 .bss.user_ptr  0x10002e8c        0x4 release/./hal/uv_hal/src/uv_utilities.o
                0x10002e8c                user_ptr
 .bss.last_start
                0x10002e90        0x4 release/./hal/uv_hal/src/uv_memory.o
 .bss.last_end  0x10002e94        0x4 release/./hal/uv_hal/src/uv_memory.o
 .bss.rtos_init
                0x10002e98        0x1 release/./hal/uv_hal/src/uv_rtos.o
                0x10002e98                rtos_init
 *(COMMON)
 *fill*         0x10002e99        0x3 
 COMMON         0x10002e9c       0x50 release/./hal/uv_hal/freertos/queue.o
                0x10002e9c                xQueueRegistry
 COMMON         0x10002eec      0x118 release/./hal/uv_hal/src/uv_terminal.o
                0x10002eec                _terminal
 COMMON         0x10003004        0x4 release/./hal/uv_hal/src/uv_errors.o
                0x10003004                __uv_error
 COMMON         0x10003008      0x380 release/./src/main.o
                0x10003008                dspl
                0x10003388                . = ALIGN (0x4)
                0x10003388                _ebss = .
                [!provide]                PROVIDE (end, .)

.noinit_RAM2    0x20000000        0x0
 *(.noinit.$RAM2*)
 *(.noinit.$RamPeriph16*)
                0x20000000                . = ALIGN (0x4)

.noinit         0x10003388        0x0
                0x10003388                _noinit = .
 *(.noinit*)
                0x10003388                . = ALIGN (0x4)
                0x10003388                _end_noinit = .
                [!provide]                PROVIDE (_pvHeapStart, DEFINED (__user_heap_base)?__user_heap_base:.)
                0x1000ff60                PROVIDE (_vStackTop, DEFINED (__user_stack_top)?__user_stack_top:(__top_RamLoc64 - 0x0))
OUTPUT(release/display.axf elf32-littlearm)

.debug_info     0x00000000    0x1dc52
 .debug_info    0x00000000      0x3ef release/./CMSIS_CORE_LPC177x_8x/src/system_LPC177x_8x.o
 .debug_info    0x000003ef      0x360 release/./hal/uv_hal/freertos/heap_2.o
 .debug_info    0x0000074f     0x24f9 release/./hal/uv_hal/freertos/tasks.o
 .debug_info    0x00002c48      0xf26 release/./hal/uv_hal/freertos/timers.o
 .debug_info    0x00003b6e      0x2d0 release/./hal/uv_hal/freertos/list.o
 .debug_info    0x00003e3e     0x169f release/./hal/uv_hal/freertos/queue.o
 .debug_info    0x000054dd      0x33d release/./hal/uv_hal/freertos/portable/GCC/ARM_CM3/port.o
 .debug_info    0x0000581a     0x198f release/./hal/uv_hal/src/uv_uart.o
 .debug_info    0x000071a9      0x8b9 release/./hal/uv_hal/src/uv_can.o
 .debug_info    0x00007a62      0x8b6 release/./hal/uv_hal/src/uv_eeprom.o
 .debug_info    0x00008318      0x629 release/./hal/uv_hal/src/printf.o
 .debug_info    0x00008941     0x198a release/./hal/uv_hal/src/uv_canopen.o
 .debug_info    0x0000a2cb      0x7f6 release/./hal/uv_hal/src/uv_rtc.o
 .debug_info    0x0000aac1     0x11be release/./hal/uv_hal/src/uv_emc.o
 .debug_info    0x0000bc7f      0x924 release/./hal/uv_hal/src/uv_gpio.o
 .debug_info    0x0000c5a3      0xea3 release/./hal/uv_hal/src/uv_pwm.o
 .debug_info    0x0000d446      0x1ca release/./hal/uv_hal/src/uv_stdout.o
 .debug_info    0x0000d610     0x147a release/./hal/uv_hal/src/uv_lcd.o
 .debug_info    0x0000ea8a      0x60b release/./hal/uv_hal/src/uv_reset.o
 .debug_info    0x0000f095     0x1041 release/./hal/uv_hal/src/uv_adc.o
 .debug_info    0x000100d6      0xd16 release/./hal/uv_hal/src/uv_terminal.o
 .debug_info    0x00010dec      0xf49 release/./hal/uv_hal/src/uv_utilities.o
 .debug_info    0x00011d35      0xc15 release/./hal/uv_hal/src/uv_memory.o
 .debug_info    0x0001294a      0x136 release/./hal/uv_hal/src/uv_errors.o
 .debug_info    0x00012a80      0x831 release/./hal/uv_hal/src/uv_rtos.o
 .debug_info    0x000132b1      0x250 release/./hal/uv_hal/src/ui/uv_ui_styles.o
 .debug_info    0x00013501      0x521 release/./hal/uv_hal/src/ui/uv_uidisplay.o
 .debug_info    0x00013a22      0xb1c release/./hal/uv_hal/src/ui/uv_uiwindow.o
 .debug_info    0x0001453e      0x209 release/./hal/uv_hal/src/ui/uv_uifonts.o
 .debug_info    0x00014747      0xc62 release/./hal/uv_hal/src/ui/uv_uilabel.o
 .debug_info    0x000153a9     0x11a9 release/./src/network.o
 .debug_info    0x00016552      0x218 release/./src/canopen.o
 .debug_info    0x0001676a      0x3ba release/./src/log.o
 .debug_info    0x00016b24     0x1c68 release/./src/commands.o
 .debug_info    0x0001878c      0x297 release/./src/cr_startup_lpc177x_8x.o
 .debug_info    0x00018a23     0x2055 release/./src/main.o
 .debug_info    0x0001aa78     0x1605 release/./src/gui.o
 .debug_info    0x0001c07d      0x81d release/./src/alert.o
 .debug_info    0x0001c89a      0x96f release/./src/ui/home_screen.o
 .debug_info    0x0001d209      0xa49 release/./src/ui/taskbar.o

.debug_abbrev   0x00000000     0x51e9
 .debug_abbrev  0x00000000       0xce release/./CMSIS_CORE_LPC177x_8x/src/system_LPC177x_8x.o
 .debug_abbrev  0x000000ce      0x1b8 release/./hal/uv_hal/freertos/heap_2.o
 .debug_abbrev  0x00000286      0x332 release/./hal/uv_hal/freertos/tasks.o
 .debug_abbrev  0x000005b8      0x268 release/./hal/uv_hal/freertos/timers.o
 .debug_abbrev  0x00000820       0xf9 release/./hal/uv_hal/freertos/list.o
 .debug_abbrev  0x00000919      0x2a7 release/./hal/uv_hal/freertos/queue.o
 .debug_abbrev  0x00000bc0      0x206 release/./hal/uv_hal/freertos/portable/GCC/ARM_CM3/port.o
 .debug_abbrev  0x00000dc6      0x35a release/./hal/uv_hal/src/uv_uart.o
 .debug_abbrev  0x00001120      0x224 release/./hal/uv_hal/src/uv_can.o
 .debug_abbrev  0x00001344      0x24f release/./hal/uv_hal/src/uv_eeprom.o
 .debug_abbrev  0x00001593      0x1bc release/./hal/uv_hal/src/printf.o
 .debug_abbrev  0x0000174f      0x419 release/./hal/uv_hal/src/uv_canopen.o
 .debug_abbrev  0x00001b68      0x150 release/./hal/uv_hal/src/uv_rtc.o
 .debug_abbrev  0x00001cb8      0x17e release/./hal/uv_hal/src/uv_emc.o
 .debug_abbrev  0x00001e36      0x1f7 release/./hal/uv_hal/src/uv_gpio.o
 .debug_abbrev  0x0000202d      0x12d release/./hal/uv_hal/src/uv_pwm.o
 .debug_abbrev  0x0000215a      0x154 release/./hal/uv_hal/src/uv_stdout.o
 .debug_abbrev  0x000022ae      0x295 release/./hal/uv_hal/src/uv_lcd.o
 .debug_abbrev  0x00002543      0x186 release/./hal/uv_hal/src/uv_reset.o
 .debug_abbrev  0x000026c9      0x1b4 release/./hal/uv_hal/src/uv_adc.o
 .debug_abbrev  0x0000287d      0x2d4 release/./hal/uv_hal/src/uv_terminal.o
 .debug_abbrev  0x00002b51      0x2e9 release/./hal/uv_hal/src/uv_utilities.o
 .debug_abbrev  0x00002e3a      0x2ec release/./hal/uv_hal/src/uv_memory.o
 .debug_abbrev  0x00003126       0xcb release/./hal/uv_hal/src/uv_errors.o
 .debug_abbrev  0x000031f1      0x24e release/./hal/uv_hal/src/uv_rtos.o
 .debug_abbrev  0x0000343f       0xe4 release/./hal/uv_hal/src/ui/uv_ui_styles.o
 .debug_abbrev  0x00003523      0x1f1 release/./hal/uv_hal/src/ui/uv_uidisplay.o
 .debug_abbrev  0x00003714      0x221 release/./hal/uv_hal/src/ui/uv_uiwindow.o
 .debug_abbrev  0x00003935       0xd3 release/./hal/uv_hal/src/ui/uv_uifonts.o
 .debug_abbrev  0x00003a08      0x27c release/./hal/uv_hal/src/ui/uv_uilabel.o
 .debug_abbrev  0x00003c84      0x245 release/./src/network.o
 .debug_abbrev  0x00003ec9      0x11d release/./src/canopen.o
 .debug_abbrev  0x00003fe6      0x17c release/./src/log.o
 .debug_abbrev  0x00004162      0x380 release/./src/commands.o
 .debug_abbrev  0x000044e2      0x114 release/./src/cr_startup_lpc177x_8x.o
 .debug_abbrev  0x000045f6      0x34f release/./src/main.o
 .debug_abbrev  0x00004945      0x312 release/./src/gui.o
 .debug_abbrev  0x00004c57      0x213 release/./src/alert.o
 .debug_abbrev  0x00004e6a      0x1bb release/./src/ui/home_screen.o
 .debug_abbrev  0x00005025      0x1c4 release/./src/ui/taskbar.o

.debug_aranges  0x00000000      0xda8
 .debug_aranges
                0x00000000       0x28 release/./CMSIS_CORE_LPC177x_8x/src/system_LPC177x_8x.o
 .debug_aranges
                0x00000028       0x40 release/./hal/uv_hal/freertos/heap_2.o
 .debug_aranges
                0x00000068      0x1d8 release/./hal/uv_hal/freertos/tasks.o
 .debug_aranges
                0x00000240       0x98 release/./hal/uv_hal/freertos/timers.o
 .debug_aranges
                0x000002d8       0x40 release/./hal/uv_hal/freertos/list.o
 .debug_aranges
                0x00000318      0x110 release/./hal/uv_hal/freertos/queue.o
 .debug_aranges
                0x00000428       0x70 release/./hal/uv_hal/freertos/portable/GCC/ARM_CM3/port.o
 .debug_aranges
                0x00000498       0x68 release/./hal/uv_hal/src/uv_uart.o
 .debug_aranges
                0x00000500       0x60 release/./hal/uv_hal/src/uv_can.o
 .debug_aranges
                0x00000560       0x60 release/./hal/uv_hal/src/uv_eeprom.o
 .debug_aranges
                0x000005c0       0x50 release/./hal/uv_hal/src/printf.o
 .debug_aranges
                0x00000610       0x88 release/./hal/uv_hal/src/uv_canopen.o
 .debug_aranges
                0x00000698       0x30 release/./hal/uv_hal/src/uv_rtc.o
 .debug_aranges
                0x000006c8       0x20 release/./hal/uv_hal/src/uv_emc.o
 .debug_aranges
                0x000006e8       0x28 release/./hal/uv_hal/src/uv_gpio.o
 .debug_aranges
                0x00000710       0x20 release/./hal/uv_hal/src/uv_pwm.o
 .debug_aranges
                0x00000730       0x30 release/./hal/uv_hal/src/uv_stdout.o
 .debug_aranges
                0x00000760       0x50 release/./hal/uv_hal/src/uv_lcd.o
 .debug_aranges
                0x000007b0       0x28 release/./hal/uv_hal/src/uv_reset.o
 .debug_aranges
                0x000007d8       0x30 release/./hal/uv_hal/src/uv_adc.o
 .debug_aranges
                0x00000808       0x70 release/./hal/uv_hal/src/uv_terminal.o
 .debug_aranges
                0x00000878       0xb8 release/./hal/uv_hal/src/uv_utilities.o
 .debug_aranges
                0x00000930       0x70 release/./hal/uv_hal/src/uv_memory.o
 .debug_aranges
                0x000009a0       0x20 release/./hal/uv_hal/src/uv_errors.o
 .debug_aranges
                0x000009c0       0x50 release/./hal/uv_hal/src/uv_rtos.o
 .debug_aranges
                0x00000a10       0x18 release/./hal/uv_hal/src/ui/uv_ui_styles.o
 .debug_aranges
                0x00000a28       0x28 release/./hal/uv_hal/src/ui/uv_uidisplay.o
 .debug_aranges
                0x00000a50       0x38 release/./hal/uv_hal/src/ui/uv_uiwindow.o
 .debug_aranges
                0x00000a88       0x18 release/./hal/uv_hal/src/ui/uv_uifonts.o
 .debug_aranges
                0x00000aa0       0x38 release/./hal/uv_hal/src/ui/uv_uilabel.o
 .debug_aranges
                0x00000ad8       0x70 release/./src/network.o
 .debug_aranges
                0x00000b48       0x20 release/./src/canopen.o
 .debug_aranges
                0x00000b68       0x38 release/./src/log.o
 .debug_aranges
                0x00000ba0       0x90 release/./src/commands.o
 .debug_aranges
                0x00000c30       0x80 release/./src/cr_startup_lpc177x_8x.o
 .debug_aranges
                0x00000cb0       0x30 release/./src/main.o
 .debug_aranges
                0x00000ce0       0x38 release/./src/gui.o
 .debug_aranges
                0x00000d18       0x50 release/./src/alert.o
 .debug_aranges
                0x00000d68       0x20 release/./src/ui/home_screen.o
 .debug_aranges
                0x00000d88       0x20 release/./src/ui/taskbar.o

.debug_ranges   0x00000000      0xc38
 .debug_ranges  0x00000000       0x18 release/./CMSIS_CORE_LPC177x_8x/src/system_LPC177x_8x.o
 .debug_ranges  0x00000018       0x30 release/./hal/uv_hal/freertos/heap_2.o
 .debug_ranges  0x00000048      0x200 release/./hal/uv_hal/freertos/tasks.o
 .debug_ranges  0x00000248       0x88 release/./hal/uv_hal/freertos/timers.o
 .debug_ranges  0x000002d0       0x30 release/./hal/uv_hal/freertos/list.o
 .debug_ranges  0x00000300      0x100 release/./hal/uv_hal/freertos/queue.o
 .debug_ranges  0x00000400       0x60 release/./hal/uv_hal/freertos/portable/GCC/ARM_CM3/port.o
 .debug_ranges  0x00000460       0x58 release/./hal/uv_hal/src/uv_uart.o
 .debug_ranges  0x000004b8       0x50 release/./hal/uv_hal/src/uv_can.o
 .debug_ranges  0x00000508       0x68 release/./hal/uv_hal/src/uv_eeprom.o
 .debug_ranges  0x00000570       0x60 release/./hal/uv_hal/src/printf.o
 .debug_ranges  0x000005d0       0xf0 release/./hal/uv_hal/src/uv_canopen.o
 .debug_ranges  0x000006c0       0x20 release/./hal/uv_hal/src/uv_rtc.o
 .debug_ranges  0x000006e0       0x10 release/./hal/uv_hal/src/uv_emc.o
 .debug_ranges  0x000006f0       0x18 release/./hal/uv_hal/src/uv_gpio.o
 .debug_ranges  0x00000708       0x10 release/./hal/uv_hal/src/uv_pwm.o
 .debug_ranges  0x00000718       0x20 release/./hal/uv_hal/src/uv_stdout.o
 .debug_ranges  0x00000738       0x40 release/./hal/uv_hal/src/uv_lcd.o
 .debug_ranges  0x00000778       0x18 release/./hal/uv_hal/src/uv_reset.o
 .debug_ranges  0x00000790       0x20 release/./hal/uv_hal/src/uv_adc.o
 .debug_ranges  0x000007b0       0x60 release/./hal/uv_hal/src/uv_terminal.o
 .debug_ranges  0x00000810       0xa8 release/./hal/uv_hal/src/uv_utilities.o
 .debug_ranges  0x000008b8       0x60 release/./hal/uv_hal/src/uv_memory.o
 .debug_ranges  0x00000918       0x10 release/./hal/uv_hal/src/uv_errors.o
 .debug_ranges  0x00000928       0x40 release/./hal/uv_hal/src/uv_rtos.o
 .debug_ranges  0x00000968       0x18 release/./hal/uv_hal/src/ui/uv_uidisplay.o
 .debug_ranges  0x00000980       0x28 release/./hal/uv_hal/src/ui/uv_uiwindow.o
 .debug_ranges  0x000009a8       0x60 release/./hal/uv_hal/src/ui/uv_uilabel.o
 .debug_ranges  0x00000a08       0x60 release/./src/network.o
 .debug_ranges  0x00000a68       0x10 release/./src/canopen.o
 .debug_ranges  0x00000a78       0x28 release/./src/log.o
 .debug_ranges  0x00000aa0       0x80 release/./src/commands.o
 .debug_ranges  0x00000b20       0x70 release/./src/cr_startup_lpc177x_8x.o
 .debug_ranges  0x00000b90       0x20 release/./src/main.o
 .debug_ranges  0x00000bb0       0x28 release/./src/gui.o
 .debug_ranges  0x00000bd8       0x40 release/./src/alert.o
 .debug_ranges  0x00000c18       0x10 release/./src/ui/home_screen.o
 .debug_ranges  0x00000c28       0x10 release/./src/ui/taskbar.o

.debug_macro    0x00000000     0xd08f
 .debug_macro   0x00000000      0x157 release/./CMSIS_CORE_LPC177x_8x/src/system_LPC177x_8x.o
 .debug_macro   0x00000157      0x88c release/./CMSIS_CORE_LPC177x_8x/src/system_LPC177x_8x.o
 .debug_macro   0x000009e3       0x22 release/./CMSIS_CORE_LPC177x_8x/src/system_LPC177x_8x.o
 .debug_macro   0x00000a05       0x87 release/./CMSIS_CORE_LPC177x_8x/src/system_LPC177x_8x.o
 .debug_macro   0x00000a8c       0x44 release/./CMSIS_CORE_LPC177x_8x/src/system_LPC177x_8x.o
 .debug_macro   0x00000ad0       0xfd release/./CMSIS_CORE_LPC177x_8x/src/system_LPC177x_8x.o
 .debug_macro   0x00000bcd       0x5e release/./CMSIS_CORE_LPC177x_8x/src/system_LPC177x_8x.o
 .debug_macro   0x00000c2b      0x1df release/./CMSIS_CORE_LPC177x_8x/src/system_LPC177x_8x.o
 .debug_macro   0x00000e0a       0x1c release/./CMSIS_CORE_LPC177x_8x/src/system_LPC177x_8x.o
 .debug_macro   0x00000e26       0x3a release/./CMSIS_CORE_LPC177x_8x/src/system_LPC177x_8x.o
 .debug_macro   0x00000e60       0x2d release/./CMSIS_CORE_LPC177x_8x/src/system_LPC177x_8x.o
 .debug_macro   0x00000e8d      0xbb1 release/./CMSIS_CORE_LPC177x_8x/src/system_LPC177x_8x.o
 .debug_macro   0x00001a3e       0x28 release/./CMSIS_CORE_LPC177x_8x/src/system_LPC177x_8x.o
 .debug_macro   0x00001a66      0x330 release/./CMSIS_CORE_LPC177x_8x/src/system_LPC177x_8x.o
 .debug_macro   0x00001d96      0x1f3 release/./hal/uv_hal/freertos/heap_2.o
 .debug_macro   0x00001f89       0x4c release/./hal/uv_hal/freertos/heap_2.o
 .debug_macro   0x00001fd5       0x8d release/./hal/uv_hal/freertos/heap_2.o
 .debug_macro   0x00002062       0x35 release/./hal/uv_hal/freertos/heap_2.o
 .debug_macro   0x00002097       0x9c release/./hal/uv_hal/freertos/heap_2.o
 .debug_macro   0x00002133       0x16 release/./hal/uv_hal/freertos/heap_2.o
 .debug_macro   0x00002149      0x10e release/./hal/uv_hal/freertos/heap_2.o
 .debug_macro   0x00002257       0x8d release/./hal/uv_hal/freertos/heap_2.o
 .debug_macro   0x000022e4       0x4a release/./hal/uv_hal/freertos/heap_2.o
 .debug_macro   0x0000232e       0x52 release/./hal/uv_hal/freertos/heap_2.o
 .debug_macro   0x00002380       0x1f release/./hal/uv_hal/freertos/heap_2.o
 .debug_macro   0x0000239f       0x43 release/./hal/uv_hal/freertos/heap_2.o
 .debug_macro   0x000023e2       0x20 release/./hal/uv_hal/freertos/heap_2.o
 .debug_macro   0x00002402      0x187 release/./hal/uv_hal/freertos/heap_2.o
 .debug_macro   0x00002589      0x30d release/./hal/uv_hal/freertos/heap_2.o
 .debug_macro   0x00002896       0x16 release/./hal/uv_hal/freertos/heap_2.o
 .debug_macro   0x000028ac       0x29 release/./hal/uv_hal/freertos/heap_2.o
 .debug_macro   0x000028d5      0xac0 release/./hal/uv_hal/freertos/heap_2.o
 .debug_macro   0x00003395      0x112 release/./hal/uv_hal/freertos/heap_2.o
 .debug_macro   0x000034a7      0x164 release/./hal/uv_hal/freertos/heap_2.o
 .debug_macro   0x0000360b       0xe4 release/./hal/uv_hal/freertos/heap_2.o
 .debug_macro   0x000036ef       0x10 release/./hal/uv_hal/freertos/heap_2.o
 .debug_macro   0x000036ff       0x1f release/./hal/uv_hal/freertos/heap_2.o
 .debug_macro   0x0000371e      0x3e6 release/./hal/uv_hal/freertos/heap_2.o
 .debug_macro   0x00003b04       0xc0 release/./hal/uv_hal/freertos/heap_2.o
 .debug_macro   0x00003bc4       0x9a release/./hal/uv_hal/freertos/heap_2.o
 .debug_macro   0x00003c5e      0x297 release/./hal/uv_hal/freertos/tasks.o
 .debug_macro   0x00003ef5       0x16 release/./hal/uv_hal/freertos/tasks.o
 .debug_macro   0x00003f0b       0x35 release/./hal/uv_hal/freertos/tasks.o
 .debug_macro   0x00003f40       0x98 release/./hal/uv_hal/freertos/tasks.o
 .debug_macro   0x00003fd8       0x10 release/./hal/uv_hal/freertos/tasks.o
 .debug_macro   0x00003fe8      0x202 release/./hal/uv_hal/freertos/timers.o
 .debug_macro   0x000041ea       0x94 release/./hal/uv_hal/freertos/timers.o
 .debug_macro   0x0000427e      0x1c5 release/./hal/uv_hal/freertos/list.o
 .debug_macro   0x00004443      0x244 release/./hal/uv_hal/freertos/queue.o
 .debug_macro   0x00004687      0x1ba release/./hal/uv_hal/freertos/portable/GCC/ARM_CM3/port.o
 .debug_macro   0x00004841      0x2fd release/./hal/uv_hal/src/uv_uart.o
 .debug_macro   0x00004b3e       0x22 release/./hal/uv_hal/src/uv_uart.o
 .debug_macro   0x00004b60       0x50 release/./hal/uv_hal/src/uv_uart.o
 .debug_macro   0x00004bb0       0x52 release/./hal/uv_hal/src/uv_uart.o
 .debug_macro   0x00004c02       0x1c release/./hal/uv_hal/src/uv_uart.o
 .debug_macro   0x00004c1e       0x10 release/./hal/uv_hal/src/uv_uart.o
 .debug_macro   0x00004c2e       0x10 release/./hal/uv_hal/src/uv_uart.o
 .debug_macro   0x00004c3e       0x1c release/./hal/uv_hal/src/uv_uart.o
 .debug_macro   0x00004c5a       0x52 release/./hal/uv_hal/src/uv_uart.o
 .debug_macro   0x00004cac       0x40 release/./hal/uv_hal/src/uv_uart.o
 .debug_macro   0x00004cec       0x10 release/./hal/uv_hal/src/uv_uart.o
 .debug_macro   0x00004cfc       0x40 release/./hal/uv_hal/src/uv_uart.o
 .debug_macro   0x00004d3c       0xd7 release/./hal/uv_hal/src/uv_uart.o
 .debug_macro   0x00004e13       0x16 release/./hal/uv_hal/src/uv_uart.o
 .debug_macro   0x00004e29      0x189 release/./hal/uv_hal/src/uv_uart.o
 .debug_macro   0x00004fb2       0x16 release/./hal/uv_hal/src/uv_uart.o
 .debug_macro   0x00004fc8       0x52 release/./hal/uv_hal/src/uv_uart.o
 .debug_macro   0x0000501a       0x1c release/./hal/uv_hal/src/uv_uart.o
 .debug_macro   0x00005036      0x273 release/./hal/uv_hal/src/uv_uart.o
 .debug_macro   0x000052a9      0x118 release/./hal/uv_hal/src/uv_uart.o
 .debug_macro   0x000053c1       0x78 release/./hal/uv_hal/src/uv_uart.o
 .debug_macro   0x00005439       0x34 release/./hal/uv_hal/src/uv_uart.o
 .debug_macro   0x0000546d      0x306 release/./hal/uv_hal/src/uv_can.o
 .debug_macro   0x00005773       0x9e release/./hal/uv_hal/src/uv_can.o
 .debug_macro   0x00005811      0x231 release/./hal/uv_hal/src/uv_eeprom.o
 .debug_macro   0x00005a42       0x10 release/./hal/uv_hal/src/uv_eeprom.o
 .debug_macro   0x00005a52      0x16a release/./hal/uv_hal/src/printf.o
 .debug_macro   0x00005bbc       0x58 release/./hal/uv_hal/src/printf.o
 .debug_macro   0x00005c14      0x2e1 release/./hal/uv_hal/src/uv_canopen.o
 .debug_macro   0x00005ef5      0x226 release/./hal/uv_hal/src/uv_rtc.o
 .debug_macro   0x0000611b      0x277 release/./hal/uv_hal/src/uv_emc.o
 .debug_macro   0x00006392      0xdb8 release/./hal/uv_hal/src/uv_emc.o
 .debug_macro   0x0000714a       0x34 release/./hal/uv_hal/src/uv_emc.o
 .debug_macro   0x0000717e       0x52 release/./hal/uv_hal/src/uv_emc.o
 .debug_macro   0x000071d0       0x1c release/./hal/uv_hal/src/uv_emc.o
 .debug_macro   0x000071ec      0x246 release/./hal/uv_hal/src/uv_gpio.o
 .debug_macro   0x00007432      0xdb2 release/./hal/uv_hal/src/uv_gpio.o
 .debug_macro   0x000081e4      0x22b release/./hal/uv_hal/src/uv_pwm.o
 .debug_macro   0x0000840f       0x24 release/./hal/uv_hal/src/uv_pwm.o
 .debug_macro   0x00008433      0x171 release/./hal/uv_hal/src/uv_stdout.o
 .debug_macro   0x000085a4      0x28e release/./hal/uv_hal/src/uv_lcd.o
 .debug_macro   0x00008832       0x66 release/./hal/uv_hal/src/uv_lcd.o
 .debug_macro   0x00008898       0x76 release/./hal/uv_hal/src/uv_lcd.o
 .debug_macro   0x0000890e       0xc4 release/./hal/uv_hal/src/uv_reset.o
 .debug_macro   0x000089d2      0x218 release/./hal/uv_hal/src/uv_adc.o
 .debug_macro   0x00008bea       0x70 release/./hal/uv_hal/src/uv_adc.o
 .debug_macro   0x00008c5a      0x349 release/./hal/uv_hal/src/uv_terminal.o
 .debug_macro   0x00008fa3       0x10 release/./hal/uv_hal/src/uv_terminal.o
 .debug_macro   0x00008fb3      0x25b release/./hal/uv_hal/src/uv_utilities.o
 .debug_macro   0x0000920e       0x4c release/./hal/uv_hal/src/uv_utilities.o
 .debug_macro   0x0000925a      0x344 release/./hal/uv_hal/src/uv_memory.o
 .debug_macro   0x0000959e       0x10 release/./hal/uv_hal/src/uv_memory.o
 .debug_macro   0x000095ae      0x190 release/./hal/uv_hal/src/uv_errors.o
 .debug_macro   0x0000973e       0x4a release/./hal/uv_hal/src/uv_errors.o
 .debug_macro   0x00009788      0x327 release/./hal/uv_hal/src/uv_rtos.o
 .debug_macro   0x00009aaf       0x2a release/./hal/uv_hal/src/uv_rtos.o
 .debug_macro   0x00009ad9       0x16 release/./hal/uv_hal/src/uv_rtos.o
 .debug_macro   0x00009aef      0x259 release/./hal/uv_hal/src/ui/uv_ui_styles.o
 .debug_macro   0x00009d48       0x1c release/./hal/uv_hal/src/ui/uv_ui_styles.o
 .debug_macro   0x00009d64       0x34 release/./hal/uv_hal/src/ui/uv_ui_styles.o
 .debug_macro   0x00009d98      0x276 release/./hal/uv_hal/src/ui/uv_uidisplay.o
 .debug_macro   0x0000a00e      0x26c release/./hal/uv_hal/src/ui/uv_uiwindow.o
 .debug_macro   0x0000a27a      0x274 release/./hal/uv_hal/src/ui/uv_uifonts.o
 .debug_macro   0x0000a4ee       0x10 release/./hal/uv_hal/src/ui/uv_uifonts.o
 .debug_macro   0x0000a4fe      0x844 release/./hal/uv_hal/src/ui/uv_uifonts.o
 .debug_macro   0x0000ad42      0x2bd release/./hal/uv_hal/src/ui/uv_uilabel.o
 .debug_macro   0x0000afff      0x38f release/./src/network.o
 .debug_macro   0x0000b38e       0x6c release/./src/network.o
 .debug_macro   0x0000b3fa       0x22 release/./src/network.o
 .debug_macro   0x0000b41c       0x10 release/./src/network.o
 .debug_macro   0x0000b42c       0x10 release/./src/network.o
 .debug_macro   0x0000b43c       0x1c release/./src/network.o
 .debug_macro   0x0000b458       0x16 release/./src/network.o
 .debug_macro   0x0000b46e      0x344 release/./src/canopen.o
 .debug_macro   0x0000b7b2      0x269 release/./src/log.o
 .debug_macro   0x0000ba1b       0x16 release/./src/log.o
 .debug_macro   0x0000ba31       0x10 release/./src/log.o
 .debug_macro   0x0000ba41       0x41 release/./src/log.o
 .debug_macro   0x0000ba82      0x3f0 release/./src/commands.o
 .debug_macro   0x0000be72       0x10 release/./src/commands.o
 .debug_macro   0x0000be82       0x22 release/./src/commands.o
 .debug_macro   0x0000bea4       0xa4 release/./src/commands.o
 .debug_macro   0x0000bf48       0x1d release/./src/cr_startup_lpc177x_8x.o
 .debug_macro   0x0000bf65      0x4c0 release/./src/main.o
 .debug_macro   0x0000c425       0x82 release/./src/main.o
 .debug_macro   0x0000c4a7       0x28 release/./src/main.o
 .debug_macro   0x0000c4cf      0x3eb release/./src/gui.o
 .debug_macro   0x0000c8ba      0x275 release/./src/alert.o
 .debug_macro   0x0000cb2f      0x2b0 release/./src/ui/home_screen.o
 .debug_macro   0x0000cddf      0x2b0 release/./src/ui/taskbar.o

.debug_line     0x00000000     0xd256
 .debug_line    0x00000000      0x2c2 release/./CMSIS_CORE_LPC177x_8x/src/system_LPC177x_8x.o
 .debug_line    0x000002c2      0x487 release/./hal/uv_hal/freertos/heap_2.o
 .debug_line    0x00000749      0xcda release/./hal/uv_hal/freertos/tasks.o
 .debug_line    0x00001423      0x5d6 release/./hal/uv_hal/freertos/timers.o
 .debug_line    0x000019f9      0x450 release/./hal/uv_hal/freertos/list.o
 .debug_line    0x00001e49      0x840 release/./hal/uv_hal/freertos/queue.o
 .debug_line    0x00002689      0x435 release/./hal/uv_hal/freertos/portable/GCC/ARM_CM3/port.o
 .debug_line    0x00002abe      0x64e release/./hal/uv_hal/src/uv_uart.o
 .debug_line    0x0000310c      0x5cb release/./hal/uv_hal/src/uv_can.o
 .debug_line    0x000036d7      0x599 release/./hal/uv_hal/src/uv_eeprom.o
 .debug_line    0x00003c70      0x45a release/./hal/uv_hal/src/printf.o
 .debug_line    0x000040ca      0x6ab release/./hal/uv_hal/src/uv_canopen.o
 .debug_line    0x00004775      0x409 release/./hal/uv_hal/src/uv_rtc.o
 .debug_line    0x00004b7e      0x48a release/./hal/uv_hal/src/uv_emc.o
 .debug_line    0x00005008      0x43f release/./hal/uv_hal/src/uv_gpio.o
 .debug_line    0x00005447      0x3f0 release/./hal/uv_hal/src/uv_pwm.o
 .debug_line    0x00005837      0x400 release/./hal/uv_hal/src/uv_stdout.o
 .debug_line    0x00005c37      0x530 release/./hal/uv_hal/src/uv_lcd.o
 .debug_line    0x00006167      0x2cc release/./hal/uv_hal/src/uv_reset.o
 .debug_line    0x00006433      0x41f release/./hal/uv_hal/src/uv_adc.o
 .debug_line    0x00006852      0x6fb release/./hal/uv_hal/src/uv_terminal.o
 .debug_line    0x00006f4d      0x601 release/./hal/uv_hal/src/uv_utilities.o
 .debug_line    0x0000754e      0x725 release/./hal/uv_hal/src/uv_memory.o
 .debug_line    0x00007c73      0x307 release/./hal/uv_hal/src/uv_errors.o
 .debug_line    0x00007f7a      0x5e2 release/./hal/uv_hal/src/uv_rtos.o
 .debug_line    0x0000855c      0x407 release/./hal/uv_hal/src/ui/uv_ui_styles.o
 .debug_line    0x00008963      0x478 release/./hal/uv_hal/src/ui/uv_uidisplay.o
 .debug_line    0x00008ddb      0x535 release/./hal/uv_hal/src/ui/uv_uiwindow.o
 .debug_line    0x00009310      0x430 release/./hal/uv_hal/src/ui/uv_uifonts.o
 .debug_line    0x00009740      0x5a3 release/./hal/uv_hal/src/ui/uv_uilabel.o
 .debug_line    0x00009ce3      0x607 release/./src/network.o
 .debug_line    0x0000a2ea      0x533 release/./src/canopen.o
 .debug_line    0x0000a81d      0x441 release/./src/log.o
 .debug_line    0x0000ac5e      0x794 release/./src/commands.o
 .debug_line    0x0000b3f2       0xa0 release/./src/cr_startup_lpc177x_8x.o
 .debug_line    0x0000b492      0x7ac release/./src/main.o
 .debug_line    0x0000bc3e      0x6c5 release/./src/gui.o
 .debug_line    0x0000c303      0x57a release/./src/alert.o
 .debug_line    0x0000c87d      0x4f6 release/./src/ui/home_screen.o
 .debug_line    0x0000cd73      0x4e3 release/./src/ui/taskbar.o

.debug_str      0x00000000    0x25f8e
 .debug_str     0x00000000     0x9328 release/./CMSIS_CORE_LPC177x_8x/src/system_LPC177x_8x.o
                               0x94b0 (size before relaxing)
 .debug_str     0x00009328     0x9c46 release/./hal/uv_hal/freertos/heap_2.o
                              0x12cd2 (size before relaxing)
 .debug_str     0x00012f6e     0x1ee8 release/./hal/uv_hal/freertos/tasks.o
                              0x1494d (size before relaxing)
 .debug_str     0x00014e56      0xcc2 release/./hal/uv_hal/freertos/timers.o
                              0x1419a (size before relaxing)
 .debug_str     0x00015b18       0x51 release/./hal/uv_hal/freertos/list.o
                              0x122c0 (size before relaxing)
 .debug_str     0x00015b69      0x769 release/./hal/uv_hal/freertos/queue.o
                              0x13cda (size before relaxing)
 .debug_str     0x000162d2      0x56a release/./hal/uv_hal/freertos/portable/GCC/ARM_CM3/port.o
                              0x107f8 (size before relaxing)
 .debug_str     0x0001683c     0x38e4 release/./hal/uv_hal/src/uv_uart.o
                              0x16bef (size before relaxing)
 .debug_str     0x0001a120      0xf69 release/./hal/uv_hal/src/uv_can.o
                              0x170f2 (size before relaxing)
 .debug_str     0x0001b089      0x1ea release/./hal/uv_hal/src/uv_eeprom.o
                              0x11a5a (size before relaxing)
 .debug_str     0x0001b273      0x5f4 release/./hal/uv_hal/src/printf.o
                               0x9d1e (size before relaxing)
 .debug_str     0x0001b867     0x1535 release/./hal/uv_hal/src/uv_canopen.o
                               0xe134 (size before relaxing)
 .debug_str     0x0001cd9c      0x20c release/./hal/uv_hal/src/uv_rtc.o
                              0x1159d (size before relaxing)
 .debug_str     0x0001cfa8     0x404e release/./hal/uv_hal/src/uv_emc.o
                              0x15c9e (size before relaxing)
 .debug_str     0x00020ff6      0x5c2 release/./hal/uv_hal/src/uv_gpio.o
                              0x1575c (size before relaxing)
 .debug_str     0x000215b8       0xe2 release/./hal/uv_hal/src/uv_pwm.o
                              0x11bf8 (size before relaxing)
 .debug_str     0x0002169a       0x52 release/./hal/uv_hal/src/uv_stdout.o
                              0x114ea (size before relaxing)
 .debug_str     0x000216ec      0x844 release/./hal/uv_hal/src/uv_lcd.o
                              0x160e0 (size before relaxing)
 .debug_str     0x00021f30      0x137 release/./hal/uv_hal/src/uv_reset.o
                               0xc997 (size before relaxing)
 .debug_str     0x00022067       0x63 release/./hal/uv_hal/src/uv_adc.o
                              0x114c7 (size before relaxing)
 .debug_str     0x000220ca      0x24b release/./hal/uv_hal/src/uv_terminal.o
                              0x17379 (size before relaxing)
 .debug_str     0x00022315      0x37b release/./hal/uv_hal/src/uv_utilities.o
                              0x1211a (size before relaxing)
 .debug_str     0x00022690      0x4a2 release/./hal/uv_hal/src/uv_memory.o
                              0x16682 (size before relaxing)
 .debug_str     0x00022b32       0x2c release/./hal/uv_hal/src/uv_errors.o
                               0x9de7 (size before relaxing)
 .debug_str     0x00022b5e      0x136 release/./hal/uv_hal/src/uv_rtos.o
                              0x169fa (size before relaxing)
 .debug_str     0x00022c94      0x49c release/./hal/uv_hal/src/ui/uv_ui_styles.o
                              0x117d6 (size before relaxing)
 .debug_str     0x00023130      0x1eb release/./hal/uv_hal/src/ui/uv_uidisplay.o
                              0x11752 (size before relaxing)
 .debug_str     0x0002331b       0x67 release/./hal/uv_hal/src/ui/uv_uiwindow.o
                              0x116e4 (size before relaxing)
 .debug_str     0x00023382     0x1a5e release/./hal/uv_hal/src/ui/uv_uifonts.o
                              0x12f8d (size before relaxing)
 .debug_str     0x00024de0      0x1f2 release/./hal/uv_hal/src/ui/uv_uilabel.o
                              0x1189c (size before relaxing)
 .debug_str     0x00024fd2      0x3e0 release/./src/network.o
                              0x16c77 (size before relaxing)
 .debug_str     0x000253b2       0x2f release/./src/canopen.o
                              0x16371 (size before relaxing)
 .debug_str     0x000253e1      0x199 release/./src/log.o
                              0x11486 (size before relaxing)
 .debug_str     0x0002557a      0x30a release/./src/commands.o
                              0x1724b (size before relaxing)
 .debug_str     0x00025884      0x133 release/./src/cr_startup_lpc177x_8x.o
                               0x26ab (size before relaxing)
 .debug_str     0x000259b7      0x4e3 release/./src/main.o
                              0x1c75d (size before relaxing)
 .debug_str     0x00025e9a       0x93 release/./src/gui.o
                              0x1b9f9 (size before relaxing)
 .debug_str     0x00025f2d       0x21 release/./src/alert.o
                              0x1555c (size before relaxing)
 .debug_str     0x00025f4e       0x2f release/./src/ui/home_screen.o
                              0x11950 (size before relaxing)
 .debug_str     0x00025f7d       0x11 release/./src/ui/taskbar.o
                              0x11978 (size before relaxing)

.comment        0x00000000       0x6e
 .comment       0x00000000       0x6e release/./CMSIS_CORE_LPC177x_8x/src/system_LPC177x_8x.o
                                 0x6f (size before relaxing)
 .comment       0x0000006e       0x6f release/./hal/uv_hal/freertos/heap_2.o
 .comment       0x0000006e       0x6f release/./hal/uv_hal/freertos/tasks.o
 .comment       0x0000006e       0x6f release/./hal/uv_hal/freertos/timers.o
 .comment       0x0000006e       0x6f release/./hal/uv_hal/freertos/list.o
 .comment       0x0000006e       0x6f release/./hal/uv_hal/freertos/queue.o
 .comment       0x0000006e       0x6f release/./hal/uv_hal/freertos/portable/GCC/ARM_CM3/port.o
 .comment       0x0000006e       0x6f release/./hal/uv_hal/src/uv_uart.o
 .comment       0x0000006e       0x6f release/./hal/uv_hal/src/uv_can.o
 .comment       0x0000006e       0x6f release/./hal/uv_hal/src/uv_eeprom.o
 .comment       0x0000006e       0x6f release/./hal/uv_hal/src/printf.o
 .comment       0x0000006e       0x6f release/./hal/uv_hal/src/uv_canopen.o
 .comment       0x0000006e       0x6f release/./hal/uv_hal/src/uv_rtc.o
 .comment       0x0000006e       0x6f release/./hal/uv_hal/src/uv_emc.o
 .comment       0x0000006e       0x6f release/./hal/uv_hal/src/uv_gpio.o
 .comment       0x0000006e       0x6f release/./hal/uv_hal/src/uv_pwm.o
 .comment       0x0000006e       0x6f release/./hal/uv_hal/src/uv_stdout.o
 .comment       0x0000006e       0x6f release/./hal/uv_hal/src/uv_lcd.o
 .comment       0x0000006e       0x6f release/./hal/uv_hal/src/uv_reset.o
 .comment       0x0000006e       0x6f release/./hal/uv_hal/src/uv_adc.o
 .comment       0x0000006e       0x6f release/./hal/uv_hal/src/uv_terminal.o
 .comment       0x0000006e       0x6f release/./hal/uv_hal/src/uv_utilities.o
 .comment       0x0000006e       0x6f release/./hal/uv_hal/src/uv_memory.o
 .comment       0x0000006e       0x6f release/./hal/uv_hal/src/uv_errors.o
 .comment       0x0000006e       0x6f release/./hal/uv_hal/src/uv_rtos.o
 .comment       0x0000006e       0x6f release/./hal/uv_hal/src/ui/uv_ui_styles.o
 .comment       0x0000006e       0x6f release/./hal/uv_hal/src/ui/uv_uidisplay.o
 .comment       0x0000006e       0x6f release/./hal/uv_hal/src/ui/uv_uiwindow.o
 .comment       0x0000006e       0x6f release/./hal/uv_hal/src/ui/uv_uifonts.o
 .comment       0x0000006e       0x6f release/./hal/uv_hal/src/ui/uv_uilabel.o
 .comment       0x0000006e       0x6f release/./src/network.o
 .comment       0x0000006e       0x6f release/./src/canopen.o
 .comment       0x0000006e       0x6f release/./src/log.o
 .comment       0x0000006e       0x6f release/./src/commands.o
 .comment       0x0000006e       0x6f release/./src/cr_startup_lpc177x_8x.o
 .comment       0x0000006e       0x6f release/./src/main.o
 .comment       0x0000006e       0x6f release/./src/gui.o
 .comment       0x0000006e       0x6f release/./src/alert.o
 .comment       0x0000006e       0x6f release/./src/ui/home_screen.o
 .comment       0x0000006e       0x6f release/./src/ui/taskbar.o

.ARM.attributes
                0x00000000       0x31
 .ARM.attributes
                0x00000000       0x33 release/./CMSIS_CORE_LPC177x_8x/src/system_LPC177x_8x.o
 .ARM.attributes
                0x00000033       0x33 release/./hal/uv_hal/freertos/heap_2.o
 .ARM.attributes
                0x00000066       0x33 release/./hal/uv_hal/freertos/tasks.o
 .ARM.attributes
                0x00000099       0x33 release/./hal/uv_hal/freertos/timers.o
 .ARM.attributes
                0x000000cc       0x33 release/./hal/uv_hal/freertos/list.o
 .ARM.attributes
                0x000000ff       0x33 release/./hal/uv_hal/freertos/queue.o
 .ARM.attributes
                0x00000132       0x33 release/./hal/uv_hal/freertos/portable/GCC/ARM_CM3/port.o
 .ARM.attributes
                0x00000165       0x33 release/./hal/uv_hal/src/uv_uart.o
 .ARM.attributes
                0x00000198       0x33 release/./hal/uv_hal/src/uv_can.o
 .ARM.attributes
                0x000001cb       0x33 release/./hal/uv_hal/src/uv_eeprom.o
 .ARM.attributes
                0x000001fe       0x33 release/./hal/uv_hal/src/printf.o
 .ARM.attributes
                0x00000231       0x33 release/./hal/uv_hal/src/uv_canopen.o
 .ARM.attributes
                0x00000264       0x33 release/./hal/uv_hal/src/uv_rtc.o
 .ARM.attributes
                0x00000297       0x33 release/./hal/uv_hal/src/uv_emc.o
 .ARM.attributes
                0x000002ca       0x33 release/./hal/uv_hal/src/uv_gpio.o
 .ARM.attributes
                0x000002fd       0x33 release/./hal/uv_hal/src/uv_pwm.o
 .ARM.attributes
                0x00000330       0x33 release/./hal/uv_hal/src/uv_stdout.o
 .ARM.attributes
                0x00000363       0x33 release/./hal/uv_hal/src/uv_lcd.o
 .ARM.attributes
                0x00000396       0x33 release/./hal/uv_hal/src/uv_reset.o
 .ARM.attributes
                0x000003c9       0x33 release/./hal/uv_hal/src/uv_adc.o
 .ARM.attributes
                0x000003fc       0x33 release/./hal/uv_hal/src/uv_terminal.o
 .ARM.attributes
                0x0000042f       0x33 release/./hal/uv_hal/src/uv_utilities.o
 .ARM.attributes
                0x00000462       0x33 release/./hal/uv_hal/src/uv_memory.o
 .ARM.attributes
                0x00000495       0x33 release/./hal/uv_hal/src/uv_errors.o
 .ARM.attributes
                0x000004c8       0x33 release/./hal/uv_hal/src/uv_rtos.o
 .ARM.attributes
                0x000004fb       0x33 release/./hal/uv_hal/src/ui/uv_ui_styles.o
 .ARM.attributes
                0x0000052e       0x33 release/./hal/uv_hal/src/ui/uv_uidisplay.o
 .ARM.attributes
                0x00000561       0x33 release/./hal/uv_hal/src/ui/uv_uiwindow.o
 .ARM.attributes
                0x00000594       0x33 release/./hal/uv_hal/src/ui/uv_uifonts.o
 .ARM.attributes
                0x000005c7       0x33 release/./hal/uv_hal/src/ui/uv_uilabel.o
 .ARM.attributes
                0x000005fa       0x33 release/./src/network.o
 .ARM.attributes
                0x0000062d       0x33 release/./src/canopen.o
 .ARM.attributes
                0x00000660       0x33 release/./src/log.o
 .ARM.attributes
                0x00000693       0x33 release/./src/commands.o
 .ARM.attributes
                0x000006c6       0x33 release/./src/cr_startup_lpc177x_8x.o
 .ARM.attributes
                0x000006f9       0x33 release/./src/main.o
 .ARM.attributes
                0x0000072c       0x33 release/./src/gui.o
 .ARM.attributes
                0x0000075f       0x33 release/./src/alert.o
 .ARM.attributes
                0x00000792       0x33 release/./src/ui/home_screen.o
 .ARM.attributes
                0x000007c5       0x33 release/./src/ui/taskbar.o
 .ARM.attributes
                0x000007f8       0x1d /usr/local/lpcxpresso_7.7.2_379/lpcxpresso/tools/bin/../lib/gcc/arm-none-eabi/5.4.1/armv7-m/libgcc.a(_arm_addsubsf3.o)
 .ARM.attributes
                0x00000815       0x1d /usr/local/lpcxpresso_7.7.2_379/lpcxpresso/tools/bin/../lib/gcc/arm-none-eabi/5.4.1/armv7-m/libgcc.a(_arm_muldivsf3.o)
 .ARM.attributes
                0x00000832       0x1d /usr/local/lpcxpresso_7.7.2_379/lpcxpresso/tools/bin/../lib/gcc/arm-none-eabi/5.4.1/armv7-m/libgcc.a(_arm_cmpsf2.o)
 .ARM.attributes
                0x0000084f       0x1d /usr/local/lpcxpresso_7.7.2_379/lpcxpresso/tools/bin/../lib/gcc/arm-none-eabi/5.4.1/armv7-m/libgcc.a(_arm_fixunssfsi.o)
 .ARM.attributes