Archive member included to satisfy reference by file (symbol)

/usr/local/lpcxpresso_7.7.2_379/lpcxpresso/tools/bin/../lib/gcc/arm-none-eabi/5.4.1/armv7-m/libgcc.a(_arm_addsubdf3.o)
                              release/./hal/uv_hal/src/ui/uv_uikeyboard.o (__aeabi_dadd)
/usr/local/lpcxpresso_7.7.2_379/lpcxpresso/tools/bin/../lib/gcc/arm-none-eabi/5.4.1/armv7-m/libgcc.a(_arm_fixdfsi.o)
                              release/./hal/uv_hal/src/ui/uv_uikeyboard.o (__aeabi_d2iz)
/usr/local/lpcxpresso_7.7.2_379/lpcxpresso/tools/bin/../lib/gcc/arm-none-eabi/5.4.1/armv7-m/libgcc.a(_arm_fixunsdfsi.o)
                              release/./hal/uv_hal/src/ui/uv_uikeyboard.o (__aeabi_d2uiz)
/usr/local/lpcxpresso_7.7.2_379/lpcxpresso/tools/bin/../lib/gcc/arm-none-eabi/5.4.1/armv7-m/libgcc.a(_arm_addsubsf3.o)
                              release/./hal/uv_hal/src/uv_timer.o (__aeabi_fsub)
/usr/local/lpcxpresso_7.7.2_379/lpcxpresso/tools/bin/../lib/gcc/arm-none-eabi/5.4.1/armv7-m/libgcc.a(_arm_muldivsf3.o)
                              release/./hal/uv_hal/src/uv_lcd.o (__aeabi_fmul)
/usr/local/lpcxpresso_7.7.2_379/lpcxpresso/tools/bin/../lib/gcc/arm-none-eabi/5.4.1/armv7-m/libgcc.a(_arm_cmpsf2.o)
                              release/./src/gui.o (__aeabi_fcmpge)
/usr/local/lpcxpresso_7.7.2_379/lpcxpresso/tools/bin/../lib/gcc/arm-none-eabi/5.4.1/armv7-m/libgcc.a(_arm_fixsfsi.o)
                              release/./hal/uv_hal/src/uv_lcd.o (__aeabi_f2iz)
/usr/local/lpcxpresso_7.7.2_379/lpcxpresso/tools/bin/../lib/gcc/arm-none-eabi/5.4.1/armv7-m/libgcc.a(_arm_fixunssfsi.o)
                              release/./hal/uv_hal/src/uv_pwm.o (__aeabi_f2uiz)
/usr/local/lpcxpresso_7.7.2_379/lpcxpresso/tools/bin/../lib/gcc/arm-none-eabi/5.4.1/armv7-m/libgcc.a(_fixunssfdi.o)
                              release/./hal/uv_hal/src/uv_timer.o (__aeabi_f2ulz)
/usr/local/lpcxpresso_7.7.2_379/lpcxpresso/tools/bin/../lib/gcc/arm-none-eabi/5.4.1/armv7-m/libgcc.a(_arm_muldivdf3.o)
                              /usr/local/lpcxpresso_7.7.2_379/lpcxpresso/tools/bin/../lib/gcc/arm-none-eabi/5.4.1/armv7-m/libgcc.a(_fixunssfdi.o) (__aeabi_dmul)
/usr/local/lpcxpresso_7.7.2_379/lpcxpresso/tools/bin/../lib/gcc/arm-none-eabi/5.4.1/../../../../arm-none-eabi/lib/armv7-m/libc.a(lib_a-atoi.o)
                              release/./hal/uv_hal/src/uv_json.o (atoi)
/usr/local/lpcxpresso_7.7.2_379/lpcxpresso/tools/bin/../lib/gcc/arm-none-eabi/5.4.1/../../../../arm-none-eabi/lib/armv7-m/libc.a(lib_a-ctype_.o)
                              release/./hal/uv_hal/src/uv_json.o (__ctype_ptr__)
/usr/local/lpcxpresso_7.7.2_379/lpcxpresso/tools/bin/../lib/gcc/arm-none-eabi/5.4.1/../../../../arm-none-eabi/lib/armv7-m/libc.a(lib_a-itoa.o)
                              release/./hal/uv_hal/src/uv_json.o (itoa)
/usr/local/lpcxpresso_7.7.2_379/lpcxpresso/tools/bin/../lib/gcc/arm-none-eabi/5.4.1/../../../../arm-none-eabi/lib/armv7-m/libc.a(lib_a-memcpy.o)
                              release/./hal/uv_hal/freertos/queue.o (memcpy)
/usr/local/lpcxpresso_7.7.2_379/lpcxpresso/tools/bin/../lib/gcc/arm-none-eabi/5.4.1/../../../../arm-none-eabi/lib/armv7-m/libc.a(lib_a-memmove.o)
                              release/./hal/uv_hal/src/uv_utilities.o (memmove)
/usr/local/lpcxpresso_7.7.2_379/lpcxpresso/tools/bin/../lib/gcc/arm-none-eabi/5.4.1/../../../../arm-none-eabi/lib/armv7-m/libc.a(lib_a-memset.o)
                              release/./hal/uv_hal/freertos/tasks.o (memset)
/usr/local/lpcxpresso_7.7.2_379/lpcxpresso/tools/bin/../lib/gcc/arm-none-eabi/5.4.1/../../../../arm-none-eabi/lib/armv7-m/libc.a(lib_a-strcat.o)
                              release/./hal/uv_hal/src/uv_json.o (strcat)
/usr/local/lpcxpresso_7.7.2_379/lpcxpresso/tools/bin/../lib/gcc/arm-none-eabi/5.4.1/../../../../arm-none-eabi/lib/armv7-m/libc.a(lib_a-strcmp.o)
                              release/./hal/uv_hal/src/uv_terminal.o (strcmp)
/usr/local/lpcxpresso_7.7.2_379/lpcxpresso/tools/bin/../lib/gcc/arm-none-eabi/5.4.1/../../../../arm-none-eabi/lib/armv7-m/libc.a(lib_a-strcpy.o)
                              /usr/local/lpcxpresso_7.7.2_379/lpcxpresso/tools/bin/../lib/gcc/arm-none-eabi/5.4.1/../../../../arm-none-eabi/lib/armv7-m/libc.a(lib_a-strcat.o) (strcpy)
/usr/local/lpcxpresso_7.7.2_379/lpcxpresso/tools/bin/../lib/gcc/arm-none-eabi/5.4.1/../../../../arm-none-eabi/lib/armv7-m/libc.a(lib_a-strlen-stub.o)
                              release/./hal/uv_hal/src/uv_json.o (strlen)
/usr/local/lpcxpresso_7.7.2_379/lpcxpresso/tools/bin/../lib/gcc/arm-none-eabi/5.4.1/../../../../arm-none-eabi/lib/armv7-m/libc.a(lib_a-strncmp.o)
                              release/./hal/uv_hal/src/uv_json.o (strncmp)
/usr/local/lpcxpresso_7.7.2_379/lpcxpresso/tools/bin/../lib/gcc/arm-none-eabi/5.4.1/../../../../arm-none-eabi/lib/armv7-m/libc.a(lib_a-strncpy.o)
                              release/./src/users.o (strncpy)
[...]
Memory Configuration

Name             Origin             Length             Attributes
MFlash256        0x00002000         0x0003e000         xr
RamLoc64         0x10000080         0x0000fee0         xrw
RamPeriph16      0x20000000         0x00004000         xrw
*default*        0x00000000         0xffffffff

Linker script and memory map

LOAD release/./CMSIS_CORE_LPC177x_8x/src/system_LPC177x_8x.o
LOAD release/./hal/uv_hal/freertos/heap_2.o
LOAD release/./hal/uv_hal/freertos/tasks.o
LOAD release/./hal/uv_hal/freertos/timers.o
LOAD release/./hal/uv_hal/freertos/event_groups.o
LOAD release/./hal/uv_hal/freertos/list.o
LOAD release/./hal/uv_hal/freertos/croutine.o
LOAD release/./hal/uv_hal/freertos/queue.o
LOAD release/./hal/uv_hal/freertos/portable/GCC/ARM_CM4F/port.o
LOAD release/./hal/uv_hal/freertos/portable/GCC/ARM_CM0/port.o
LOAD release/./hal/uv_hal/freertos/portable/GCC/ARM_CM3/port.o
LOAD release/./hal/uv_hal/src/uv_uart.o
LOAD release/./hal/uv_hal/src/uv_button.o
LOAD release/./hal/uv_hal/src/uv_filters.o
LOAD release/./hal/uv_hal/src/uv_can.o
LOAD release/./hal/uv_hal/src/uv_eeprom.o
LOAD release/./hal/uv_hal/src/uv_json.o
LOAD release/./hal/uv_hal/src/uv_i2c.o
LOAD release/./hal/uv_hal/src/printf.o
LOAD release/./hal/uv_hal/src/uv_canopen.o
LOAD release/./hal/uv_hal/src/uv_rtc.o
LOAD release/./hal/uv_hal/src/uv_emc.o
LOAD release/./hal/uv_hal/src/uv_gpio.o
LOAD release/./hal/uv_hal/src/uv_pwm.o
LOAD release/./hal/uv_hal/src/uv_stdout.o
LOAD release/./hal/uv_hal/src/uv_lcd.o
LOAD release/./hal/uv_hal/src/uv_reset.o
LOAD release/./hal/uv_hal/src/uv_adc.o
LOAD release/./hal/uv_hal/src/uv_spi.o
LOAD release/./hal/uv_hal/src/uv_wdt.o
LOAD release/./hal/uv_hal/src/uv_terminal.o
LOAD release/./hal/uv_hal/src/uv_timer.o
LOAD release/./hal/uv_hal/src/uv_utilities.o
LOAD release/./hal/uv_hal/src/uv_memory.o
LOAD release/./hal/uv_hal/src/uv_errors.o
LOAD release/./hal/uv_hal/src/uv_rtos.o
LOAD release/./hal/uv_hal/src/ui/uv_ui_styles.o
LOAD release/./hal/uv_hal/src/ui/uv_uibutton.o
LOAD release/./hal/uv_hal/src/ui/uv_uislider.o
LOAD release/./hal/uv_hal/src/ui/uv_uidisplay.o
LOAD release/./hal/uv_hal/src/ui/uv_uiwindow.o
LOAD release/./hal/uv_hal/src/ui/uv_uifonts.o
LOAD release/./hal/uv_hal/src/ui/uv_uilist.o
LOAD release/./hal/uv_hal/src/ui/uv_uikeyboard.o
LOAD release/./hal/uv_hal/src/ui/uv_uilabel.o
LOAD release/./src/canopen.o
LOAD release/./src/log.o
LOAD release/./src/commands.o
LOAD release/./src/cr_startup_lpc177x_8x.o
LOAD release/./src/crp.o
LOAD release/./src/main.o
LOAD release/./src/gui.o
LOAD release/./src/users.o
LOAD release/./src/alert.o
LOAD release/./src/ui/taskbar.o
LOAD release/./src/ui/login.o
LOAD release/./src/ui/settings.o
LOAD release/./src/ui/system.o
LOAD release/./src/ui/home.o
START GROUP
LOAD /usr/local/lpcxpresso_7.7.2_379/lpcxpresso/tools/bin/../lib/gcc/arm-none-eabi/5.4.1/armv7-m/libgcc.a
LOAD /usr/local/lpcxpresso_7.7.2_379/lpcxpresso/tools/bin/../lib/gcc/arm-none-eabi/5.4.1/../../../../arm-none-eabi/lib/armv7-m/libc.a
LOAD /usr/local/lpcxpresso_7.7.2_379/lpcxpresso/tools/bin/../lib/gcc/arm-none-eabi/5.4.1/../../../../arm-none-eabi/lib/armv7-m/libm.a
LOAD /usr/local/lpcxpresso_7.7.2_379/lpcxpresso/tools/bin/../lib/gcc/arm-none-eabi/5.4.1/../../../../arm-none-eabi/lib/armv7-m/libcr_newlib_semihost.a
END GROUP
                0x00040000                __top_MFlash256 = 0x40000
                0x1000ff60                __top_RamLoc64 = 0x1000ff60
                0x20004000                __top_RamPeriph16 = 0x20004000

.text           0x00002000     0xe438
 FILL mask 0xff
                0x00002000                __vectors_start__ = ABSOLUTE (.)
 *(.isr_vector)
 .isr_vector    0x00002000       0xe4 release/./src/cr_startup_lpc177x_8x.o
                0x00002000                g_pfnVectors
                0x000020e4                . = ALIGN (0x4)
                0x000020e4                __section_table_start = .
                0x000020e4                __data_section_table = .
                0x000020e4        0x4 LONG 0x10438 LOADADDR (.data)
                0x000020e8        0x4 LONG 0x10000080 ADDR (.data)
                0x000020ec        0x4 LONG 0x454 SIZEOF (.data)
                0x000020f0        0x4 LONG 0x10438 LOADADDR (.data_RAM2)
                0x000020f4        0x4 LONG 0x20000000 ADDR (.data_RAM2)
                0x000020f8        0x4 LONG 0x0 SIZEOF (.data_RAM2)
                0x000020fc                __data_section_table_end = .
                0x000020fc                __bss_section_table = .
                0x000020fc        0x4 LONG 0x100004d8 ADDR (.bss)
                0x00002100        0x4 LONG 0x2f90 SIZEOF (.bss)
                0x00002104        0x4 LONG 0x20000000 ADDR (.bss_RAM2)
                0x00002108        0x4 LONG 0x0 SIZEOF (.bss_RAM2)
                0x0000210c                __bss_section_table_end = .
                0x0000210c                __section_table_end = .
 *(.after_vectors*)
 .after_vectors
                0x0000210c       0x9c release/./src/cr_startup_lpc177x_8x.o
                0x00002124                DebugMon_Handler
                0x00002130                TIMER2_IRQHandler
                0x00002130                RIT_IRQHandler
                0x00002130                I2C0_IRQHandler
                0x00002130                USBActivity_IRQHandler
                0x00002130                PWM1_IRQHandler
                0x00002130                I2C1_IRQHandler
                0x00002130                EINT2_IRQHandler
                0x00002130                UART1_IRQHandler
                0x00002130                EINT3_IRQHandler
                0x00002130                CANActivity_IRQHandler
                0x00002130                TIMER3_IRQHandler
                0x00002130                PLL0_IRQHandler
                0x00002130                CAN_IRQHandler
                0x00002130                PLL1_IRQHandler
                0x00002130                SSP0_IRQHandler
                0x00002130                I2S_IRQHandler
                0x00002130                I2C2_IRQHandler
                0x00002130                RTC_IRQHandler
                0x00002130                TIMER0_IRQHandler
                0x00002130                SPI_IRQHandler
                0x00002130                LCD_IRQHandler
                0x00002130                EINT1_IRQHandler
                0x00002130                TIMER1_IRQHandler
                0x00002130                UART2_IRQHandler
                0x00002130                UART4_IRQHandler
                0x00002130                ADC_IRQHandler
                0x00002130                MCI_IRQHandler
                0x00002130                SSP1_IRQHandler
                0x00002130                USB_IRQHandler
                0x00002130                BOD_IRQHandler
                0x00002130                WDT_IRQHandler
                0x00002130                QEI_IRQHandler
                0x00002130                EINT0_IRQHandler
                0x00002130                PWM0_IRQHandler
                0x00002130                SSP2_IRQHandler
                0x00002130                EEPROM_IRQHandler
                0x00002130                DMA_IRQHandler
                0x00002130                UART3_IRQHandler
                0x00002130                MCPWM_IRQHandler
                0x00002130                ENET_IRQHandler
                0x00002134                data_init
                0x0000214c                bss_init
                0x00002160                ResetISR
 *(.text*)
 .text.SystemCoreClockUpdate
                0x000021a8      0x288 release/./CMSIS_CORE_LPC177x_8x/src/system_LPC177x_8x.o
                0x000021a8                SystemCoreClockUpdate
 .text.SystemInit
                0x00002430       0x7c release/./CMSIS_CORE_LPC177x_8x/src/system_LPC177x_8x.o
                0x00002430                SystemInit
 .text.prvHeapInit
                0x000024ac       0x2c release/./hal/uv_hal/freertos/heap_2.o
 .text.pvPortMalloc
                0x000024d8       0xa4 release/./hal/uv_hal/freertos/heap_2.o
                0x000024d8                pvPortMalloc
 .text.vPortFree
                0x0000257c       0x44 release/./hal/uv_hal/freertos/heap_2.o
                0x0000257c                vPortFree
 .text.prvResetNextTaskUnblockTime
                0x000025c0       0x34 release/./hal/uv_hal/freertos/tasks.o
 .text.prvDeleteTCB
                0x000025f4       0x14 release/./hal/uv_hal/freertos/tasks.o
 .text.prvAllocateTCBAndStack
                0x00002608       0x44 release/./hal/uv_hal/freertos/tasks.o
 .text.prvInitialiseTCBVariables
                0x0000264c       0x50 release/./hal/uv_hal/freertos/tasks.o
 .text.prvInitialiseTaskLists
                0x0000269c       0x68 release/./hal/uv_hal/freertos/tasks.o
 .text.prvAddCurrentTaskToDelayedList
                0x00002704       0x98 release/./hal/uv_hal/freertos/tasks.o
 .text.xTaskGenericCreate
                0x0000279c      0x104 release/./hal/uv_hal/freertos/tasks.o
                0x0000279c                xTaskGenericCreate
 .text.vTaskStartScheduler
                0x000028a0       0x70 release/./hal/uv_hal/freertos/tasks.o
                0x000028a0                vTaskStartScheduler
 .text.vTaskSuspendAll
                0x00002910       0x10 release/./hal/uv_hal/freertos/tasks.o
                0x00002910                vTaskSuspendAll
 .text.xTaskGetTickCount
                0x00002920        0xc release/./hal/uv_hal/freertos/tasks.o
                0x00002920                xTaskGetTickCount
 .text.xTaskIncrementTick
                0x0000292c      0x10c release/./hal/uv_hal/freertos/tasks.o
                0x0000292c                xTaskIncrementTick
 .text.xTaskResumeAll
                0x00002a38       0xe8 release/./hal/uv_hal/freertos/tasks.o
                0x00002a38                xTaskResumeAll
 .text.vTaskDelayUntil
                0x00002b20       0x68 release/./hal/uv_hal/freertos/tasks.o
                0x00002b20                vTaskDelayUntil
 .text.prvCheckTasksWaitingTermination
                0x00002b88       0x54 release/./hal/uv_hal/freertos/tasks.o
 .text.prvIdleTask
                0x00002bdc       0x28 release/./hal/uv_hal/freertos/tasks.o
 .text.vTaskSwitchContext
                0x00002c04       0x90 release/./hal/uv_hal/freertos/tasks.o
                0x00002c04                vTaskSwitchContext
 .text.vTaskPlaceOnEventList
                0x00002c94       0x1c release/./hal/uv_hal/freertos/tasks.o
                0x00002c94                vTaskPlaceOnEventList
 .text.vTaskPlaceOnEventListRestricted
                0x00002cb0       0x24 release/./hal/uv_hal/freertos/tasks.o
                0x00002cb0                vTaskPlaceOnEventListRestricted
 .text.xTaskRemoveFromEventList
                0x00002cd4       0x78 release/./hal/uv_hal/freertos/tasks.o
                0x00002cd4                xTaskRemoveFromEventList
 .text.vTaskSetTimeOutState
                0x00002d4c       0x18 release/./hal/uv_hal/freertos/tasks.o
                0x00002d4c                vTaskSetTimeOutState
 .text.xTaskCheckForTimeOut
                0x00002d64       0x58 release/./hal/uv_hal/freertos/tasks.o
                0x00002d64                xTaskCheckForTimeOut
 .text.vTaskMissedYield
                0x00002dbc        0xc release/./hal/uv_hal/freertos/tasks.o
                0x00002dbc                vTaskMissedYield
 .text.xTaskGetSchedulerState
                0x00002dc8       0x20 release/./hal/uv_hal/freertos/tasks.o
                0x00002dc8                xTaskGetSchedulerState
 .text.vTaskPriorityInherit
                0x00002de8       0xa8 release/./hal/uv_hal/freertos/tasks.o
                0x00002de8                vTaskPriorityInherit
 .text.xTaskPriorityDisinherit
                0x00002e90       0x84 release/./hal/uv_hal/freertos/tasks.o
                0x00002e90                xTaskPriorityDisinherit
 .text.pvTaskIncrementMutexHeldCount
                0x00002f14       0x1c release/./hal/uv_hal/freertos/tasks.o
                0x00002f14                pvTaskIncrementMutexHeldCount
 .text.prvGetNextExpireTime
                0x00002f30       0x20 release/./hal/uv_hal/freertos/timers.o
 .text.prvInsertTimerInActiveList
                0x00002f50       0x48 release/./hal/uv_hal/freertos/timers.o
 .text.prvCheckForValidListAndQueue
                0x00002f98       0x60 release/./hal/uv_hal/freertos/timers.o
 .text.xTimerCreateTimerTask
                0x00002ff8       0x3c release/./hal/uv_hal/freertos/timers.o
                0x00002ff8                xTimerCreateTimerTask
 .text.xTimerGenericCommand
                0x00003034       0x58 release/./hal/uv_hal/freertos/timers.o
                0x00003034                xTimerGenericCommand
 .text.prvSwitchTimerLists
                0x0000308c       0x68 release/./hal/uv_hal/freertos/timers.o
 .text.prvSampleTimeNow
                0x000030f4       0x2c release/./hal/uv_hal/freertos/timers.o
 .text.prvProcessExpiredTimer
                0x00003120       0x48 release/./hal/uv_hal/freertos/timers.o
 .text.prvProcessTimerOrBlockTask
                0x00003168       0x74 release/./hal/uv_hal/freertos/timers.o
 .text.prvProcessReceivedCommands
                0x000031dc       0x98 release/./hal/uv_hal/freertos/timers.o
 .text.prvTimerTask
                0x00003274       0x18 release/./hal/uv_hal/freertos/timers.o
 .text.vListInitialise
                0x0000328c       0x18 release/./hal/uv_hal/freertos/list.o
                0x0000328c                vListInitialise
 .text.vListInitialiseItem
                0x000032a4        0x8 release/./hal/uv_hal/freertos/list.o
                0x000032a4                vListInitialiseItem
 .text.vListInsertEnd
                0x000032ac       0x18 release/./hal/uv_hal/freertos/list.o
                0x000032ac                vListInsertEnd
 .text.vListInsert
                0x000032c4       0x34 release/./hal/uv_hal/freertos/list.o
                0x000032c4                vListInsert
 .text.uxListRemove
                0x000032f8       0x24 release/./hal/uv_hal/freertos/list.o
                0x000032f8                uxListRemove
 .text.prvIsQueueFull
                0x0000331c       0x20 release/./hal/uv_hal/freertos/queue.o
 .text.prvIsQueueEmpty
                0x0000333c       0x1c release/./hal/uv_hal/freertos/queue.o
 .text.prvAllocateQueueMemory
                0x00003358       0x24 release/./hal/uv_hal/freertos/queue.o
 .text.prvCopyDataToQueue
                0x0000337c       0x7c release/./hal/uv_hal/freertos/queue.o
 .text.prvCopyDataFromQueue
                0x000033f8       0x24 release/./hal/uv_hal/freertos/queue.o
 .text.prvUnlockQueue
                0x0000341c       0x64 release/./hal/uv_hal/freertos/queue.o
 .text.xQueueGenericReset
                0x00003480       0x6c release/./hal/uv_hal/freertos/queue.o
                0x00003480                xQueueGenericReset
 .text.xQueueGenericCreate
                0x000034ec       0x3c release/./hal/uv_hal/freertos/queue.o
                0x000034ec                xQueueGenericCreate
 .text.xQueueGenericSend
                0x00003528       0xfc release/./hal/uv_hal/freertos/queue.o
                0x00003528                xQueueGenericSend
 .text.xQueueCreateMutex
                0x00003624       0x2c release/./hal/uv_hal/freertos/queue.o
                0x00003624                xQueueCreateMutex
 .text.xQueueGenericSendFromISR
                0x00003650       0x68 release/./hal/uv_hal/freertos/queue.o
                0x00003650                xQueueGenericSendFromISR
 .text.xQueueGenericReceive
                0x000036b8      0x134 release/./hal/uv_hal/freertos/queue.o
                0x000036b8                xQueueGenericReceive
 .text.vQueueAddToRegistry
                0x000037ec       0x28 release/./hal/uv_hal/freertos/queue.o
                0x000037ec                vQueueAddToRegistry
 .text.vQueueWaitForMessageRestricted
                0x00003814       0x40 release/./hal/uv_hal/freertos/queue.o
                0x00003814                vQueueWaitForMessageRestricted
 .text.prvTaskExitError
                0x00003854       0x14 release/./hal/uv_hal/freertos/portable/GCC/ARM_CM3/port.o
 .text.prvPortStartFirstTask
                0x00003868       0x20 release/./hal/uv_hal/freertos/portable/GCC/ARM_CM3/port.o
 .text.pxPortInitialiseStack
                0x00003888       0x20 release/./hal/uv_hal/freertos/portable/GCC/ARM_CM3/port.o
                0x00003888                pxPortInitialiseStack
 *fill*         0x000038a8        0x8 ff
 .text.SVC_Handler
                0x000038b0       0x24 release/./hal/uv_hal/freertos/portable/GCC/ARM_CM3/port.o
                0x000038b0                SVC_Handler
 .text.vPortEnterCritical
                0x000038d4       0x20 release/./hal/uv_hal/freertos/portable/GCC/ARM_CM3/port.o
                0x000038d4                vPortEnterCritical
 .text.vPortExitCritical
                0x000038f4       0x14 release/./hal/uv_hal/freertos/portable/GCC/ARM_CM3/port.o
                0x000038f4                vPortExitCritical
 *fill*         0x00003908        0x8 ff
 .text.PendSV_Handler
                0x00003910       0x44 release/./hal/uv_hal/freertos/portable/GCC/ARM_CM3/port.o
                0x00003910                PendSV_Handler
 .text.SysTick_Handler
                0x00003954       0x2c release/./hal/uv_hal/freertos/portable/GCC/ARM_CM3/port.o
                0x00003954                SysTick_Handler
 .text.vPortSetupTimerInterrupt
                0x00003980       0x2c release/./hal/uv_hal/freertos/portable/GCC/ARM_CM3/port.o
                0x00003980                vPortSetupTimerInterrupt
 .text.xPortStartScheduler
                0x000039ac       0x30 release/./hal/uv_hal/freertos/portable/GCC/ARM_CM3/port.o
                0x000039ac                xPortStartScheduler
 .text.check_uart
                0x000039dc       0x24 release/./hal/uv_hal/src/uv_uart.o
 .text.isr      0x00003a00       0x54 release/./hal/uv_hal/src/uv_uart.o
 .text.UART0_IRQHandler
                0x00003a54        0xc release/./hal/uv_hal/src/uv_uart.o
                0x00003a54                UART0_IRQHandler
 .text._uv_uart_init
                0x00003a60      0x110 release/./hal/uv_hal/src/uv_uart.o
                0x00003a60                _uv_uart_init
 .text.uv_uart_send_char
                0x00003b70       0x5c release/./hal/uv_hal/src/uv_uart.o
                0x00003b70                uv_uart_send_char
 .text.uv_uart_get_char
                0x00003bcc       0x38 release/./hal/uv_hal/src/uv_uart.o
                0x00003bcc                uv_uart_get_char
 .text.uv_uart_is_initialized
                0x00003c04       0x1c release/./hal/uv_hal/src/uv_uart.o
                0x00003c04                uv_uart_is_initialized
 .text.check_channel
                0x00003c20       0x28 release/./hal/uv_hal/src/uv_can.o
 .text._uv_can_init
                0x00003c48       0x24 release/./hal/uv_hal/src/uv_can.o
                0x00003c48                _uv_can_init
 .text.uv_can_step
                0x00003c6c       0x24 release/./hal/uv_hal/src/uv_can.o
                0x00003c6c                uv_can_step
 .text.uv_can_config_rx_message
                0x00003c90       0x24 release/./hal/uv_hal/src/uv_can.o
                0x00003c90                uv_can_config_rx_message
 .text.uv_can_send_message
                0x00003cb4       0x20 release/./hal/uv_hal/src/uv_can.o
                0x00003cb4                uv_can_send_message
 .text.uv_can_fetch_message
                0x00003cd4       0x10 release/./hal/uv_hal/src/uv_can.o
                0x00003cd4                uv_can_fetch_message
 .text.uv_can_get_error_state
                0x00003ce4        0xc release/./hal/uv_hal/src/uv_can.o
                0x00003ce4                uv_can_get_error_state
 .text._uv_can_hal_step
                0x00003cf0       0x20 release/./hal/uv_hal/src/uv_can.o
                0x00003cf0                _uv_can_hal_step
 .text._uv_eeprom_init
                0x00003d10       0x74 release/./hal/uv_hal/src/uv_eeprom.o
                0x00003d10                _uv_eeprom_init
 .text.uv_eeprom_write
                0x00003d84       0xa4 release/./hal/uv_hal/src/uv_eeprom.o
                0x00003d84                uv_eeprom_write
 .text.uv_eeprom_read
                0x00003e28       0x6c release/./hal/uv_hal/src/uv_eeprom.o
                0x00003e28                uv_eeprom_read
 .text.uv_eeprom_init_circular_buffer
                0x00003e94       0x6c release/./hal/uv_hal/src/uv_eeprom.o
                0x00003e94                uv_eeprom_init_circular_buffer
 .text.uv_eeprom_push_back
                0x00003f00      0x100 release/./hal/uv_hal/src/uv_eeprom.o
                0x00003f00                uv_eeprom_push_back
 .text.uv_eeprom_pop_front
                0x00004000       0xb0 release/./hal/uv_hal/src/uv_eeprom.o
                0x00004000                uv_eeprom_pop_front
 .text.uv_eeprom_at
                0x000040b0       0xa0 release/./hal/uv_hal/src/uv_eeprom.o
                0x000040b0                uv_eeprom_at
 .text.printchar
                0x00004150       0x18 release/./hal/uv_hal/src/printf.o
 .text.prints   0x00004168       0x84 release/./hal/uv_hal/src/printf.o
 .text.printi   0x000041ec       0xa8 release/./hal/uv_hal/src/printf.o
 .text.print    0x00004294      0x130 release/./hal/uv_hal/src/printf.o
                0x00004294                print
 .text.printf   0x000043c4       0x24 release/./hal/uv_hal/src/printf.o
                0x000043c4                printf
 .text.snprintf
                0x000043e8       0x24 release/./hal/uv_hal/src/printf.o
                0x000043e8                snprintf
 .text.find_object
                0x0000440c       0x38 release/./hal/uv_hal/src/uv_canopen.o
 .text.sdo_send_response
                0x00004444       0x7c release/./hal/uv_hal/src/uv_canopen.o
 .text.sdo_send_error
                0x000044c0       0x5c release/./hal/uv_hal/src/uv_canopen.o
 .text.array_write
                0x0000451c       0x28 release/./hal/uv_hal/src/uv_canopen.o
 .text.array_read
                0x00004544       0x2c release/./hal/uv_hal/src/uv_canopen.o
 .text.canopen_parse_sdo
                0x00004570      0x228 release/./hal/uv_hal/src/uv_canopen.o
 .text.get_object_value
                0x00004798       0x1c release/./hal/uv_hal/src/uv_canopen.o
 .text.uv_canopen_init
                0x000047b4       0xf0 release/./hal/uv_hal/src/uv_canopen.o
                0x000047b4                uv_canopen_init
 .text.uv_canopen_set_state
                0x000048a4       0x10 release/./hal/uv_hal/src/uv_canopen.o
                0x000048a4                uv_canopen_set_state
 .text.uv_canopen_step
                0x000048b4      0x344 release/./hal/uv_hal/src/uv_canopen.o
                0x000048b4                uv_canopen_step
 .text._uv_rtc_init
                0x00004bf8       0x24 release/./hal/uv_hal/src/uv_rtc.o
                0x00004bf8                _uv_rtc_init
 .text.uv_rtc_get_time
                0x00004c1c       0x2c release/./hal/uv_hal/src/uv_rtc.o
                0x00004c1c                uv_rtc_get_time
 .text.uv_rtc_set_time
                0x00004c48       0x34 release/./hal/uv_hal/src/uv_rtc.o
                0x00004c48                uv_rtc_set_time
 .text._uv_emc_init
                0x00004c7c      0x24c release/./hal/uv_hal/src/uv_emc.o
                0x00004c7c                _uv_emc_init
 .text.GPIO_IRQHandler
                0x00004ec8       0x94 release/./hal/uv_hal/src/uv_gpio.o
                0x00004ec8                GPIO_IRQHandler
 .text._uv_pwm_init
                0x00004f5c       0x98 release/./hal/uv_hal/src/uv_pwm.o
                0x00004f5c                _uv_pwm_init
 .text.outbyte  0x00004ff4       0x28 release/./hal/uv_hal/src/uv_stdout.o
                0x00004ff4                outbyte
 .text.uv_stdout_send
                0x0000501c       0x18 release/./hal/uv_hal/src/uv_stdout.o
                0x0000501c                uv_stdout_send
 .text.uv_cmult
                0x00005034       0x84 release/./hal/uv_hal/src/uv_lcd.o
                0x00005034                uv_cmult
 .text.uv_lcd_draw_rect
                0x000050b8       0x68 release/./hal/uv_hal/src/uv_lcd.o
                0x000050b8                uv_lcd_draw_rect
 .text._uv_lcd_init
                0x00005120      0x130 release/./hal/uv_hal/src/uv_lcd.o
                0x00005120                _uv_lcd_init
 .text.uv_lcd_draw_frame
                0x00005250       0x5c release/./hal/uv_hal/src/uv_lcd.o
                0x00005250                uv_lcd_draw_frame
 .text.uv_system_reset
                0x000052ac       0x24 release/./hal/uv_hal/src/uv_reset.o
                0x000052ac                uv_system_reset
 .text.uv_reset_get_source
                0x000052d0       0x10 release/./hal/uv_hal/src/uv_reset.o
                0x000052d0                uv_reset_get_source
 .text._uv_adc_init
                0x000052e0       0xfc release/./hal/uv_hal/src/uv_adc.o
                0x000052e0                _uv_adc_init
 .text.uv_terminal_dev_callb
                0x000053dc       0x20 release/./hal/uv_hal/src/uv_terminal.o
                0x000053dc                uv_terminal_dev_callb
 .text.uv_terminal_man_callb
                0x000053fc       0x7c release/./hal/uv_hal/src/uv_terminal.o
                0x000053fc                uv_terminal_man_callb
 .text.uv_terminal_reset_callb
                0x00005478       0x20 release/./hal/uv_hal/src/uv_terminal.o
                0x00005478                uv_terminal_reset_callb
 .text.uv_terminal_save_callb
                0x00005498       0x14 release/./hal/uv_hal/src/uv_terminal.o
                0x00005498                uv_terminal_save_callb
 .text.uv_terminal_revert_callb
                0x000054ac       0x14 release/./hal/uv_hal/src/uv_terminal.o
                0x000054ac                uv_terminal_revert_callb
 .text.uv_terminal_crc_callb
                0x000054c0       0x28 release/./hal/uv_hal/src/uv_terminal.o
                0x000054c0                uv_terminal_crc_callb
 .text.uv_terminal_init
                0x000054e8       0x30 release/./hal/uv_hal/src/uv_terminal.o
                0x000054e8                uv_terminal_init
 .text.uv_terminal_get_commands_count
                0x00005518        0xc release/./hal/uv_hal/src/uv_terminal.o
                0x00005518                uv_terminal_get_commands_count
 .text.uv_terminal_help_callb
                0x00005524       0x50 release/./hal/uv_hal/src/uv_terminal.o
                0x00005524                uv_terminal_help_callb
 .text.uv_terminal_step
                0x00005574      0x204 release/./hal/uv_hal/src/uv_terminal.o
                0x00005574                uv_terminal_step
 .text.uv_set_application_ptr
                0x00005778        0xc release/./hal/uv_hal/src/uv_utilities.o
                0x00005778                uv_set_application_ptr
 .text.uv_ring_buffer_init
                0x00005784       0x1c release/./hal/uv_hal/src/uv_utilities.o
                0x00005784                uv_ring_buffer_init
 .text.uv_ring_buffer_push
                0x000057a0       0x54 release/./hal/uv_hal/src/uv_utilities.o
                0x000057a0                uv_ring_buffer_push
 .text.uv_ring_buffer_pop
                0x000057f4       0x58 release/./hal/uv_hal/src/uv_utilities.o
                0x000057f4                uv_ring_buffer_pop
 .text.uv_vector_push_back
                0x0000584c       0x38 release/./hal/uv_hal/src/uv_utilities.o
                0x0000584c                uv_vector_push_back
 .text.uv_vector_remove
                0x00005884       0x40 release/./hal/uv_hal/src/uv_utilities.o
                0x00005884                uv_vector_remove
 .text._delay_ms
                0x000058c4       0x4c release/./hal/uv_hal/src/uv_utilities.o
                0x000058c4                _delay_ms
 .text.uv_set_int_priority
                0x00005910       0x4c release/./hal/uv_hal/src/uv_utilities.o
                0x00005910                uv_set_int_priority
 .text.__uv_get_user_ptr
                0x0000595c        0xc release/./hal/uv_hal/src/uv_utilities.o
                0x0000595c                __uv_get_user_ptr
 .text.NMI_Handler
                0x00005968       0x14 release/./hal/uv_hal/src/uv_utilities.o
                0x00005968                NMI_Handler
 .text.HardFault_Handler
                0x0000597c       0x14 release/./hal/uv_hal/src/uv_utilities.o
                0x0000597c                HardFault_Handler
 .text.MemManage_Handler
                0x00005990       0x14 release/./hal/uv_hal/src/uv_utilities.o
                0x00005990                MemManage_Handler
 .text.BusFault_Handler
                0x000059a4       0x14 release/./hal/uv_hal/src/uv_utilities.o
                0x000059a4                BusFault_Handler
 .text.UsageFault_Handler
                0x000059b8       0x14 release/./hal/uv_hal/src/uv_utilities.o
                0x000059b8                UsageFault_Handler
 .text.IntDefaultHandler
                0x000059cc       0x14 release/./hal/uv_hal/src/uv_utilities.o
                0x000059cc                IntDefaultHandler
 .text.calc_crc
                0x000059e0       0x3c release/./hal/uv_hal/src/uv_memory.o
 .text.uv_memory_load
                0x00005a1c       0x74 release/./hal/uv_hal/src/uv_memory.o
                0x00005a1c                uv_memory_load
 .text.uv_erase_and_write_to_flash
                0x00005a90       0xf8 release/./hal/uv_hal/src/uv_memory.o
                0x00005a90                uv_erase_and_write_to_flash
 .text.uv_memory_save
                0x00005b88       0xe8 release/./hal/uv_hal/src/uv_memory.o
                0x00005b88                uv_memory_save
 .text.__uv_save_previous_non_volatile_data
                0x00005c70       0x34 release/./hal/uv_hal/src/uv_memory.o
                0x00005c70                __uv_save_previous_non_volatile_data
 .text.__uv_clear_previous_non_volatile_data
                0x00005ca4       0xb0 release/./hal/uv_hal/src/uv_memory.o
                0x00005ca4                __uv_clear_previous_non_volatile_data
 .text.uv_set_crc
                0x00005d54       0x10 release/./hal/uv_hal/src/uv_memory.o
                0x00005d54                uv_set_crc
 .text.uv_get_crc
                0x00005d64        0x8 release/./hal/uv_hal/src/uv_memory.o
                0x00005d64                uv_get_crc
 .text.__uv_log_error
                0x00005d6c       0x28 release/./hal/uv_hal/src/uv_errors.o
                0x00005d6c                __uv_log_error
 .text.uv_rtos_task_delay
                0x00005d94       0x1c release/./hal/uv_hal/src/uv_rtos.o
                0x00005d94                uv_rtos_task_delay
 .text.hal_task
                0x00005db0       0x1c release/./hal/uv_hal/src/uv_rtos.o
                0x00005db0                hal_task
 .text.vApplicationStackOverflowHook
                0x00005dcc       0x34 release/./hal/uv_hal/src/uv_rtos.o
                0x00005dcc                vApplicationStackOverflowHook
 .text.uv_init  0x00005e00       0x54 release/./hal/uv_hal/src/uv_rtos.o
                0x00005e00                uv_init
 .text.uv_ui_get_xglobal
                0x00005e54       0x88 release/./hal/uv_hal/src/ui/uv_uibutton.o
 .text.uv_ui_get_yglobal
                0x00005edc       0x88 release/./hal/uv_hal/src/ui/uv_uibutton.o
 .text.uv_uibutton_step
                0x00005f64      0x248 release/./hal/uv_hal/src/ui/uv_uibutton.o
                0x00005f64                uv_uibutton_step
 .text.uv_ui_get_yglobal
                0x000061ac       0x88 release/./hal/uv_hal/src/ui/uv_uislider.o
 .text.uv_ui_get_xglobal
                0x00006234       0x88 release/./hal/uv_hal/src/ui/uv_uislider.o
 .text.draw     0x000062bc      0x4a0 release/./hal/uv_hal/src/ui/uv_uislider.o
 .text.uv_uislider_step
                0x0000675c       0x10 release/./hal/uv_hal/src/ui/uv_uislider.o
                0x0000675c                uv_uislider_step
 .text.uv_uidisplay_init
                0x0000676c       0x28 release/./hal/uv_hal/src/ui/uv_uidisplay.o
                0x0000676c                uv_uidisplay_init
 .text.uv_uidisplay_step
                0x00006794       0x14 release/./hal/uv_hal/src/ui/uv_uidisplay.o
                0x00006794                uv_uidisplay_step
 .text.uv_ui_get_yglobal
                0x000067a8       0x88 release/./hal/uv_hal/src/ui/uv_uiwindow.o
 .text.uv_ui_get_xglobal
                0x00006830       0x88 release/./hal/uv_hal/src/ui/uv_uiwindow.o
 .text.redraw   0x000068b8      0x150 release/./hal/uv_hal/src/ui/uv_uiwindow.o
 .text.uv_uiwindow_step
                0x00006a08       0x68 release/./hal/uv_hal/src/ui/uv_uiwindow.o
                0x00006a08                uv_uiwindow_step
 .text.uv_ui_get_xglobal
                0x00006a70       0x88 release/./hal/uv_hal/src/ui/uv_uilist.o
 .text.uv_ui_get_yglobal
                0x00006af8       0x88 release/./hal/uv_hal/src/ui/uv_uilist.o
 .text.draw     0x00006b80      0x194 release/./hal/uv_hal/src/ui/uv_uilist.o
 .text.uv_uilist_recalc_height
                0x00006d14       0x20 release/./hal/uv_hal/src/ui/uv_uilist.o
                0x00006d14                uv_uilist_recalc_height
 .text.uv_uilist_step
                0x00006d34        0xc release/./hal/uv_hal/src/ui/uv_uilist.o
                0x00006d34                uv_uilist_step
 .text.draw     0x00006d40      0x2c4 release/./hal/uv_hal/src/ui/uv_uikeyboard.o
 .text.uv_uikeyboard_show
                0x00007004       0x1c release/./hal/uv_hal/src/ui/uv_uikeyboard.o
                0x00007004                uv_uikeyboard_show
 .text.uv_ui_get_xglobal
                0x00007020       0x88 release/./hal/uv_hal/src/ui/uv_uilabel.o
 .text.uv_ui_get_yglobal
                0x000070a8       0x88 release/./hal/uv_hal/src/ui/uv_uilabel.o
 .text._uv_ui_draw_text
                0x00007130      0x240 release/./hal/uv_hal/src/ui/uv_uilabel.o
                0x00007130                _uv_ui_draw_text
 .text.uv_uilabel_step
                0x00007370      0x23c release/./hal/uv_hal/src/ui/uv_uilabel.o
                0x00007370                uv_uilabel_step
 .text.object_dictionary_size
                0x000075ac        0x4 release/./src/canopen.o
                0x000075ac                object_dictionary_size
 .text.log_entry_get_definition
                0x000075b0       0x34 release/./src/log.o
                0x000075b0                log_entry_get_definition
 .text.log_add  0x000075e4       0x30 release/./src/log.o
                0x000075e4                log_add
 .text.log_get  0x00007614       0x10 release/./src/log.o
                0x00007614                log_get
 .text.log_clear
                0x00007624       0x28 release/./src/log.o
                0x00007624                log_clear
 .text.emcread_callb
                0x0000764c       0x60 release/./src/commands.o
                0x0000764c                emcread_callb
 .text.refresh_callb
                0x000076ac       0x24 release/./src/commands.o
                0x000076ac                refresh_callb
 .text.emcwrite_callb
                0x000076d0       0x38 release/./src/commands.o
                0x000076d0                emcwrite_callb
 .text.eepromwrite_callb
                0x00007708       0x4c release/./src/commands.o
                0x00007708                eepromwrite_callb
 .text.eepromread_callb
                0x00007754       0x64 release/./src/commands.o
                0x00007754                eepromread_callb
 .text.hours_callb
                0x000077b8       0x44 release/./src/commands.o
                0x000077b8                hours_callb
 .text.lcddrawrect_callb
                0x000077fc       0xd0 release/./src/commands.o
                0x000077fc                lcddrawrect_callb
 .text.lcddrawframe_callb
                0x000078cc       0xfc release/./src/commands.o
                0x000078cc                lcddrawframe_callb
 .text.lcdbacklight_callb
                0x000079c8       0x28 release/./src/commands.o
                0x000079c8                lcdbacklight_callb
 .text.logclear_callb
                0x000079f0       0x14 release/./src/commands.o
                0x000079f0                logclear_callb
 .text.logadd_callb
                0x00007a04       0x44 release/./src/commands.o
                0x00007a04                logadd_callb
 .text.logshow_callb
                0x00007a48       0x78 release/./src/commands.o
                0x00007a48                logshow_callb
 .text.alert_callb
                0x00007ac0       0x24 release/./src/commands.o
                0x00007ac0                alert_callb
 .text.volume_callb
                0x00007ae4       0x2c release/./src/commands.o
                0x00007ae4                volume_callb
 .text.time_callb
                0x00007b10       0x7c release/./src/commands.o
                0x00007b10                time_callb
 .text.user_callb
                0x00007b8c      0x128 release/./src/commands.o
                0x00007b8c                user_callb
 .text.show_callb
                0x00007cb4       0x70 release/./src/commands.o
                0x00007cb4                show_callb
 .text.commands_count
                0x00007d24        0x4 release/./src/commands.o
                0x00007d24                commands_count
 .text.dspl_step
                0x00007d28       0x84 release/./src/main.o
                0x00007d28                dspl_step
 .text.dspl_init
                0x00007dac      0x13c release/./src/main.o
                0x00007dac                dspl_init
 .text.main     0x00007ee8       0x50 release/./src/main.o
                0x00007ee8                main
 .text.gui_step
                0x00007f38       0xec release/./src/gui.o
                0x00007f38                gui_step
 .text.gui_set_backlight
                0x00008024       0x30 release/./src/gui.o
                0x00008024                gui_set_backlight
 .text.gui_init
                0x00008054       0xa8 release/./src/gui.o
                0x00008054                gui_init
 .text.gui_get_backlight
                0x000080fc       0x20 release/./src/gui.o
                0x000080fc                gui_get_backlight
 .text.users_add
                0x0000811c       0x44 release/./src/users.o
                0x0000811c                users_add
 .text.users_delete
                0x00008160       0x88 release/./src/users.o
                0x00008160                users_delete
 .text.users_set
                0x000081e8       0x54 release/./src/users.o
                0x000081e8                users_set
 .text.alert_init
                0x0000823c        0x8 release/./src/alert.o
                0x0000823c                alert_init
 .text.alert_reset
                0x00008244       0x10 release/./src/alert.o
                0x00008244                alert_reset
 .text.alert_stop
                0x00008254       0x20 release/./src/alert.o
                0x00008254                alert_stop
 .text.alert_step
                0x00008274      0x1d4 release/./src/alert.o
                0x00008274                alert_step
 .text.alert_play
                0x00008448      0x130 release/./src/alert.o
                0x00008448                alert_play
 .text.alert_set_volume
                0x00008578        0x8 release/./src/alert.o
                0x00008578                alert_set_volume
 .text.alert_get_volume
                0x00008580        0x4 release/./src/alert.o
                0x00008580                alert_get_volume
 .text.taskbar_init
                0x00008584       0xec release/./src/ui/taskbar.o
                0x00008584                taskbar_init
 .text.deleteuser_callb
                0x00008670        0x4 release/./src/ui/login.o
 .text.adduser_callb
                0x00008674       0x28 release/./src/ui/login.o
 .text.login_callb
                0x0000869c       0x9c release/./src/ui/login.o
 .text.login_show
                0x00008738      0x330 release/./src/ui/login.o
                0x00008738                login_show
 .text.cancel_callb
                0x00008a68        0x4 release/./src/ui/settings.o
 .text.ok_callb
                0x00008a6c        0x4 release/./src/ui/settings.o
 .text.brightness_callb
                0x00008a70        0x4 release/./src/ui/settings.o
 .text.volume_callb
                0x00008a74        0x4 release/./src/ui/settings.o
 .text.settings_show
                0x00008a78      0x3e0 release/./src/ui/settings.o
                0x00008a78                settings_show
 .text.cancel_callb
                0x00008e58        0x4 release/./src/ui/system.o
 .text.ok_callb
                0x00008e5c        0x4 release/./src/ui/system.o
 .text.system_show
                0x00008e60      0x238 release/./src/ui/system.o
                0x00008e60                system_show
 .text.button_callb
                0x00009098       0x10 release/./src/ui/home.o
 .text.home_show
                0x000090a8      0x1e0 release/./src/ui/home.o
                0x000090a8                home_show
 .text          0x00009288      0x370 /usr/local/lpcxpresso_7.7.2_379/lpcxpresso/tools/bin/../lib/gcc/arm-none-eabi/5.4.1/armv7-m/libgcc.a(_arm_addsubdf3.o)
                0x00009288                __aeabi_drsub
                0x00009290                __aeabi_dsub
                0x00009290                __subdf3
                0x00009294                __adddf3
                0x00009294                __aeabi_dadd
                0x0000950c                __aeabi_ui2d
                0x0000950c                __floatunsidf
                0x0000952c                __floatsidf
                0x0000952c                __aeabi_i2d
                0x00009550                __extendsfdf2
                0x00009550                __aeabi_f2d
                0x0000958c                __aeabi_ul2d
                0x0000958c                __floatundidf
                0x0000959c                __floatdidf
                0x0000959c                __aeabi_l2d
 .text          0x000095f8       0x50 /usr/local/lpcxpresso_7.7.2_379/lpcxpresso/tools/bin/../lib/gcc/arm-none-eabi/5.4.1/armv7-m/libgcc.a(_arm_fixdfsi.o)
                0x000095f8                __fixdfsi
                0x000095f8                __aeabi_d2iz
 .text          0x00009648       0x40 /usr/local/lpcxpresso_7.7.2_379/lpcxpresso/tools/bin/../lib/gcc/arm-none-eabi/5.4.1/armv7-m/libgcc.a(_arm_fixunsdfsi.o)
                0x00009648                __fixunsdfsi
                0x00009648                __aeabi_d2uiz
 .text          0x00009688      0x21c /usr/local/lpcxpresso_7.7.2_379/lpcxpresso/tools/bin/../lib/gcc/arm-none-eabi/5.4.1/armv7-m/libgcc.a(_arm_addsubsf3.o)
                0x00009688                __aeabi_frsub
                0x00009690                __subsf3
                0x00009690                __aeabi_fsub
                0x00009694                __aeabi_fadd
                0x00009694                __addsf3
                0x000097f4                __aeabi_ui2f
                0x000097f4                __floatunsisf
                0x000097fc                __aeabi_i2f
                0x000097fc                __floatsisf
                0x00009818                __floatundisf
                0x00009818                __aeabi_ul2f
                0x00009828                __floatdisf
                0x00009828                __aeabi_l2f
 .text          0x000098a4      0x2a0 /usr/local/lpcxpresso_7.7.2_379/lpcxpresso/tools/bin/../lib/gcc/arm-none-eabi/5.4.1/armv7-m/libgcc.a(_arm_muldivsf3.o)
                0x000098a4                __mulsf3
                0x000098a4                __aeabi_fmul
                0x00009a0c                __divsf3
                0x00009a0c                __aeabi_fdiv
 .text          0x00009b44       0xec /usr/local/lpcxpresso_7.7.2_379/lpcxpresso/tools/bin/../lib/gcc/arm-none-eabi/5.4.1/armv7-m/libgcc.a(_arm_cmpsf2.o)
                0x00009b44                __gtsf2
                0x00009b44                __gesf2
                0x00009b4c                __lesf2
                0x00009b4c                __ltsf2
                0x00009b54                __nesf2
                0x00009b54                __eqsf2
                0x00009b54                __cmpsf2
                0x00009bb4                __aeabi_cfrcmple
                0x00009bbc                __aeabi_cfcmple
                0x00009bbc                __aeabi_cfcmpeq
                0x00009bcc                __aeabi_fcmpeq
                0x00009be0                __aeabi_fcmplt
                0x00009bf4                __aeabi_fcmple
                0x00009c08                __aeabi_fcmpge
                0x00009c1c                __aeabi_fcmpgt
 .text          0x00009c30       0x4c /usr/local/lpcxpresso_7.7.2_379/lpcxpresso/tools/bin/../lib/gcc/arm-none-eabi/5.4.1/armv7-m/libgcc.a(_arm_fixsfsi.o)
                0x00009c30                __fixsfsi
                0x00009c30                __aeabi_f2iz
 .text          0x00009c7c       0x40 /usr/local/lpcxpresso_7.7.2_379/lpcxpresso/tools/bin/../lib/gcc/arm-none-eabi/5.4.1/armv7-m/libgcc.a(_arm_fixunssfsi.o)
                0x00009c7c                __aeabi_f2uiz
                0x00009c7c                __fixunssfsi
 .text.__itoa   0x00009cbc       0x30 /usr/local/lpcxpresso_7.7.2_379/lpcxpresso/tools/bin/../lib/gcc/arm-none-eabi/5.4.1/../../../../arm-none-eabi/lib/armv7-m/libc.a(lib_a-itoa.o)
                0x00009cbc                __itoa
 .text.itoa     0x00009cec        0x4 /usr/local/lpcxpresso_7.7.2_379/lpcxpresso/tools/bin/../lib/gcc/arm-none-eabi/5.4.1/../../../../arm-none-eabi/lib/armv7-m/libc.a(lib_a-itoa.o)
                0x00009cec                itoa
 .text          0x00009cf0       0xec /usr/local/lpcxpresso_7.7.2_379/lpcxpresso/tools/bin/../lib/gcc/arm-none-eabi/5.4.1/../../../../arm-none-eabi/lib/armv7-m/libc.a(lib_a-memcpy.o)
                0x00009cf0                memcpy
 .text.memmove  0x00009ddc       0xc8 /usr/local/lpcxpresso_7.7.2_379/lpcxpresso/tools/bin/../lib/gcc/arm-none-eabi/5.4.1/../../../../arm-none-eabi/lib/armv7-m/libc.a(lib_a-memmove.o)
                0x00009ddc                memmove
 .text.memset   0x00009ea4       0x9c /usr/local/lpcxpresso_7.7.2_379/lpcxpresso/tools/bin/../lib/gcc/arm-none-eabi/5.4.1/../../../../arm-none-eabi/lib/armv7-m/libc.a(lib_a-memset.o)
                0x00009ea4                memset
 .text          0x00009f40      0x1bc /usr/local/lpcxpresso_7.7.2_379/lpcxpresso/tools/bin/../lib/gcc/arm-none-eabi/5.4.1/../../../../arm-none-eabi/lib/armv7-m/libc.a(lib_a-strcmp.o)
                0x00009f40                strcmp
 .text.strlen   0x0000a0fc       0x5c /usr/local/lpcxpresso_7.7.2_379/lpcxpresso/tools/bin/../lib/gcc/arm-none-eabi/5.4.1/../../../../arm-none-eabi/lib/armv7-m/libc.a(lib_a-strlen-stub.o)
                0x0000a0fc                strlen
 .text.strncpy  0x0000a158       0x68 /usr/local/lpcxpresso_7.7.2_379/lpcxpresso/tools/bin/../lib/gcc/arm-none-eabi/5.4.1/../../../../arm-none-eabi/lib/armv7-m/libc.a(lib_a-strncpy.o)
                0x0000a158                strncpy
 .text._strtol_r
                0x0000a1c0      0x128 /usr/local/lpcxpresso_7.7.2_379/lpcxpresso/tools/bin/../lib/gcc/arm-none-eabi/5.4.1/../../../../arm-none-eabi/lib/armv7-m/libc.a(lib_a-strtol.o)
                0x0000a1c0                _strtol_r
 .text.strtol   0x0000a2e8       0x18 /usr/local/lpcxpresso_7.7.2_379/lpcxpresso/tools/bin/../lib/gcc/arm-none-eabi/5.4.1/../../../../arm-none-eabi/lib/armv7-m/libc.a(lib_a-strtol.o)
                0x0000a2e8                strtol
 .text.__utoa   0x0000a300       0x80 /usr/local/lpcxpresso_7.7.2_379/lpcxpresso/tools/bin/../lib/gcc/arm-none-eabi/5.4.1/../../../../arm-none-eabi/lib/armv7-m/libc.a(lib_a-utoa.o)
                0x0000a300                __utoa
 *(.rodata .rodata.* .constdata .constdata.*)
 .rodata.str1.4
                0x0000a380        0x5 release/./hal/uv_hal/freertos/tasks.o
 *fill*         0x0000a385        0x3 ff
 .rodata.str1.4
                0x0000a388       0x10 release/./hal/uv_hal/freertos/timers.o
 .rodata.str1.4
                0x0000a398        0xb release/./hal/uv_hal/src/uv_eeprom.o
 *fill*         0x0000a3a3        0x1 ff
 .rodata.str1.4
                0x0000a3a4        0x7 release/./hal/uv_hal/src/printf.o
 *fill*         0x0000a3ab        0x1 ff
 .rodata.str1.4
                0x0000a3ac      0x436 release/./hal/uv_hal/src/uv_terminal.o
                                0x446 (size before relaxing)
 *fill*         0x0000a7e2        0x2 ff
 .rodata.common_cmds
                0x0000a7e4       0x70 release/./hal/uv_hal/src/uv_terminal.o
                0x0000a7e4                common_cmds
 .rodata.str1.4
                0x0000a854       0x6c release/./hal/uv_hal/src/uv_utilities.o
 .rodata.str1.4
                0x0000a8c0       0x3e release/./hal/uv_hal/src/uv_memory.o
 *fill*         0x0000a8fe        0x2 ff
 .rodata.str1.4
                0x0000a900      0xa67 release/./hal/uv_hal/src/uv_errors.o
 *fill*         0x0000b367        0x1 ff
 .rodata.str1.4
                0x0000b368       0x13 release/./hal/uv_hal/src/uv_rtos.o
 *fill*         0x0000b37b        0x1 ff
 .rodata.uv_uiwindow_styles
                0x0000b37c       0x18 release/./hal/uv_hal/src/ui/uv_ui_styles.o
                0x0000b37c                uv_uiwindow_styles
 .rodata.uv_uibutton_styles
                0x0000b394       0x28 release/./hal/uv_hal/src/ui/uv_ui_styles.o
                0x0000b394                uv_uibutton_styles
 .rodata.uv_uikeyboard_styles
                0x0000b3bc       0x20 release/./hal/uv_hal/src/ui/uv_ui_styles.o
                0x0000b3bc                uv_uikeyboard_styles
 .rodata.uv_uislider_styles
                0x0000b3dc       0x1c release/./hal/uv_hal/src/ui/uv_ui_styles.o
                0x0000b3dc                uv_uislider_styles
 .rodata.uv_uilist_styles
                0x0000b3f8       0x18 release/./hal/uv_hal/src/ui/uv_ui_styles.o
                0x0000b3f8                uv_uilist_styles
 .rodata.font_16X26
                0x0000b410        0x8 release/./hal/uv_hal/src/ui/uv_uifonts.o
                0x0000b410                font_16X26
 .rodata.font_8x14
                0x0000b418      0xe00 release/./hal/uv_hal/src/ui/uv_uifonts.o
                0x0000b418                font_8x14
 .rodata.font_8X14
                0x0000c218        0x8 release/./hal/uv_hal/src/ui/uv_uifonts.o
                0x0000c218                font_8X14
 .rodata.font_16x26
                0x0000c220     0x3400 release/./hal/uv_hal/src/ui/uv_uifonts.o
                0x0000c220                font_16x26
 .rodata.letters
                0x0000f620       0x25 release/./hal/uv_hal/src/ui/uv_uikeyboard.o
 *fill*         0x0000f645        0x3 ff
 .rodata.str1.4
                0x0000f648       0x22 release/./hal/uv_hal/src/ui/uv_uikeyboard.o
 *fill*         0x0000f66a        0x2 ff
 .rodata.line_lengths
                0x0000f66c        0x4 release/./hal/uv_hal/src/ui/uv_uikeyboard.o
 .rodata.obj_dict
                0x0000f670        0x0 release/./src/canopen.o
                0x0000f670                obj_dict
 .rodata.str1.4
                0x0000f670       0x8f release/./src/log.o
                                 0x91 (size before relaxing)
 *fill*         0x0000f6ff        0x1 ff
 .rodata.log_entry_defs
                0x0000f700       0x48 release/./src/log.o
                0x0000f700                log_entry_defs
 .rodata.terminal_commands
                0x0000f748      0x110 release/./src/commands.o
                0x0000f748                terminal_commands
 .rodata.str1.4
                0x0000f858      0x9dc release/./src/commands.o
                                0x9e8 (size before relaxing)
 .rodata.str1.4
                0x00010234       0x1d release/./src/main.o
 *fill*         0x00010251        0x3 ff
 .rodata.str1.4
                0x00010254        0x4 release/./src/gui.o
 .rodata.str1.4
                0x00010258        0x6 release/./src/ui/taskbar.o
 *fill*         0x0001025e        0x2 ff
 .rodata.str1.4
                0x00010260       0x30 release/./src/ui/login.o
 .rodata.str1.4
                0x00010290       0x33 release/./src/ui/settings.o
 *fill*         0x000102c3        0x1 ff
 .rodata.str1.4
                0x000102c4       0x1f release/./src/ui/system.o
                                 0x2b (size before relaxing)
 *fill*         0x000102e3        0x1 ff
 .rodata.str1.4
                0x000102e4       0x24 release/./src/ui/home.o
                                 0x38 (size before relaxing)
 .rodata._ctype_
                0x00010308      0x101 /usr/local/lpcxpresso_7.7.2_379/lpcxpresso/tools/bin/../lib/gcc/arm-none-eabi/5.4.1/../../../../arm-none-eabi/lib/armv7-m/libc.a(lib_a-ctype_.o)
                0x00010308                _ctype_
 *fill*         0x00010409        0x3 ff
 .rodata.str1.4
                0x0001040c       0x25 /usr/local/lpcxpresso_7.7.2_379/lpcxpresso/tools/bin/../lib/gcc/arm-none-eabi/5.4.1/../../../../arm-none-eabi/lib/armv7-m/libc.a(lib_a-utoa.o)
 *fill*         0x00010431        0x3 ff
 .rodata.str1.4
                0x00010434        0x4 /usr/local/lpcxpresso_7.7.2_379/lpcxpresso/tools/bin/../lib/gcc/arm-none-eabi/5.4.1/../../../../arm-none-eabi/lib/armv7-m/libc.a(lib_a-impure.o)
                                  0x2 (size before relaxing)
                0x00010438                . = ALIGN (0x4)

.glue_7         0x00010438        0x0
 .glue_7        0x00010438        0x0 linker stubs

.glue_7t        0x00010438        0x0
 .glue_7t       0x00010438        0x0 linker stubs

.vfp11_veneer   0x00010438        0x0
 .vfp11_veneer  0x00010438        0x0 linker stubs

.v4_bx          0x00010438        0x0
 .v4_bx         0x00010438        0x0 linker stubs

.iplt           0x00010438        0x0
 .iplt          0x00010438        0x0 release/./CMSIS_CORE_LPC177x_8x/src/system_LPC177x_8x.o

.rel.dyn        0x00010438        0x0
 .rel.iplt      0x00010438        0x0 release/./CMSIS_CORE_LPC177x_8x/src/system_LPC177x_8x.o

.ARM.extab
 *(.ARM.extab* .gnu.linkonce.armextab.*)
                0x00010438                __exidx_start = .

.ARM.exidx
 *(.ARM.exidx* .gnu.linkonce.armexidx.*)
                0x00010438                __exidx_end = .
                0x00010438                _etext = .

.data_RAM2      0x20000000        0x0 load address 0x00010438
 FILL mask 0xff
                [!provide]                PROVIDE (__start_data_RAM2, .)
 *(.ramfunc.$RAM2)
 *(.ramfunc.$RamPeriph16)
 *(.data.$RAM2*)
 *(.data.$RamPeriph16*)
                0x20000000                . = ALIGN (0x4)
                [!provide]                PROVIDE (__end_data_RAM2, .)

.uninit_RESERVED
                0x10000080        0x0
 *(.bss.$RESERVED*)
                0x10000080                . = ALIGN (0x4)
                0x10000080                _end_uninit_RESERVED = .

.data           0x10000080      0x454 load address 0x00010438
 FILL mask 0xff
                0x10000080                _data = .
 *(vtable)
 *(.ramfunc*)
 *(.data*)
 .data.USBClock
                0x10000080        0x4 release/./CMSIS_CORE_LPC177x_8x/src/system_LPC177x_8x.o
                0x10000080                USBClock
 .data.EMCClock
                0x10000084        0x4 release/./CMSIS_CORE_LPC177x_8x/src/system_LPC177x_8x.o
                0x10000084                EMCClock
 .data.PeripheralClock
                0x10000088        0x4 release/./CMSIS_CORE_LPC177x_8x/src/system_LPC177x_8x.o
                0x10000088                PeripheralClock
 .data.SystemCoreClock
                0x1000008c        0x4 release/./CMSIS_CORE_LPC177x_8x/src/system_LPC177x_8x.o
                0x1000008c                SystemCoreClock
 .data.xFreeBytesRemaining
                0x10000090        0x4 release/./hal/uv_hal/freertos/heap_2.o
 .data.uxCriticalNesting
                0x10000094        0x4 release/./hal/uv_hal/freertos/portable/GCC/ARM_CM3/port.o
 .data.lcd      0x10000098        0x4 release/./hal/uv_hal/src/uv_lcd.o
                0x10000098                lcd
 .data.uv_projname
                0x1000009c        0x4 release/./hal/uv_hal/src/uv_memory.o
                0x1000009c                uv_projname
 .data.uv_datetime
                0x100000a0        0x4 release/./hal/uv_hal/src/uv_memory.o
                0x100000a0                uv_datetime
 .data.__ctype_ptr__
                0x100000a4        0x4 /usr/local/lpcxpresso_7.7.2_379/lpcxpresso/tools/bin/../lib/gcc/arm-none-eabi/5.4.1/../../../../arm-none-eabi/lib/armv7-m/libc.a(lib_a-ctype_.o)
                0x100000a4                __ctype_ptr__
 .data.impure_data
                0x100000a8      0x428 /usr/local/lpcxpresso_7.7.2_379/lpcxpresso/tools/bin/../lib/gcc/arm-none-eabi/5.4.1/../../../../arm-none-eabi/lib/armv7-m/libc.a(lib_a-impure.o)
 .data._impure_ptr
                0x100004d0        0x4 /usr/local/lpcxpresso_7.7.2_379/lpcxpresso/tools/bin/../lib/gcc/arm-none-eabi/5.4.1/../../../../arm-none-eabi/lib/armv7-m/libc.a(lib_a-impure.o)
                0x100004d0                _impure_ptr
                0x100004d4                . = ALIGN (0x4)
                0x100004d4                _edata = .

.igot.plt       0x100004d4        0x0 load address 0x0001088c
 .igot.plt      0x100004d4        0x0 release/./CMSIS_CORE_LPC177x_8x/src/system_LPC177x_8x.o

.bss_RAM2       0x20000000        0x0
                [!provide]                PROVIDE (__start_bss_RAM2, .)
 *(.bss.$RAM2*)
 *(.bss.$RamPeriph16*)
                0x20000000                . = ALIGN (0x4)
                [!provide]                PROVIDE (__end_bss_RAM2, .)

.bss            0x100004d8     0x2f90
                0x100004d8                _bss = .
 *(.bss*)
 .bss.xStart    0x100004d8        0x8 release/./hal/uv_hal/freertos/heap_2.o
 .bss.xHeapHasBeenInitialised.6102
                0x100004e0        0x4 release/./hal/uv_hal/freertos/heap_2.o
 .bss.ucHeap    0x100004e4     0x2710 release/./hal/uv_hal/freertos/heap_2.o
 .bss.xEnd      0x10002bf4        0x8 release/./hal/uv_hal/freertos/heap_2.o
 .bss.xNumOfOverflows
                0x10002bfc        0x4 release/./hal/uv_hal/freertos/tasks.o
 .bss.pxDelayedTaskList
                0x10002c00        0x4 release/./hal/uv_hal/freertos/tasks.o
 .bss.xSchedulerRunning
                0x10002c04        0x4 release/./hal/uv_hal/freertos/tasks.o
 .bss.xTasksWaitingTermination
                0x10002c08       0x14 release/./hal/uv_hal/freertos/tasks.o
 .bss.pxOverflowDelayedTaskList
                0x10002c1c        0x4 release/./hal/uv_hal/freertos/tasks.o
 .bss.uxPendedTicks
                0x10002c20        0x4 release/./hal/uv_hal/freertos/tasks.o
 .bss.pxReadyTasksLists
                0x10002c24       0xa0 release/./hal/uv_hal/freertos/tasks.o
 .bss.uxSchedulerSuspended
                0x10002cc4        0x4 release/./hal/uv_hal/freertos/tasks.o
 .bss.uxDeletedTasksWaitingCleanUp
                0x10002cc8        0x4 release/./hal/uv_hal/freertos/tasks.o
 .bss.uxCurrentNumberOfTasks
                0x10002ccc        0x4 release/./hal/uv_hal/freertos/tasks.o
 .bss.pxCurrentTCB
                0x10002cd0        0x4 release/./hal/uv_hal/freertos/tasks.o
                0x10002cd0                pxCurrentTCB
 .bss.xPendingReadyList
                0x10002cd4       0x14 release/./hal/uv_hal/freertos/tasks.o
 .bss.xIdleTaskHandle
                0x10002ce8        0x4 release/./hal/uv_hal/freertos/tasks.o
 .bss.xTickCount
                0x10002cec        0x4 release/./hal/uv_hal/freertos/tasks.o
 .bss.xNextTaskUnblockTime
                0x10002cf0        0x4 release/./hal/uv_hal/freertos/tasks.o
 .bss.uxTaskNumber
                0x10002cf4        0x4 release/./hal/uv_hal/freertos/tasks.o
 .bss.xDelayedTaskList1
                0x10002cf8       0x14 release/./hal/uv_hal/freertos/tasks.o
 .bss.xDelayedTaskList2
                0x10002d0c       0x14 release/./hal/uv_hal/freertos/tasks.o
 .bss.xSuspendedTaskList
                0x10002d20       0x14 release/./hal/uv_hal/freertos/tasks.o
 .bss.uxTopReadyPriority
                0x10002d34        0x4 release/./hal/uv_hal/freertos/tasks.o
 .bss.xYieldPending
                0x10002d38        0x4 release/./hal/uv_hal/freertos/tasks.o
 .bss.pxCurrentTimerList
                0x10002d3c        0x4 release/./hal/uv_hal/freertos/timers.o
 .bss.xActiveTimerList1
                0x10002d40       0x14 release/./hal/uv_hal/freertos/timers.o
 .bss.xActiveTimerList2
                0x10002d54       0x14 release/./hal/uv_hal/freertos/timers.o
 .bss.xLastTime.6345
                0x10002d68        0x4 release/./hal/uv_hal/freertos/timers.o
 .bss.xTimerQueue
                0x10002d6c        0x4 release/./hal/uv_hal/freertos/timers.o
 .bss.pxOverflowTimerList
                0x10002d70        0x4 release/./hal/uv_hal/freertos/timers.o
 .bss.uart0_rxbuffer
                0x10002d74        0xa release/./hal/uv_hal/src/uv_uart.o
 *fill*         0x10002d7e        0x2 
 .bss._this     0x10002d80       0x90 release/./hal/uv_hal/src/uv_uart.o
 .bss._this     0x10002e10       0x70 release/./hal/uv_hal/src/uv_can.o
 .bss._this     0x10002e80        0x6 release/./hal/uv_hal/src/uv_eeprom.o
 *fill*         0x10002e86        0x2 
 .bss.callback  0x10002e88        0x4 release/./hal/uv_hal/src/uv_gpio.o
 .bss.user_ptr  0x10002e8c        0x4 release/./hal/uv_hal/src/uv_utilities.o
                0x10002e8c                user_ptr
 .bss.last_start
                0x10002e90        0x4 release/./hal/uv_hal/src/uv_memory.o
 .bss.last_end  0x10002e94        0x4 release/./hal/uv_hal/src/uv_memory.o
 .bss.rtos_init
                0x10002e98        0x1 release/./hal/uv_hal/src/uv_rtos.o
                0x10002e98                rtos_init
 *(COMMON)
 *fill*         0x10002e99        0x3 
 COMMON         0x10002e9c       0x50 release/./hal/uv_hal/freertos/queue.o
                0x10002e9c                xQueueRegistry
 COMMON         0x10002eec      0x118 release/./hal/uv_hal/src/uv_terminal.o
                0x10002eec                _terminal
 COMMON         0x10003004        0x4 release/./hal/uv_hal/src/uv_errors.o
                0x10003004                __uv_error
 COMMON         0x10003008      0x230 release/./src/main.o
                0x10003008                dspl
 COMMON         0x10003238      0x230 release/./src/gui.o
                0x10003238                gui_mutex
                0x1000323c                gui
                0x10003468                . = ALIGN (0x4)
                0x10003468                _ebss = .
                [!provide]                PROVIDE (end, .)

.noinit_RAM2    0x20000000        0x0
 *(.noinit.$RAM2*)
 *(.noinit.$RamPeriph16*)
                0x20000000                . = ALIGN (0x4)

.noinit         0x10003468        0x0
                0x10003468                _noinit = .
 *(.noinit*)
                0x10003468                . = ALIGN (0x4)
                0x10003468                _end_noinit = .
                [!provide]                PROVIDE (_pvHeapStart, DEFINED (__user_heap_base)?__user_heap_base:.)
                0x1000ff60                PROVIDE (_vStackTop, DEFINED (__user_stack_top)?__user_stack_top:(__top_RamLoc64 - 0x0))
OUTPUT(release/display.axf elf32-littlearm)

.debug_info     0x00000000    0x27a3b
 .debug_info    0x00000000      0x3ef release/./CMSIS_CORE_LPC177x_8x/src/system_LPC177x_8x.o
 .debug_info    0x000003ef      0x360 release/./hal/uv_hal/freertos/heap_2.o
 .debug_info    0x0000074f     0x24f9 release/./hal/uv_hal/freertos/tasks.o
 .debug_info    0x00002c48      0xf26 release/./hal/uv_hal/freertos/timers.o
 .debug_info    0x00003b6e      0x2d0 release/./hal/uv_hal/freertos/list.o
 .debug_info    0x00003e3e     0x169f release/./hal/uv_hal/freertos/queue.o
 .debug_info    0x000054dd      0x33d release/./hal/uv_hal/freertos/portable/GCC/ARM_CM3/port.o
 .debug_info    0x0000581a     0x198f release/./hal/uv_hal/src/uv_uart.o
 .debug_info    0x000071a9      0x8b9 release/./hal/uv_hal/src/uv_can.o
 .debug_info    0x00007a62      0x8b6 release/./hal/uv_hal/src/uv_eeprom.o
 .debug_info    0x00008318      0x629 release/./hal/uv_hal/src/printf.o
 .debug_info    0x00008941     0x1988 release/./hal/uv_hal/src/uv_canopen.o
 .debug_info    0x0000a2c9      0x7f6 release/./hal/uv_hal/src/uv_rtc.o
 .debug_info    0x0000aabf     0x11be release/./hal/uv_hal/src/uv_emc.o
 .debug_info    0x0000bc7d      0x924 release/./hal/uv_hal/src/uv_gpio.o
 .debug_info    0x0000c5a1      0xea3 release/./hal/uv_hal/src/uv_pwm.o
 .debug_info    0x0000d444      0x1ca release/./hal/uv_hal/src/uv_stdout.o
 .debug_info    0x0000d60e     0x127a release/./hal/uv_hal/src/uv_lcd.o
 .debug_info    0x0000e888      0x60b release/./hal/uv_hal/src/uv_reset.o
 .debug_info    0x0000ee93     0x1041 release/./hal/uv_hal/src/uv_adc.o
 .debug_info    0x0000fed4      0xd16 release/./hal/uv_hal/src/uv_terminal.o
 .debug_info    0x00010bea      0xf53 release/./hal/uv_hal/src/uv_utilities.o
 .debug_info    0x00011b3d      0xc15 release/./hal/uv_hal/src/uv_memory.o
 .debug_info    0x00012752      0x136 release/./hal/uv_hal/src/uv_errors.o
 .debug_info    0x00012888      0x831 release/./hal/uv_hal/src/uv_rtos.o
 .debug_info    0x000130b9      0x420 release/./hal/uv_hal/src/ui/uv_ui_styles.o
 .debug_info    0x000134d9      0xf1d release/./hal/uv_hal/src/ui/uv_uibutton.o
 .debug_info    0x000143f6     0x123f release/./hal/uv_hal/src/ui/uv_uislider.o
 .debug_info    0x00015635      0x4d0 release/./hal/uv_hal/src/ui/uv_uidisplay.o
 .debug_info    0x00015b05      0xb28 release/./hal/uv_hal/src/ui/uv_uiwindow.o
 .debug_info    0x0001662d      0x1ca release/./hal/uv_hal/src/ui/uv_uifonts.o
 .debug_info    0x000167f7      0xc71 release/./hal/uv_hal/src/ui/uv_uilist.o
 .debug_info    0x00017468      0x762 release/./hal/uv_hal/src/ui/uv_uikeyboard.o
 .debug_info    0x00017bca     0x1004 release/./hal/uv_hal/src/ui/uv_uilabel.o
 .debug_info    0x00018bce      0x1de release/./src/canopen.o
 .debug_info    0x00018dac      0x407 release/./src/log.o
 .debug_info    0x000191b3     0x252f release/./src/commands.o
 .debug_info    0x0001b6e2      0x297 release/./src/cr_startup_lpc177x_8x.o
 .debug_info    0x0001b979     0x1db3 release/./src/main.o
 .debug_info    0x0001d72c     0x13ef release/./src/gui.o
 .debug_info    0x0001eb1b      0xb5c release/./src/users.o
 .debug_info    0x0001f677      0x81d release/./src/alert.o
 .debug_info    0x0001fe94      0xf8f release/./src/ui/taskbar.o
 .debug_info    0x00020e23     0x2230 release/./src/ui/login.o
 .debug_info    0x00023053     0x21fe release/./src/ui/settings.o
 .debug_info    0x00025251     0x151c release/./src/ui/system.o
 .debug_info    0x0002676d     0x12ce release/./src/ui/home.o

.debug_abbrev   0x00000000     0x65a5
 .debug_abbrev  0x00000000       0xce release/./CMSIS_CORE_LPC177x_8x/src/system_LPC177x_8x.o
 .debug_abbrev  0x000000ce      0x1b8 release/./hal/uv_hal/freertos/heap_2.o
 .debug_abbrev  0x00000286      0x332 release/./hal/uv_hal/freertos/tasks.o
 .debug_abbrev  0x000005b8      0x268 release/./hal/uv_hal/freertos/timers.o
 .debug_abbrev  0x00000820       0xf9 release/./hal/uv_hal/freertos/list.o
 .debug_abbrev  0x00000919      0x2a7 release/./hal/uv_hal/freertos/queue.o
 .debug_abbrev  0x00000bc0      0x206 release/./hal/uv_hal/freertos/portable/GCC/ARM_CM3/port.o
 .debug_abbrev  0x00000dc6      0x35a release/./hal/uv_hal/src/uv_uart.o
 .debug_abbrev  0x00001120      0x224 release/./hal/uv_hal/src/uv_can.o
 .debug_abbrev  0x00001344      0x24f release/./hal/uv_hal/src/uv_eeprom.o
 .debug_abbrev  0x00001593      0x1bc release/./hal/uv_hal/src/printf.o
 .debug_abbrev  0x0000174f      0x3f9 release/./hal/uv_hal/src/uv_canopen.o
 .debug_abbrev  0x00001b48      0x150 release/./hal/uv_hal/src/uv_rtc.o
 .debug_abbrev  0x00001c98      0x17e release/./hal/uv_hal/src/uv_emc.o
 .debug_abbrev  0x00001e16      0x1f7 release/./hal/uv_hal/src/uv_gpio.o
 .debug_abbrev  0x0000200d      0x12d release/./hal/uv_hal/src/uv_pwm.o
 .debug_abbrev  0x0000213a      0x154 release/./hal/uv_hal/src/uv_stdout.o
 .debug_abbrev  0x0000228e      0x245 release/./hal/uv_hal/src/uv_lcd.o
 .debug_abbrev  0x000024d3      0x186 release/./hal/uv_hal/src/uv_reset.o
 .debug_abbrev  0x00002659      0x1b4 release/./hal/uv_hal/src/uv_adc.o
 .debug_abbrev  0x0000280d      0x2d4 release/./hal/uv_hal/src/uv_terminal.o
 .debug_abbrev  0x00002ae1      0x2e9 release/./hal/uv_hal/src/uv_utilities.o
 .debug_abbrev  0x00002dca      0x2ec release/./hal/uv_hal/src/uv_memory.o
 .debug_abbrev  0x000030b6       0xcb release/./hal/uv_hal/src/uv_errors.o
 .debug_abbrev  0x00003181      0x24e release/./hal/uv_hal/src/uv_rtos.o
 .debug_abbrev  0x000033cf       0xe4 release/./hal/uv_hal/src/ui/uv_ui_styles.o
 .debug_abbrev  0x000034b3      0x271 release/./hal/uv_hal/src/ui/uv_uibutton.o
 .debug_abbrev  0x00003724      0x250 release/./hal/uv_hal/src/ui/uv_uislider.o
 .debug_abbrev  0x00003974      0x1c6 release/./hal/uv_hal/src/ui/uv_uidisplay.o
 .debug_abbrev  0x00003b3a      0x221 release/./hal/uv_hal/src/ui/uv_uiwindow.o
 .debug_abbrev  0x00003d5b       0xd3 release/./hal/uv_hal/src/ui/uv_uifonts.o
 .debug_abbrev  0x00003e2e      0x2a8 release/./hal/uv_hal/src/ui/uv_uilist.o
 .debug_abbrev  0x000040d6      0x1fa release/./hal/uv_hal/src/ui/uv_uikeyboard.o
 .debug_abbrev  0x000042d0      0x298 release/./hal/uv_hal/src/ui/uv_uilabel.o
 .debug_abbrev  0x00004568      0x114 release/./src/canopen.o
 .debug_abbrev  0x0000467c      0x189 release/./src/log.o
 .debug_abbrev  0x00004805      0x437 release/./src/commands.o
 .debug_abbrev  0x00004c3c      0x114 release/./src/cr_startup_lpc177x_8x.o
 .debug_abbrev  0x00004d50      0x340 release/./src/main.o
 .debug_abbrev  0x00005090      0x32b release/./src/gui.o
 .debug_abbrev  0x000053bb      0x251 release/./src/users.o
 .debug_abbrev  0x0000560c      0x213 release/./src/alert.o
 .debug_abbrev  0x0000581f      0x227 release/./src/ui/taskbar.o
 .debug_abbrev  0x00005a46      0x39e release/./src/ui/login.o
 .debug_abbrev  0x00005de4      0x2c6 release/./src/ui/settings.o
 .debug_abbrev  0x000060aa      0x285 release/./src/ui/system.o
 .debug_abbrev  0x0000632f      0x276 release/./src/ui/home.o

.debug_aranges  0x00000000      0xee8
 .debug_aranges
                0x00000000       0x28 release/./CMSIS_CORE_LPC177x_8x/src/system_LPC177x_8x.o
 .debug_aranges
                0x00000028       0x40 release/./hal/uv_hal/freertos/heap_2.o
 .debug_aranges
                0x00000068      0x1d8 release/./hal/uv_hal/freertos/tasks.o
 .debug_aranges
                0x00000240       0x98 release/./hal/uv_hal/freertos/timers.o
 .debug_aranges
                0x000002d8       0x40 release/./hal/uv_hal/freertos/list.o
 .debug_aranges
                0x00000318      0x110 release/./hal/uv_hal/freertos/queue.o
 .debug_aranges
                0x00000428       0x70 release/./hal/uv_hal/freertos/portable/GCC/ARM_CM3/port.o
 .debug_aranges
                0x00000498       0x68 release/./hal/uv_hal/src/uv_uart.o
 .debug_aranges
                0x00000500       0x60 release/./hal/uv_hal/src/uv_can.o
 .debug_aranges
                0x00000560       0x60 release/./hal/uv_hal/src/uv_eeprom.o
 .debug_aranges
                0x000005c0       0x50 release/./hal/uv_hal/src/printf.o
 .debug_aranges
                0x00000610       0x88 release/./hal/uv_hal/src/uv_canopen.o
 .debug_aranges
                0x00000698       0x30 release/./hal/uv_hal/src/uv_rtc.o
 .debug_aranges
                0x000006c8       0x20 release/./hal/uv_hal/src/uv_emc.o
 .debug_aranges
                0x000006e8       0x28 release/./hal/uv_hal/src/uv_gpio.o
 .debug_aranges
                0x00000710       0x20 release/./hal/uv_hal/src/uv_pwm.o
 .debug_aranges
                0x00000730       0x30 release/./hal/uv_hal/src/uv_stdout.o
 .debug_aranges
                0x00000760       0x38 release/./hal/uv_hal/src/uv_lcd.o
 .debug_aranges
                0x00000798       0x28 release/./hal/uv_hal/src/uv_reset.o
 .debug_aranges
                0x000007c0       0x30 release/./hal/uv_hal/src/uv_adc.o
 .debug_aranges
                0x000007f0       0x70 release/./hal/uv_hal/src/uv_terminal.o
 .debug_aranges
                0x00000860       0xb8 release/./hal/uv_hal/src/uv_utilities.o
 .debug_aranges
                0x00000918       0x70 release/./hal/uv_hal/src/uv_memory.o
 .debug_aranges
                0x00000988       0x20 release/./hal/uv_hal/src/uv_errors.o
 .debug_aranges
                0x000009a8       0x50 release/./hal/uv_hal/src/uv_rtos.o
 .debug_aranges
                0x000009f8       0x18 release/./hal/uv_hal/src/ui/uv_ui_styles.o
 .debug_aranges
                0x00000a10       0x30 release/./hal/uv_hal/src/ui/uv_uibutton.o
 .debug_aranges
                0x00000a40       0x38 release/./hal/uv_hal/src/ui/uv_uislider.o
 .debug_aranges
                0x00000a78       0x28 release/./hal/uv_hal/src/ui/uv_uidisplay.o
 .debug_aranges
                0x00000aa0       0x38 release/./hal/uv_hal/src/ui/uv_uiwindow.o
 .debug_aranges
                0x00000ad8       0x18 release/./hal/uv_hal/src/ui/uv_uifonts.o
 .debug_aranges
                0x00000af0       0x40 release/./hal/uv_hal/src/ui/uv_uilist.o
 .debug_aranges
                0x00000b30       0x28 release/./hal/uv_hal/src/ui/uv_uikeyboard.o
 .debug_aranges
                0x00000b58       0x38 release/./hal/uv_hal/src/ui/uv_uilabel.o
 .debug_aranges
                0x00000b90       0x20 release/./src/canopen.o
 .debug_aranges
                0x00000bb0       0x38 release/./src/log.o
 .debug_aranges
                0x00000be8       0xa8 release/./src/commands.o
 .debug_aranges
                0x00000c90       0x80 release/./src/cr_startup_lpc177x_8x.o
 .debug_aranges
                0x00000d10       0x30 release/./src/main.o
 .debug_aranges
                0x00000d40       0x38 release/./src/gui.o
 .debug_aranges
                0x00000d78       0x30 release/./src/users.o
 .debug_aranges
                0x00000da8       0x50 release/./src/alert.o
 .debug_aranges
                0x00000df8       0x20 release/./src/ui/taskbar.o
 .debug_aranges
                0x00000e18       0x38 release/./src/ui/login.o
 .debug_aranges
                0x00000e50       0x40 release/./src/ui/settings.o
 .debug_aranges
                0x00000e90       0x30 release/./src/ui/system.o
 .debug_aranges
                0x00000ec0       0x28 release/./src/ui/home.o

.debug_ranges   0x00000000      0xd20
 .debug_ranges  0x00000000       0x18 release/./CMSIS_CORE_LPC177x_8x/src/system_LPC177x_8x.o
 .debug_ranges  0x00000018       0x30 release/./hal/uv_hal/freertos/heap_2.o
 .debug_ranges  0x00000048      0x200 release/./hal/uv_hal/freertos/tasks.o
 .debug_ranges  0x00000248       0x88 release/./hal/uv_hal/freertos/timers.o
 .debug_ranges  0x000002d0       0x30 release/./hal/uv_hal/freertos/list.o
 .debug_ranges  0x00000300      0x100 release/./hal/uv_hal/freertos/queue.o
 .debug_ranges  0x00000400       0x60 release/./hal/uv_hal/freertos/portable/GCC/ARM_CM3/port.o
 .debug_ranges  0x00000460       0x58 release/./hal/uv_hal/src/uv_uart.o
 .debug_ranges  0x000004b8       0x50 release/./hal/uv_hal/src/uv_can.o
 .debug_ranges  0x00000508       0x68 release/./hal/uv_hal/src/uv_eeprom.o
 .debug_ranges  0x00000570       0x60 release/./hal/uv_hal/src/printf.o
 .debug_ranges  0x000005d0       0xf0 release/./hal/uv_hal/src/uv_canopen.o
 .debug_ranges  0x000006c0       0x20 release/./hal/uv_hal/src/uv_rtc.o
 .debug_ranges  0x000006e0       0x10 release/./hal/uv_hal/src/uv_emc.o
 .debug_ranges  0x000006f0       0x18 release/./hal/uv_hal/src/uv_gpio.o
 .debug_ranges  0x00000708       0x10 release/./hal/uv_hal/src/uv_pwm.o
 .debug_ranges  0x00000718       0x20 release/./hal/uv_hal/src/uv_stdout.o
 .debug_ranges  0x00000738       0x28 release/./hal/uv_hal/src/uv_lcd.o
 .debug_ranges  0x00000760       0x18 release/./hal/uv_hal/src/uv_reset.o
 .debug_ranges  0x00000778       0x20 release/./hal/uv_hal/src/uv_adc.o
 .debug_ranges  0x00000798       0x60 release/./hal/uv_hal/src/uv_terminal.o
 .debug_ranges  0x000007f8       0xa8 release/./hal/uv_hal/src/uv_utilities.o
 .debug_ranges  0x000008a0       0x60 release/./hal/uv_hal/src/uv_memory.o
 .debug_ranges  0x00000900       0x10 release/./hal/uv_hal/src/uv_errors.o
 .debug_ranges  0x00000910       0x40 release/./hal/uv_hal/src/uv_rtos.o
 .debug_ranges  0x00000950       0x20 release/./hal/uv_hal/src/ui/uv_uibutton.o
 .debug_ranges  0x00000970       0x28 release/./hal/uv_hal/src/ui/uv_uislider.o
 .debug_ranges  0x00000998       0x18 release/./hal/uv_hal/src/ui/uv_uidisplay.o
 .debug_ranges  0x000009b0       0x28 release/./hal/uv_hal/src/ui/uv_uiwindow.o
 .debug_ranges  0x000009d8       0x30 release/./hal/uv_hal/src/ui/uv_uilist.o
 .debug_ranges  0x00000a08       0x30 release/./hal/uv_hal/src/ui/uv_uikeyboard.o
 .debug_ranges  0x00000a38       0x60 release/./hal/uv_hal/src/ui/uv_uilabel.o
 .debug_ranges  0x00000a98       0x10 release/./src/canopen.o
 .debug_ranges  0x00000aa8       0x28 release/./src/log.o
 .debug_ranges  0x00000ad0       0x98 release/./src/commands.o
 .debug_ranges  0x00000b68       0x70 release/./src/cr_startup_lpc177x_8x.o
 .debug_ranges  0x00000bd8       0x20 release/./src/main.o
 .debug_ranges  0x00000bf8       0x28 release/./src/gui.o
 .debug_ranges  0x00000c20       0x20 release/./src/users.o
 .debug_ranges  0x00000c40       0x40 release/./src/alert.o
 .debug_ranges  0x00000c80       0x10 release/./src/ui/taskbar.o
 .debug_ranges  0x00000c90       0x28 release/./src/ui/login.o
 .debug_ranges  0x00000cb8       0x30 release/./src/ui/settings.o
 .debug_ranges  0x00000ce8       0x20 release/./src/ui/system.o
 .debug_ranges  0x00000d08       0x18 release/./src/ui/home.o

.debug_macro    0x00000000     0xee4f
 .debug_macro   0x00000000      0x157 release/./CMSIS_CORE_LPC177x_8x/src/system_LPC177x_8x.o
 .debug_macro   0x00000157      0x88c release/./CMSIS_CORE_LPC177x_8x/src/system_LPC177x_8x.o
 .debug_macro   0x000009e3       0x22 release/./CMSIS_CORE_LPC177x_8x/src/system_LPC177x_8x.o
 .debug_macro   0x00000a05       0x87 release/./CMSIS_CORE_LPC177x_8x/src/system_LPC177x_8x.o
 .debug_macro   0x00000a8c       0x44 release/./CMSIS_CORE_LPC177x_8x/src/system_LPC177x_8x.o
 .debug_macro   0x00000ad0       0xfd release/./CMSIS_CORE_LPC177x_8x/src/system_LPC177x_8x.o
 .debug_macro   0x00000bcd       0x5e release/./CMSIS_CORE_LPC177x_8x/src/system_LPC177x_8x.o
 .debug_macro   0x00000c2b      0x1df release/./CMSIS_CORE_LPC177x_8x/src/system_LPC177x_8x.o
 .debug_macro   0x00000e0a       0x1c release/./CMSIS_CORE_LPC177x_8x/src/system_LPC177x_8x.o
 .debug_macro   0x00000e26       0x3a release/./CMSIS_CORE_LPC177x_8x/src/system_LPC177x_8x.o
 .debug_macro   0x00000e60       0x2d release/./CMSIS_CORE_LPC177x_8x/src/system_LPC177x_8x.o
 .debug_macro   0x00000e8d      0xbb1 release/./CMSIS_CORE_LPC177x_8x/src/system_LPC177x_8x.o
 .debug_macro   0x00001a3e       0x28 release/./CMSIS_CORE_LPC177x_8x/src/system_LPC177x_8x.o
 .debug_macro   0x00001a66      0x330 release/./CMSIS_CORE_LPC177x_8x/src/system_LPC177x_8x.o
 .debug_macro   0x00001d96      0x1f3 release/./hal/uv_hal/freertos/heap_2.o
 .debug_macro   0x00001f89       0x4c release/./hal/uv_hal/freertos/heap_2.o
 .debug_macro   0x00001fd5       0x8d release/./hal/uv_hal/freertos/heap_2.o
 .debug_macro   0x00002062       0x35 release/./hal/uv_hal/freertos/heap_2.o
 .debug_macro   0x00002097       0x9c release/./hal/uv_hal/freertos/heap_2.o
 .debug_macro   0x00002133       0x16 release/./hal/uv_hal/freertos/heap_2.o
 .debug_macro   0x00002149      0x10e release/./hal/uv_hal/freertos/heap_2.o
 .debug_macro   0x00002257       0x8d release/./hal/uv_hal/freertos/heap_2.o
 .debug_macro   0x000022e4       0x4a release/./hal/uv_hal/freertos/heap_2.o
 .debug_macro   0x0000232e       0x52 release/./hal/uv_hal/freertos/heap_2.o
 .debug_macro   0x00002380       0x1f release/./hal/uv_hal/freertos/heap_2.o
 .debug_macro   0x0000239f       0x43 release/./hal/uv_hal/freertos/heap_2.o
 .debug_macro   0x000023e2       0x20 release/./hal/uv_hal/freertos/heap_2.o
 .debug_macro   0x00002402      0x187 release/./hal/uv_hal/freertos/heap_2.o
 .debug_macro   0x00002589      0x30d release/./hal/uv_hal/freertos/heap_2.o
 .debug_macro   0x00002896       0x16 release/./hal/uv_hal/freertos/heap_2.o
 .debug_macro   0x000028ac       0x29 release/./hal/uv_hal/freertos/heap_2.o
 .debug_macro   0x000028d5      0xbd6 release/./hal/uv_hal/freertos/heap_2.o
 .debug_macro   0x000034ab      0x112 release/./hal/uv_hal/freertos/heap_2.o
 .debug_macro   0x000035bd      0x164 release/./hal/uv_hal/freertos/heap_2.o
 .debug_macro   0x00003721       0xe4 release/./hal/uv_hal/freertos/heap_2.o
 .debug_macro   0x00003805       0x10 release/./hal/uv_hal/freertos/heap_2.o
 .debug_macro   0x00003815       0x1f release/./hal/uv_hal/freertos/heap_2.o
 .debug_macro   0x00003834      0x3e6 release/./hal/uv_hal/freertos/heap_2.o
 .debug_macro   0x00003c1a       0xc0 release/./hal/uv_hal/freertos/heap_2.o
 .debug_macro   0x00003cda       0x9a release/./hal/uv_hal/freertos/heap_2.o
 .debug_macro   0x00003d74      0x297 release/./hal/uv_hal/freertos/tasks.o
 .debug_macro   0x0000400b       0x16 release/./hal/uv_hal/freertos/tasks.o
 .debug_macro   0x00004021       0x35 release/./hal/uv_hal/freertos/tasks.o
 .debug_macro   0x00004056       0x98 release/./hal/uv_hal/freertos/tasks.o
 .debug_macro   0x000040ee       0x10 release/./hal/uv_hal/freertos/tasks.o
 .debug_macro   0x000040fe      0x202 release/./hal/uv_hal/freertos/timers.o
 .debug_macro   0x00004300       0x94 release/./hal/uv_hal/freertos/timers.o
 .debug_macro   0x00004394      0x1c5 release/./hal/uv_hal/freertos/list.o
 .debug_macro   0x00004559      0x244 release/./hal/uv_hal/freertos/queue.o
 .debug_macro   0x0000479d      0x1ba release/./hal/uv_hal/freertos/portable/GCC/ARM_CM3/port.o
 .debug_macro   0x00004957      0x2fd release/./hal/uv_hal/src/uv_uart.o
 .debug_macro   0x00004c54       0x22 release/./hal/uv_hal/src/uv_uart.o
 .debug_macro   0x00004c76       0x50 release/./hal/uv_hal/src/uv_uart.o
 .debug_macro   0x00004cc6       0x52 release/./hal/uv_hal/src/uv_uart.o
 .debug_macro   0x00004d18       0x1c release/./hal/uv_hal/src/uv_uart.o
 .debug_macro   0x00004d34       0x10 release/./hal/uv_hal/src/uv_uart.o
 .debug_macro   0x00004d44       0x10 release/./hal/uv_hal/src/uv_uart.o
 .debug_macro   0x00004d54       0x1c release/./hal/uv_hal/src/uv_uart.o
 .debug_macro   0x00004d70       0x52 release/./hal/uv_hal/src/uv_uart.o
 .debug_macro   0x00004dc2       0x40 release/./hal/uv_hal/src/uv_uart.o
 .debug_macro   0x00004e02       0x10 release/./hal/uv_hal/src/uv_uart.o
 .debug_macro   0x00004e12       0x40 release/./hal/uv_hal/src/uv_uart.o
 .debug_macro   0x00004e52       0xd7 release/./hal/uv_hal/src/uv_uart.o
 .debug_macro   0x00004f29       0x16 release/./hal/uv_hal/src/uv_uart.o
 .debug_macro   0x00004f3f      0x189 release/./hal/uv_hal/src/uv_uart.o
 .debug_macro   0x000050c8       0x16 release/./hal/uv_hal/src/uv_uart.o
 .debug_macro   0x000050de       0x52 release/./hal/uv_hal/src/uv_uart.o
 .debug_macro   0x00005130       0x1c release/./hal/uv_hal/src/uv_uart.o
 .debug_macro   0x0000514c      0x26c release/./hal/uv_hal/src/uv_uart.o
 .debug_macro   0x000053b8      0x118 release/./hal/uv_hal/src/uv_uart.o
 .debug_macro   0x000054d0       0x78 release/./hal/uv_hal/src/uv_uart.o
 .debug_macro   0x00005548       0x34 release/./hal/uv_hal/src/uv_uart.o
 .debug_macro   0x0000557c      0x306 release/./hal/uv_hal/src/uv_can.o
 .debug_macro   0x00005882       0x9e release/./hal/uv_hal/src/uv_can.o
 .debug_macro   0x00005920      0x231 release/./hal/uv_hal/src/uv_eeprom.o
 .debug_macro   0x00005b51       0x10 release/./hal/uv_hal/src/uv_eeprom.o
 .debug_macro   0x00005b61      0x16a release/./hal/uv_hal/src/printf.o
 .debug_macro   0x00005ccb       0x58 release/./hal/uv_hal/src/printf.o
 .debug_macro   0x00005d23      0x2e1 release/./hal/uv_hal/src/uv_canopen.o
 .debug_macro   0x00006004      0x226 release/./hal/uv_hal/src/uv_rtc.o
 .debug_macro   0x0000622a      0x277 release/./hal/uv_hal/src/uv_emc.o
 .debug_macro   0x000064a1      0xdb8 release/./hal/uv_hal/src/uv_emc.o
 .debug_macro   0x00007259       0x34 release/./hal/uv_hal/src/uv_emc.o
 .debug_macro   0x0000728d       0x52 release/./hal/uv_hal/src/uv_emc.o
 .debug_macro   0x000072df       0x1c release/./hal/uv_hal/src/uv_emc.o
 .debug_macro   0x000072fb      0x246 release/./hal/uv_hal/src/uv_gpio.o
 .debug_macro   0x00007541      0xdb2 release/./hal/uv_hal/src/uv_gpio.o
 .debug_macro   0x000082f3      0x22b release/./hal/uv_hal/src/uv_pwm.o
 .debug_macro   0x0000851e       0x24 release/./hal/uv_hal/src/uv_pwm.o
 .debug_macro   0x00008542      0x171 release/./hal/uv_hal/src/uv_stdout.o
 .debug_macro   0x000086b3      0x253 release/./hal/uv_hal/src/uv_lcd.o
 .debug_macro   0x00008906       0x7b release/./hal/uv_hal/src/uv_lcd.o
 .debug_macro   0x00008981       0xc4 release/./hal/uv_hal/src/uv_reset.o
 .debug_macro   0x00008a45      0x218 release/./hal/uv_hal/src/uv_adc.o
 .debug_macro   0x00008c5d       0x70 release/./hal/uv_hal/src/uv_adc.o
 .debug_macro   0x00008ccd      0x349 release/./hal/uv_hal/src/uv_terminal.o
 .debug_macro   0x00009016       0x10 release/./hal/uv_hal/src/uv_terminal.o
 .debug_macro   0x00009026      0x25b release/./hal/uv_hal/src/uv_utilities.o
 .debug_macro   0x00009281       0x4c release/./hal/uv_hal/src/uv_utilities.o
 .debug_macro   0x000092cd      0x344 release/./hal/uv_hal/src/uv_memory.o
 .debug_macro   0x00009611       0x10 release/./hal/uv_hal/src/uv_memory.o
 .debug_macro   0x00009621      0x190 release/./hal/uv_hal/src/uv_errors.o
 .debug_macro   0x000097b1       0x4a release/./hal/uv_hal/src/uv_errors.o
 .debug_macro   0x000097fb      0x327 release/./hal/uv_hal/src/uv_rtos.o
 .debug_macro   0x00009b22       0x2a release/./hal/uv_hal/src/uv_rtos.o
 .debug_macro   0x00009b4c       0x16 release/./hal/uv_hal/src/uv_rtos.o
 .debug_macro   0x00009b62       0x76 release/./hal/uv_hal/src/uv_rtos.o
 .debug_macro   0x00009bd8      0x26d release/./hal/uv_hal/src/ui/uv_ui_styles.o
 .debug_macro   0x00009e45       0x1c release/./hal/uv_hal/src/ui/uv_ui_styles.o
 .debug_macro   0x00009e61      0x27c release/./hal/uv_hal/src/ui/uv_uibutton.o
 .debug_macro   0x0000a0dd       0x11 release/./hal/uv_hal/src/ui/uv_uibutton.o
 .debug_macro   0x0000a0ee       0x16 release/./hal/uv_hal/src/ui/uv_uibutton.o
 .debug_macro   0x0000a104       0x10 release/./hal/uv_hal/src/ui/uv_uibutton.o
 .debug_macro   0x0000a114      0x2f9 release/./hal/uv_hal/src/ui/uv_uislider.o
 .debug_macro   0x0000a40d       0x22 release/./hal/uv_hal/src/ui/uv_uislider.o
 .debug_macro   0x0000a42f       0x10 release/./hal/uv_hal/src/ui/uv_uislider.o
 .debug_macro   0x0000a43f       0x10 release/./hal/uv_hal/src/ui/uv_uislider.o
 .debug_macro   0x0000a44f      0x844 release/./hal/uv_hal/src/ui/uv_uislider.o
 .debug_macro   0x0000ac93      0x278 release/./hal/uv_hal/src/ui/uv_uidisplay.o
 .debug_macro   0x0000af0b      0x26e release/./hal/uv_hal/src/ui/uv_uiwindow.o
 .debug_macro   0x0000b179      0x276 release/./hal/uv_hal/src/ui/uv_uifonts.o
 .debug_macro   0x0000b3ef       0x10 release/./hal/uv_hal/src/ui/uv_uifonts.o
 .debug_macro   0x0000b3ff      0x2ce release/./hal/uv_hal/src/ui/uv_uilist.o
 .debug_macro   0x0000b6cd      0x37b release/./hal/uv_hal/src/ui/uv_uikeyboard.o
 .debug_macro   0x0000ba48       0x16 release/./hal/uv_hal/src/ui/uv_uikeyboard.o
 .debug_macro   0x0000ba5e      0x2db release/./hal/uv_hal/src/ui/uv_uilabel.o
 .debug_macro   0x0000bd39      0x312 release/./src/canopen.o
 .debug_macro   0x0000c04b       0x16 release/./src/canopen.o
 .debug_macro   0x0000c061       0x10 release/./src/canopen.o
 .debug_macro   0x0000c071      0x269 release/./src/log.o
 .debug_macro   0x0000c2da       0x16 release/./src/log.o
 .debug_macro   0x0000c2f0       0x10 release/./src/log.o
 .debug_macro   0x0000c300       0x41 release/./src/log.o
 .debug_macro   0x0000c341      0x4c3 release/./src/commands.o
 .debug_macro   0x0000c804       0x81 release/./src/commands.o
 .debug_macro   0x0000c885       0x22 release/./src/commands.o
 .debug_macro   0x0000c8a7       0xa4 release/./src/commands.o
 .debug_macro   0x0000c94b       0x10 release/./src/commands.o
 .debug_macro   0x0000c95b       0x10 release/./src/commands.o
 .debug_macro   0x0000c96b       0x10 release/./src/commands.o
 .debug_macro   0x0000c97b       0x16 release/./src/commands.o
 .debug_macro   0x0000c991       0x16 release/./src/commands.o
 .debug_macro   0x0000c9a7       0x34 release/./src/commands.o
 .debug_macro   0x0000c9db       0x1d release/./src/cr_startup_lpc177x_8x.o
 .debug_macro   0x0000c9f8      0x500 release/./src/main.o
 .debug_macro   0x0000cef8       0x82 release/./src/main.o
 .debug_macro   0x0000cf7a       0x28 release/./src/main.o
 .debug_macro   0x0000cfa2      0x41d release/./src/gui.o
 .debug_macro   0x0000d3bf      0x35d release/./src/users.o
 .debug_macro   0x0000d71c      0x275 release/./src/alert.o
 .debug_macro   0x0000d991      0x40c release/./src/ui/taskbar.o
 .debug_macro   0x0000dd9d      0x46e release/./src/ui/login.o
 .debug_macro   0x0000e20b      0x408 release/./src/ui/settings.o
 .debug_macro   0x0000e613       0x10 release/./src/ui/settings.o
 .debug_macro   0x0000e623      0x404 release/./src/ui/system.o
 .debug_macro   0x0000ea27       0x10 release/./src/ui/system.o
 .debug_macro   0x0000ea37      0x418 release/./src/ui/home.o

.debug_line     0x00000000    0x1084e
 .debug_line    0x00000000      0x2c2 release/./CMSIS_CORE_LPC177x_8x/src/system_LPC177x_8x.o
 .debug_line    0x000002c2      0x487 release/./hal/uv_hal/freertos/heap_2.o
 .debug_line    0x00000749      0xcda release/./hal/uv_hal/freertos/tasks.o
 .debug_line    0x00001423      0x5d6 release/./hal/uv_hal/freertos/timers.o
 .debug_line    0x000019f9      0x450 release/./hal/uv_hal/freertos/list.o
 .debug_line    0x00001e49      0x840 release/./hal/uv_hal/freertos/queue.o
 .debug_line    0x00002689      0x435 release/./hal/uv_hal/freertos/portable/GCC/ARM_CM3/port.o
 .debug_line    0x00002abe      0x64e release/./hal/uv_hal/src/uv_uart.o
 .debug_line    0x0000310c      0x5cb release/./hal/uv_hal/src/uv_can.o
 .debug_line    0x000036d7      0x593 release/./hal/uv_hal/src/uv_eeprom.o
 .debug_line    0x00003c6a      0x45a release/./hal/uv_hal/src/printf.o
 .debug_line    0x000040c4      0x6ac release/./hal/uv_hal/src/uv_canopen.o
 .debug_line    0x00004770      0x409 release/./hal/uv_hal/src/uv_rtc.o
 .debug_line    0x00004b79      0x48a release/./hal/uv_hal/src/uv_emc.o
 .debug_line    0x00005003      0x43f release/./hal/uv_hal/src/uv_gpio.o
 .debug_line    0x00005442      0x3f0 release/./hal/uv_hal/src/uv_pwm.o
 .debug_line    0x00005832      0x400 release/./hal/uv_hal/src/uv_stdout.o
 .debug_line    0x00005c32      0x4b8 release/./hal/uv_hal/src/uv_lcd.o
 .debug_line    0x000060ea      0x2cc release/./hal/uv_hal/src/uv_reset.o
 .debug_line    0x000063b6      0x41f release/./hal/uv_hal/src/uv_adc.o
 .debug_line    0x000067d5      0x6fd release/./hal/uv_hal/src/uv_terminal.o
 .debug_line    0x00006ed2      0x607 release/./hal/uv_hal/src/uv_utilities.o
 .debug_line    0x000074d9      0x724 release/./hal/uv_hal/src/uv_memory.o
 .debug_line    0x00007bfd      0x307 release/./hal/uv_hal/src/uv_errors.o
 .debug_line    0x00007f04      0x5e2 release/./hal/uv_hal/src/uv_rtos.o
 .debug_line    0x000084e6      0x407 release/./hal/uv_hal/src/ui/uv_ui_styles.o
 .debug_line    0x000088ed      0x544 release/./hal/uv_hal/src/ui/uv_uibutton.o
 .debug_line    0x00008e31      0x615 release/./hal/uv_hal/src/ui/uv_uislider.o
 .debug_line    0x00009446      0x479 release/./hal/uv_hal/src/ui/uv_uidisplay.o
 .debug_line    0x000098bf      0x535 release/./hal/uv_hal/src/ui/uv_uiwindow.o
 .debug_line    0x00009df4      0x430 release/./hal/uv_hal/src/ui/uv_uifonts.o
 .debug_line    0x0000a224      0x5c4 release/./hal/uv_hal/src/ui/uv_uilist.o
 .debug_line    0x0000a7e8      0x626 release/./hal/uv_hal/src/ui/uv_uikeyboard.o
 .debug_line    0x0000ae0e      0x5f9 release/./hal/uv_hal/src/ui/uv_uilabel.o
 .debug_line    0x0000b407      0x520 release/./src/canopen.o
 .debug_line    0x0000b927      0x456 release/./src/log.o
 .debug_line    0x0000bd7d      0x981 release/./src/commands.o
 .debug_line    0x0000c6fe       0xa0 release/./src/cr_startup_lpc177x_8x.o
 .debug_line    0x0000c79e      0x800 release/./src/main.o
 .debug_line    0x0000cf9e      0x70d release/./src/gui.o
 .debug_line    0x0000d6ab      0x622 release/./src/users.o
 .debug_line    0x0000dccd      0x57a release/./src/alert.o
 .debug_line    0x0000e247      0x6b3 release/./src/ui/taskbar.o
 .debug_line    0x0000e8fa      0x8a8 release/./src/ui/login.o
 .debug_line    0x0000f1a2      0x835 release/./src/ui/settings.o
 .debug_line    0x0000f9d7      0x75d release/./src/ui/system.o
 .debug_line    0x00010134      0x71a release/./src/ui/home.o

.debug_str      0x00000000    0x27440
 .debug_str     0x00000000     0x9327 release/./CMSIS_CORE_LPC177x_8x/src/system_LPC177x_8x.o
                               0x94af (size before relaxing)
 .debug_str     0x00009327     0xa22c release/./hal/uv_hal/freertos/heap_2.o
                              0x132b7 (size before relaxing)
 .debug_str     0x00013553     0x1ee8 release/./hal/uv_hal/freertos/tasks.o
                              0x14f32 (size before relaxing)
 .debug_str     0x0001543b      0xcc2 release/./hal/uv_hal/freertos/timers.o
                              0x1477f (size before relaxing)
 .debug_str     0x000160fd       0x51 release/./hal/uv_hal/freertos/list.o
                              0x128a5 (size before relaxing)
 .debug_str     0x0001614e      0x769 release/./hal/uv_hal/freertos/queue.o
                              0x142bf (size before relaxing)
 .debug_str     0x000168b7      0x56a release/./hal/uv_hal/freertos/portable/GCC/ARM_CM3/port.o
                              0x10ddd (size before relaxing)
 .debug_str     0x00016e21     0x389d release/./hal/uv_hal/src/uv_uart.o
                              0x1718d (size before relaxing)
 .debug_str     0x0001a6be      0xf69 release/./hal/uv_hal/src/uv_can.o
                              0x17690 (size before relaxing)
 .debug_str     0x0001b627      0x1ea release/./hal/uv_hal/src/uv_eeprom.o
                              0x11ff8 (size before relaxing)
 .debug_str     0x0001b811      0x5f4 release/./hal/uv_hal/src/printf.o