Archive member included because of file (symbol)

/usr/local/lpcxpresso_7.7.2_379/lpcxpresso/tools/bin/../lib/gcc/arm-none-eabi/4.9.3/../../../../arm-none-eabi/lib/armv7-m/libcr_c.a(memcpy.o)
                              ./hal/uv_hal/src/uv_canopen.o (memcpy)
/usr/local/lpcxpresso_7.7.2_379/lpcxpresso/tools/bin/../lib/gcc/arm-none-eabi/4.9.3/../../../../arm-none-eabi/lib/armv7-m/libcr_c.a(memset.o)
                              ./src/commands.o (memset)
/usr/local/lpcxpresso_7.7.2_379/lpcxpresso/tools/bin/../lib/gcc/arm-none-eabi/4.9.3/../../../../arm-none-eabi/lib/armv7-m/libcr_c.a(__weak__main.o)
                              ./src/cr_startup_lpc177x_8x.o (__main)
/usr/local/lpcxpresso_7.7.2_379/lpcxpresso/tools/bin/../lib/gcc/arm-none-eabi/4.9.3/../../../../arm-none-eabi/lib/armv7-m/libcr_c.a(ctype.o)
                              ./hal/uv_hal/src/printf.o (__ctype)
/usr/local/lpcxpresso_7.7.2_379/lpcxpresso/tools/bin/../lib/gcc/arm-none-eabi/4.9.3/../../../../arm-none-eabi/lib/armv7-m/libcr_c.a(itoa.o)
                              ./hal/uv_hal/src/uv_json.o (itoa)
/usr/local/lpcxpresso_7.7.2_379/lpcxpresso/tools/bin/../lib/gcc/arm-none-eabi/4.9.3/../../../../arm-none-eabi/lib/armv7-m/libcr_c.a(strcat.o)
                              ./hal/uv_hal/src/uv_json.o (strcat)
/usr/local/lpcxpresso_7.7.2_379/lpcxpresso/tools/bin/../lib/gcc/arm-none-eabi/4.9.3/../../../../arm-none-eabi/lib/armv7-m/libcr_c.a(strcmp.o)
                              ./hal/uv_hal/src/uv_terminal.o (strcmp)
/usr/local/lpcxpresso_7.7.2_379/lpcxpresso/tools/bin/../lib/gcc/arm-none-eabi/4.9.3/../../../../arm-none-eabi/lib/armv7-m/libcr_c.a(strlen.o)
                              ./hal/uv_hal/src/uv_json.o (strlen)
/usr/local/lpcxpresso_7.7.2_379/lpcxpresso/tools/bin/../lib/gcc/arm-none-eabi/4.9.3/../../../../arm-none-eabi/lib/armv7-m/libcr_c.a(strncmp.o)
                              ./hal/uv_hal/src/uv_json.o (strncmp)
/usr/local/lpcxpresso_7.7.2_379/lpcxpresso/tools/bin/../lib/gcc/arm-none-eabi/4.9.3/../../../../arm-none-eabi/lib/armv7-m/libcr_c.a(strstr.o)
                              ./hal/uv_hal/src/printf.o (strstr)
/usr/local/lpcxpresso_7.7.2_379/lpcxpresso/tools/bin/../lib/gcc/arm-none-eabi/4.9.3/armv7-m/libcr_eabihelpers.a(float.o)
                              ./hal/uv_hal/src/uv_timer.o (__aeabi_fmul)
/usr/local/lpcxpresso_7.7.2_379/lpcxpresso/tools/bin/../lib/gcc/arm-none-eabi/4.9.3/armv7-m/libcr_eabihelpers.a(memcpy.o)
                              /usr/local/lpcxpresso_7.7.2_379/lpcxpresso/tools/bin/../lib/gcc/arm-none-eabi/4.9.3/../../../../arm-none-eabi/lib/armv7-m/libcr_c.a(memcpy.o) (__aeabi_memcpy)

Allocating common symbols
Common symbol       size              file

dspl                0x268             ./src/main.o
xQueueRegistry      0x50              ./hal/uv_hal/freertos/queue.o
__uv_error          0x4               ./hal/uv_hal/src/uv_errors.o

Discarded input sections

 .group         0x00000000        0x8 ./src/canopen.o
 .group         0x00000000        0x8 ./src/canopen.o
 .group         0x00000000        0x8 ./src/canopen.o
 .group         0x00000000        0x8 ./src/canopen.o
 .group         0x00000000        0x8 ./src/canopen.o
 .group         0x00000000        0x8 ./src/canopen.o
 .group         0x00000000        0x8 ./src/canopen.o
 .group         0x00000000        0x8 ./src/canopen.o
 .group         0x00000000        0x8 ./src/canopen.o
 .group         0x00000000        0x8 ./src/canopen.o
 .group         0x00000000        0x8 ./src/canopen.o
 .group         0x00000000        0x8 ./src/canopen.o
 .group         0x00000000        0x8 ./src/canopen.o
 .group         0x00000000        0x8 ./src/canopen.o
 .group         0x00000000        0x8 ./src/canopen.o
 .group         0x00000000        0x8 ./src/canopen.o
 .group         0x00000000        0x8 ./src/canopen.o
 .group         0x00000000        0x8 ./src/canopen.o
 .group         0x00000000        0x8 ./src/canopen.o
 .group         0x00000000        0x8 ./src/canopen.o
 .group         0x00000000        0x8 ./src/canopen.o
 .group         0x00000000        0x8 ./src/canopen.o
 .text          0x00000000        0x0 ./src/canopen.o
 .data          0x00000000        0x0 ./src/canopen.o
 .bss           0x00000000        0x0 ./src/canopen.o
 .group         0x00000000        0x8 ./src/commands.o
 .group         0x00000000        0x8 ./src/commands.o
 .group         0x00000000        0x8 ./src/commands.o
 .group         0x00000000        0x8 ./src/commands.o
 .group         0x00000000        0x8 ./src/commands.o
 .group         0x00000000        0x8 ./src/commands.o
 .group         0x00000000        0x8 ./src/commands.o
 .group         0x00000000        0x8 ./src/commands.o
 .group         0x00000000        0x8 ./src/commands.o
 .group         0x00000000        0x8 ./src/commands.o
 .group         0x00000000        0x8 ./src/commands.o
 .group         0x00000000        0x8 ./src/commands.o
 .group         0x00000000        0x8 ./src/commands.o
[...]
Memory Configuration

Name             Origin             Length             Attributes
MFlash256        0x00002000         0x0003e000         xr
RamLoc64         0x10000000         0x0000ff60         xrw
RamPeriph16      0x20000000         0x00004000         xrw
*default*        0x00000000         0xffffffff

Linker script and memory map

LOAD ./src/canopen.o
LOAD ./src/commands.o
LOAD ./src/cr_startup_lpc177x_8x.o
LOAD ./src/crp.o
LOAD ./src/log.o
LOAD ./src/main.o
LOAD ./src/network.o
LOAD ./hal/uv_hal/src/ui/fonts.o
LOAD ./hal/uv_hal/src/ui/ugui.o
LOAD ./hal/uv_hal/src/ui/uslider.o
LOAD ./hal/uv_hal/src/printf.o
LOAD ./hal/uv_hal/src/uv_adc.o
LOAD ./hal/uv_hal/src/uv_button.o
LOAD ./hal/uv_hal/src/uv_can.o
LOAD ./hal/uv_hal/src/uv_canopen.o
LOAD ./hal/uv_hal/src/uv_eeprom.o
LOAD ./hal/uv_hal/src/uv_emc.o
LOAD ./hal/uv_hal/src/uv_errors.o
LOAD ./hal/uv_hal/src/uv_filters.o
LOAD ./hal/uv_hal/src/uv_gpio.o
LOAD ./hal/uv_hal/src/uv_i2c.o
LOAD ./hal/uv_hal/src/uv_json.o
LOAD ./hal/uv_hal/src/uv_lcd.o
LOAD ./hal/uv_hal/src/uv_memory.o
LOAD ./hal/uv_hal/src/uv_reset.o
LOAD ./hal/uv_hal/src/uv_rtos.o
LOAD ./hal/uv_hal/src/uv_spi.o
LOAD ./hal/uv_hal/src/uv_stdout.o
LOAD ./hal/uv_hal/src/uv_terminal.o
LOAD ./hal/uv_hal/src/uv_timer.o
LOAD ./hal/uv_hal/src/uv_uart.o
LOAD ./hal/uv_hal/src/uv_utilities.o
LOAD ./hal/uv_hal/src/uv_wdt.o
LOAD ./hal/uv_hal/freertos/portable/GCC/ARM_CM4F/port.o
LOAD ./hal/uv_hal/freertos/portable/GCC/ARM_CM3/port.o
LOAD ./hal/uv_hal/freertos/portable/GCC/ARM_CM0/port.o
LOAD ./hal/uv_hal/freertos/croutine.o
LOAD ./hal/uv_hal/freertos/event_groups.o
LOAD ./hal/uv_hal/freertos/heap_2.o
LOAD ./hal/uv_hal/freertos/list.o
LOAD ./hal/uv_hal/freertos/queue.o
LOAD ./hal/uv_hal/freertos/tasks.o
LOAD ./hal/uv_hal/freertos/timers.o
LOAD ./CMSIS_CORE_LPC177x_8x/src/system_LPC177x_8x.o
START GROUP
LOAD /usr/local/lpcxpresso_7.7.2_379/lpcxpresso/tools/bin/../lib/gcc/arm-none-eabi/4.9.3/../../../../arm-none-eabi/lib/armv7-m/libcr_c.a
LOAD /usr/local/lpcxpresso_7.7.2_379/lpcxpresso/tools/bin/../lib/gcc/arm-none-eabi/4.9.3/armv7-m/libcr_eabihelpers.a
END GROUP
                0x00040000                __top_MFlash256 = 0x40000
                0x1000ff60                __top_RamLoc64 = 0x1000ff60
                0x20004000                __top_RamPeriph16 = 0x20004000

.text           0x00002000     0x7c24
 FILL mask 0xff
                0x00002000                __vectors_start__ = ABSOLUTE (.)
 *(.isr_vector)
 .isr_vector    0x00002000       0xe4 ./src/cr_startup_lpc177x_8x.o
                0x00002000                g_pfnVectors
                0x000020e4                . = ALIGN (0x4)
                0x000020e4                __section_table_start = .
                0x000020e4                __data_section_table = .
                0x000020e4        0x4 LONG 0x9c24 LOADADDR (.data)
                0x000020e8        0x4 LONG 0x10000000 ADDR (.data)
                0x000020ec        0x4 LONG 0x24 SIZEOF (.data)
                0x000020f0        0x4 LONG 0x9c24 LOADADDR (.data_RAM2)
                0x000020f4        0x4 LONG 0x20000000 ADDR (.data_RAM2)
                0x000020f8        0x4 LONG 0x0 SIZEOF (.data_RAM2)
                0x000020fc                __data_section_table_end = .
                0x000020fc                __bss_section_table = .
                0x000020fc        0x4 LONG 0x10000028 ADDR (.bss)
                0x00002100        0x4 LONG 0x2d6c SIZEOF (.bss)
                0x00002104        0x4 LONG 0x20000000 ADDR (.bss_RAM2)
                0x00002108        0x4 LONG 0x0 SIZEOF (.bss_RAM2)
                0x0000210c                __bss_section_table_end = .
                0x0000210c                __section_table_end = .
 *(.after_vectors*)
 .after_vectors
                0x0000210c      0x144 ./src/cr_startup_lpc177x_8x.o
                0x0000210c                data_init
                0x00002150                bss_init
                0x00002188                ResetISR
                0x00002230                DebugMon_Handler
                0x00002248                TIMER2_IRQHandler
                0x00002248                RIT_IRQHandler
                0x00002248                I2C0_IRQHandler
                0x00002248                USBActivity_IRQHandler
                0x00002248                PWM1_IRQHandler
                0x00002248                I2C1_IRQHandler
                0x00002248                EINT2_IRQHandler
                0x00002248                UART1_IRQHandler
                0x00002248                EINT3_IRQHandler
                0x00002248                CANActivity_IRQHandler
                0x00002248                TIMER3_IRQHandler
                0x00002248                PLL0_IRQHandler
                0x00002248                CAN_IRQHandler
                0x00002248                PLL1_IRQHandler
                0x00002248                SSP0_IRQHandler
                0x00002248                I2S_IRQHandler
                0x00002248                I2C2_IRQHandler
                0x00002248                RTC_IRQHandler
                0x00002248                TIMER0_IRQHandler
                0x00002248                SPI_IRQHandler
                0x00002248                LCD_IRQHandler
                0x00002248                EINT1_IRQHandler
                0x00002248                TIMER1_IRQHandler
                0x00002248                UART2_IRQHandler
                0x00002248                UART4_IRQHandler
                0x00002248                ADC_IRQHandler
                0x00002248                MCI_IRQHandler
                0x00002248                SSP1_IRQHandler
                0x00002248                USB_IRQHandler
                0x00002248                BOD_IRQHandler
                0x00002248                WDT_IRQHandler
                0x00002248                QEI_IRQHandler
                0x00002248                EINT0_IRQHandler
                0x00002248                PWM0_IRQHandler
                0x00002248                SSP2_IRQHandler
                0x00002248                EEPROM_IRQHandler
                0x00002248                DMA_IRQHandler
                0x00002248                UART3_IRQHandler
                0x00002248                MCPWM_IRQHandler
                0x00002248                ENET_IRQHandler
                0x000002fc                . = 0x2fc
 *fill*         0x00002250       0xac ff
                0x000022fc                PROVIDE (__CRP_WORD_START__, .)
 *(.crp)
 .crp           0x000022fc        0x4 ./src/crp.o
                0x000022fc                CRP_WORD
                0x00002300                PROVIDE (__CRP_WORD_END__, .)
                0x00000001                ASSERT (! ((__CRP_WORD_START__ == __CRP_WORD_END__)), Linker CRP Enabled, but no CRP_WORD provided within application)
 *(.text*)
 .text.object_dictionary_size
                0x00002300       0x10 ./src/canopen.o
                0x00002300                object_dictionary_size
 .text.commands
                0x00002310       0x14 ./src/commands.o
                0x00002310                commands
 .text.commands_count
                0x00002324       0x10 ./src/commands.o
                0x00002324                commands_count
 .text.emcwrite_callb
                0x00002334       0x80 ./src/commands.o
                0x00002334                emcwrite_callb
 .text.emcread_callb
                0x000023b4       0xa4 ./src/commands.o
                0x000023b4                emcread_callb
 .text.eepromwrite_callb
                0x00002458       0xd0 ./src/commands.o
                0x00002458                eepromwrite_callb
 .text.eepromread_callb
                0x00002528       0xd0 ./src/commands.o
                0x00002528                eepromread_callb
 .text.uv_delay_init
                0x000025f8       0x1c ./src/main.o
 .text.uv_delay
                0x00002614       0x40 ./src/main.o
 .text.uv_rtos_task_create
                0x00002654       0x38 ./src/main.o
 .text.uv_rtos_start_scheduler
                0x0000268c        0xc ./src/main.o
 .text.dspl_init
                0x00002698       0x50 ./src/main.o
                0x00002698                dspl_init
 .text.dspl_step
                0x000026e8       0x5c ./src/main.o
                0x000026e8                dspl_step
 .text.dspl_pin_callback
                0x00002744       0x14 ./src/main.o
                0x00002744                dspl_pin_callback
 .text.main     0x00002758       0xcc ./src/main.o
                0x00002758                main
 .text.network_node_conf
                0x00002824       0x1c ./src/network.o
 .text.network_msb_conf
                0x00002840       0x30 ./src/network.o
                0x00002840                network_msb_conf
 .text.network_csb_conf
                0x00002870       0x30 ./src/network.o
                0x00002870                network_csb_conf
 .text.network_lkeyp_conf
                0x000028a0       0x30 ./src/network.o
                0x000028a0                network_lkeyp_conf
 .text.network_rkeyp_conf
                0x000028d0       0x30 ./src/network.o
                0x000028d0                network_rkeyp_conf
 .text.network_ecu_conf
                0x00002900       0x30 ./src/network.o
                0x00002900                network_ecu_conf
 .text.network_pedal_conf
                0x00002930       0x30 ./src/network.o
                0x00002930                network_pedal_conf
 .text.network_uw181s_conf
                0x00002960       0x30 ./src/network.o
                0x00002960                network_uw181s_conf
 .text.network_uw181smb_conf
                0x00002990       0x30 ./src/network.o
                0x00002990                network_uw181smb_conf
 .text.network_gsm_conf
                0x000029c0       0x30 ./src/network.o
                0x000029c0                network_gsm_conf
 .text.printchar
                0x000029f0       0x34 ./hal/uv_hal/src/printf.o
 .text.prints   0x00002a24       0xb0 ./hal/uv_hal/src/printf.o
 .text.printi   0x00002ad4       0xdc ./hal/uv_hal/src/printf.o
 .text.print    0x00002bb0      0x1d4 ./hal/uv_hal/src/printf.o
                0x00002bb0                print
 .text.printf   0x00002d84       0x2c ./hal/uv_hal/src/printf.o
                0x00002d84                printf
 .text.atoi     0x00002db0       0xdc ./hal/uv_hal/src/printf.o
                0x00002db0                atoi
 .text.__uv_log_error_throw
                0x00002e8c       0x14 ./hal/uv_hal/src/uv_can.o
 .text.check_channel
                0x00002ea0       0x40 ./hal/uv_hal/src/uv_can.o
 .text.uv_can_init
                0x00002ee0       0x64 ./hal/uv_hal/src/uv_can.o
                0x00002ee0                uv_can_init
 .text.uv_can_step
                0x00002f44       0x3c ./hal/uv_hal/src/uv_can.o
                0x00002f44                uv_can_step
 .text.uv_can_config_rx_message
                0x00002f80       0x40 ./hal/uv_hal/src/uv_can.o
                0x00002f80                uv_can_config_rx_message
 .text.uv_can_send_message
                0x00002fc0       0x3c ./hal/uv_hal/src/uv_can.o
                0x00002fc0                uv_can_send_message
 .text.uv_can_fetch_message
                0x00002ffc       0x24 ./hal/uv_hal/src/uv_can.o
                0x00002ffc                uv_can_fetch_message
 .text.uv_can_get_error_state
                0x00003020       0x24 ./hal/uv_hal/src/uv_can.o
                0x00003020                uv_can_get_error_state
 .text.uv_delay_init
                0x00003044       0x1c ./hal/uv_hal/src/uv_canopen.o
 .text.uv_delay
                0x00003060       0x40 ./hal/uv_hal/src/uv_canopen.o
 .text.uv_ring_buffer_clear
                0x000030a0       0x24 ./hal/uv_hal/src/uv_canopen.o
 .text.find_object
                0x000030c4       0xb0 ./hal/uv_hal/src/uv_canopen.o
 .text.array_write
                0x00003174       0x4c ./hal/uv_hal/src/uv_canopen.o
 .text.array_read
                0x000031c0       0x50 ./hal/uv_hal/src/uv_canopen.o
 .text.get_object_value
                0x00003210       0x2c ./hal/uv_hal/src/uv_canopen.o
 .text.uv_canopen_init
                0x0000323c      0x18c ./hal/uv_hal/src/uv_canopen.o
                0x0000323c                uv_canopen_init
 .text.uv_canopen_step
                0x000033c8      0x344 ./hal/uv_hal/src/uv_canopen.o
                0x000033c8                uv_canopen_step
 .text.uv_canopen_set_state
                0x0000370c       0x30 ./hal/uv_hal/src/uv_canopen.o
                0x0000370c                uv_canopen_set_state
 .text.sdo_send_error
                0x0000373c       0x74 ./hal/uv_hal/src/uv_canopen.o
 .text.sdo_send_response
                0x000037b0       0xe0 ./hal/uv_hal/src/uv_canopen.o
 .text.canopen_parse_sdo
                0x00003890      0x2f8 ./hal/uv_hal/src/uv_canopen.o
 .text.parse_rxpdo
                0x00003b88       0xec ./hal/uv_hal/src/uv_canopen.o
 .text.parse_nmt_message
                0x00003c74       0x98 ./hal/uv_hal/src/uv_canopen.o
 .text.uv_eeprom_init
                0x00003d0c       0x94 ./hal/uv_hal/src/uv_eeprom.o
                0x00003d0c                uv_eeprom_init
 .text.uv_eeprom_write
                0x00003da0      0x17c ./hal/uv_hal/src/uv_eeprom.o
                0x00003da0                uv_eeprom_write
 .text.uv_eeprom_read
                0x00003f1c       0xa8 ./hal/uv_hal/src/uv_eeprom.o
                0x00003f1c                uv_eeprom_read
 .text.uv_emc_init
                0x00003fc4      0x418 ./hal/uv_hal/src/uv_emc.o
                0x00003fc4                uv_emc_init
 .text.__uv_log_error
                0x000043dc       0x40 ./hal/uv_hal/src/uv_errors.o
                0x000043dc                __uv_log_error
 .text.__uv_log_error_throw
                0x0000441c       0x14 ./hal/uv_hal/src/uv_gpio.o
 .text.NVIC_EnableIRQ
                0x00004430       0x30 ./hal/uv_hal/src/uv_gpio.o
 .text.uv_gpio_init_output
                0x00004460       0x70 ./hal/uv_hal/src/uv_gpio.o
                0x00004460                uv_gpio_init_output
 .text.uv_gpio_set
                0x000044d0       0x88 ./hal/uv_hal/src/uv_gpio.o
                0x000044d0                uv_gpio_set
 .text.uv_gpio_toggle
                0x00004558       0x5c ./hal/uv_hal/src/uv_gpio.o
                0x00004558                uv_gpio_toggle
 .text.uv_gpio_add_interrupt_callback
                0x000045b4       0x20 ./hal/uv_hal/src/uv_gpio.o
                0x000045b4                uv_gpio_add_interrupt_callback
 .text.GPIO_IRQHandler
                0x000045d4       0xf4 ./hal/uv_hal/src/uv_gpio.o
                0x000045d4                GPIO_IRQHandler
 .text.__uv_gpio_get_iocon
                0x000046c8       0x40 ./hal/uv_hal/src/uv_gpio.o
                0x000046c8                __uv_gpio_get_iocon
 .text.uv_gpio_configure
                0x00004708       0x54 ./hal/uv_hal/src/uv_gpio.o
                0x00004708                uv_gpio_configure
 .text.get_port
                0x0000475c       0x78 ./hal/uv_hal/src/uv_gpio.o
 .text.uv_lcd_tft_init
                0x000047d4      0x1d4 ./hal/uv_hal/src/uv_lcd.o
                0x000047d4                uv_lcd_tft_init
 .text.__uv_log_error_throw
                0x000049a8       0x14 ./hal/uv_hal/src/uv_memory.o
 .text.calc_crc
                0x000049bc       0x70 ./hal/uv_hal/src/uv_memory.o
 .text.uv_enter_ISP_mode
                0x00004a2c       0x34 ./hal/uv_hal/src/uv_memory.o
                0x00004a2c                uv_enter_ISP_mode
 .text.uv_memory_save
                0x00004a60      0x14c ./hal/uv_hal/src/uv_memory.o
                0x00004a60                uv_memory_save
 .text.uv_memory_load
                0x00004bac       0xb4 ./hal/uv_hal/src/uv_memory.o
                0x00004bac                uv_memory_load
 .text.uv_erase_and_write_to_flash
                0x00004c60      0x148 ./hal/uv_hal/src/uv_memory.o
                0x00004c60                uv_erase_and_write_to_flash
 .text.__uv_save_previous_non_volatile_data
                0x00004da8       0x48 ./hal/uv_hal/src/uv_memory.o
                0x00004da8                __uv_save_previous_non_volatile_data
 .text.__uv_load_previous_non_volatile_data
                0x00004df0       0x48 ./hal/uv_hal/src/uv_memory.o
                0x00004df0                __uv_load_previous_non_volatile_data
 .text.__uv_clear_previous_non_volatile_data
                0x00004e38      0x10c ./hal/uv_hal/src/uv_memory.o
                0x00004e38                __uv_clear_previous_non_volatile_data
 .text.NVIC_SystemReset
                0x00004f44       0x28 ./hal/uv_hal/src/uv_reset.o
 .text.uv_system_reset
                0x00004f6c       0x28 ./hal/uv_hal/src/uv_reset.o
                0x00004f6c                uv_system_reset
 .text.uv_rtos_task_delay
                0x00004f94       0x24 ./hal/uv_hal/src/uv_rtos.o
                0x00004f94                uv_rtos_task_delay
 .text.vApplicationStackOverflowHook
                0x00004fb8       0x44 ./hal/uv_hal/src/uv_rtos.o
                0x00004fb8                vApplicationStackOverflowHook
 .text.uv_stdout_set_source
                0x00004ffc       0x20 ./hal/uv_hal/src/uv_stdout.o
                0x00004ffc                uv_stdout_set_source
 .text.putchar  0x0000501c       0x60 ./hal/uv_hal/src/uv_stdout.o
                0x0000501c                putchar
 .text.uv_stdout_send
                0x0000507c       0x34 ./hal/uv_hal/src/uv_stdout.o
                0x0000507c                uv_stdout_send
 .text.__uv_log_error_throw
                0x000050b0       0x14 ./hal/uv_hal/src/uv_terminal.o
 .text.uv_terminal_init
                0x000050c4       0x58 ./hal/uv_hal/src/uv_terminal.o
                0x000050c4                uv_terminal_init
 .text.uv_terminal_get_commands_count
                0x0000511c       0x18 ./hal/uv_hal/src/uv_terminal.o
                0x0000511c                uv_terminal_get_commands_count
 .text.uv_terminal_step
                0x00005134      0x32c ./hal/uv_hal/src/uv_terminal.o
                0x00005134                uv_terminal_step
 .text.uv_terminal_isp_callb
                0x00005460       0x1c ./hal/uv_hal/src/uv_terminal.o
                0x00005460                uv_terminal_isp_callb
 .text.uv_terminal_help_callb
                0x0000547c       0x80 ./hal/uv_hal/src/uv_terminal.o
                0x0000547c                uv_terminal_help_callb
 .text.uv_terminal_man_callb
                0x000054fc       0xdc ./hal/uv_hal/src/uv_terminal.o
                0x000054fc                uv_terminal_man_callb
 .text.uv_terminal_reset_callb
                0x000055d8       0x44 ./hal/uv_hal/src/uv_terminal.o
                0x000055d8                uv_terminal_reset_callb
 .text.uv_terminal_save_callb
                0x0000561c       0x2c ./hal/uv_hal/src/uv_terminal.o
                0x0000561c                uv_terminal_save_callb
 .text.uv_terminal_revert_callb
                0x00005648       0x2c ./hal/uv_hal/src/uv_terminal.o
                0x00005648                uv_terminal_revert_callb
 .text.__uv_log_error_throw
                0x00005674       0x14 ./hal/uv_hal/src/uv_uart.o
 .text.NVIC_EnableIRQ
                0x00005688       0x30 ./hal/uv_hal/src/uv_uart.o
 .text.isr      0x000056b8       0x88 ./hal/uv_hal/src/uv_uart.o
 .text.UART0_IRQHandler
                0x00005740        0xc ./hal/uv_hal/src/uv_uart.o
                0x00005740                UART0_IRQHandler
 .text.check_uart
                0x0000574c       0x40 ./hal/uv_hal/src/uv_uart.o
 .text.uv_uart_init
                0x0000578c      0x18c ./hal/uv_hal/src/uv_uart.o
                0x0000578c                uv_uart_init
 .text.uv_uart_send_char
                0x00005918       0x98 ./hal/uv_hal/src/uv_uart.o
                0x00005918                uv_uart_send_char
 .text.uv_uart_get_char
                0x000059b0       0x58 ./hal/uv_hal/src/uv_uart.o
                0x000059b0                uv_uart_get_char
 .text.uv_uart_is_initialized
                0x00005a08       0x38 ./hal/uv_hal/src/uv_uart.o
                0x00005a08                uv_uart_is_initialized
 .text.__uv_log_error_throw
                0x00005a40       0x14 ./hal/uv_hal/src/uv_utilities.o
 .text.NVIC_SetPriority
                0x00005a54       0x54 ./hal/uv_hal/src/uv_utilities.o
 .text.uv_set_application_ptr
                0x00005aa8       0x1c ./hal/uv_hal/src/uv_utilities.o
                0x00005aa8                uv_set_application_ptr
 .text.uv_ring_buffer_init
                0x00005ac4       0x58 ./hal/uv_hal/src/uv_utilities.o
                0x00005ac4                uv_ring_buffer_init
 .text.uv_ring_buffer_push
                0x00005b1c       0xa0 ./hal/uv_hal/src/uv_utilities.o
                0x00005b1c                uv_ring_buffer_push
 .text.uv_ring_buffer_pop
                0x00005bbc       0xa0 ./hal/uv_hal/src/uv_utilities.o
                0x00005bbc                uv_ring_buffer_pop
 .text._delay_ms
                0x00005c5c       0x54 ./hal/uv_hal/src/uv_utilities.o
                0x00005c5c                _delay_ms
 .text.uv_set_int_priority
                0x00005cb0       0x4c ./hal/uv_hal/src/uv_utilities.o
                0x00005cb0                uv_set_int_priority
 .text.__uv_get_user_ptr
                0x00005cfc       0x18 ./hal/uv_hal/src/uv_utilities.o
                0x00005cfc                __uv_get_user_ptr
 .text.NMI_Handler
                0x00005d14       0x18 ./hal/uv_hal/src/uv_utilities.o
                0x00005d14                NMI_Handler
 .text.HardFault_Handler
                0x00005d2c       0x18 ./hal/uv_hal/src/uv_utilities.o
                0x00005d2c                HardFault_Handler
 .text.MemManage_Handler
                0x00005d44       0x18 ./hal/uv_hal/src/uv_utilities.o
                0x00005d44                MemManage_Handler
 .text.BusFault_Handler
                0x00005d5c       0x18 ./hal/uv_hal/src/uv_utilities.o
                0x00005d5c                BusFault_Handler
 .text.UsageFault_Handler
                0x00005d74       0x18 ./hal/uv_hal/src/uv_utilities.o
                0x00005d74                UsageFault_Handler
 .text.IntDefaultHandler
                0x00005d8c       0x18 ./hal/uv_hal/src/uv_utilities.o
                0x00005d8c                IntDefaultHandler
 .text.uv_wdt_init
                0x00005da4       0x54 ./hal/uv_hal/src/uv_wdt.o
                0x00005da4                uv_wdt_init
 .text.uv_wdt_reset
                0x00005df8       0x28 ./hal/uv_hal/src/uv_wdt.o
                0x00005df8                uv_wdt_reset
 .text.pxPortInitialiseStack
                0x00005e20       0x58 ./hal/uv_hal/freertos/portable/GCC/ARM_CM3/port.o
                0x00005e20                pxPortInitialiseStack
 .text.prvTaskExitError
                0x00005e78       0x1c ./hal/uv_hal/freertos/portable/GCC/ARM_CM3/port.o
 *fill*         0x00005e94        0xc 
 .text.SVC_Handler
                0x00005ea0       0x30 ./hal/uv_hal/freertos/portable/GCC/ARM_CM3/port.o
                0x00005ea0                SVC_Handler
 .text.prvPortStartFirstTask
                0x00005ed0       0x20 ./hal/uv_hal/freertos/portable/GCC/ARM_CM3/port.o
 .text.xPortStartScheduler
                0x00005ef0       0x3c ./hal/uv_hal/freertos/portable/GCC/ARM_CM3/port.o
                0x00005ef0                xPortStartScheduler
 .text.vPortEnterCritical
                0x00005f2c       0x30 ./hal/uv_hal/freertos/portable/GCC/ARM_CM3/port.o
                0x00005f2c                vPortEnterCritical
 .text.vPortExitCritical
                0x00005f5c       0x30 ./hal/uv_hal/freertos/portable/GCC/ARM_CM3/port.o
                0x00005f5c                vPortExitCritical
 *fill*         0x00005f8c        0x4 
 .text.PendSV_Handler
                0x00005f90       0x50 ./hal/uv_hal/freertos/portable/GCC/ARM_CM3/port.o
                0x00005f90                PendSV_Handler
 .text.SysTick_Handler
                0x00005fe0       0x40 ./hal/uv_hal/freertos/portable/GCC/ARM_CM3/port.o
                0x00005fe0                SysTick_Handler
 .text.vPortSetupTimerInterrupt
                0x00006020       0x34 ./hal/uv_hal/freertos/portable/GCC/ARM_CM3/port.o
                0x00006020                vPortSetupTimerInterrupt
 .text.pvPortMalloc
                0x00006054      0x11c ./hal/uv_hal/freertos/heap_2.o
                0x00006054                pvPortMalloc
 .text.vPortFree
                0x00006170       0x70 ./hal/uv_hal/freertos/heap_2.o
                0x00006170                vPortFree
 .text.prvHeapInit
                0x000061e0       0x50 ./hal/uv_hal/freertos/heap_2.o
 .text.vListInitialise
                0x00006230       0x40 ./hal/uv_hal/freertos/list.o
                0x00006230                vListInitialise
 .text.vListInitialiseItem
                0x00006270       0x18 ./hal/uv_hal/freertos/list.o
                0x00006270                vListInitialiseItem
 .text.vListInsertEnd
                0x00006288       0x48 ./hal/uv_hal/freertos/list.o
                0x00006288                vListInsertEnd
 .text.vListInsert
                0x000062d0       0x70 ./hal/uv_hal/freertos/list.o
                0x000062d0                vListInsert
 .text.uxListRemove
                0x00006340       0x54 ./hal/uv_hal/freertos/list.o
                0x00006340                uxListRemove
 .text.xQueueGenericReset
                0x00006394       0xb4 ./hal/uv_hal/freertos/queue.o
                0x00006394                xQueueGenericReset
 .text.prvAllocateQueueMemory
                0x00006448       0x4c ./hal/uv_hal/freertos/queue.o
 .text.xQueueGenericCreate
                0x00006494       0x60 ./hal/uv_hal/freertos/queue.o
                0x00006494                xQueueGenericCreate
 .text.xQueueGenericSend
                0x000064f4      0x14c ./hal/uv_hal/freertos/queue.o
                0x000064f4                xQueueGenericSend
 .text.xQueueGenericSendFromISR
                0x00006640       0xa4 ./hal/uv_hal/freertos/queue.o
                0x00006640                xQueueGenericSendFromISR
 .text.xQueueGenericReceive
                0x000066e4      0x1a4 ./hal/uv_hal/freertos/queue.o
                0x000066e4                xQueueGenericReceive
 .text.prvCopyDataToQueue
                0x00006888       0xdc ./hal/uv_hal/freertos/queue.o
 .text.prvCopyDataFromQueue
                0x00006964       0x4c ./hal/uv_hal/freertos/queue.o
 .text.prvUnlockQueue
                0x000069b0       0x98 ./hal/uv_hal/freertos/queue.o
 .text.prvIsQueueEmpty
                0x00006a48       0x2c ./hal/uv_hal/freertos/queue.o
 .text.prvIsQueueFull
                0x00006a74       0x30 ./hal/uv_hal/freertos/queue.o
 .text.vQueueAddToRegistry
                0x00006aa4       0x50 ./hal/uv_hal/freertos/queue.o
                0x00006aa4                vQueueAddToRegistry
 .text.vQueueWaitForMessageRestricted
                0x00006af4       0x5c ./hal/uv_hal/freertos/queue.o
                0x00006af4                vQueueWaitForMessageRestricted
 .text.xTaskGenericCreate
                0x00006b50      0x154 ./hal/uv_hal/freertos/tasks.o
                0x00006b50                xTaskGenericCreate
 .text.vTaskDelayUntil
                0x00006ca4       0xa0 ./hal/uv_hal/freertos/tasks.o
                0x00006ca4                vTaskDelayUntil
 .text.vTaskStartScheduler
                0x00006d44       0x90 ./hal/uv_hal/freertos/tasks.o
                0x00006d44                vTaskStartScheduler
 .text.vTaskSuspendAll
                0x00006dd4       0x1c ./hal/uv_hal/freertos/tasks.o
                0x00006dd4                vTaskSuspendAll
 .text.xTaskResumeAll
                0x00006df0      0x11c ./hal/uv_hal/freertos/tasks.o
                0x00006df0                xTaskResumeAll
 .text.xTaskGetTickCount
                0x00006f0c       0x20 ./hal/uv_hal/freertos/tasks.o
                0x00006f0c                xTaskGetTickCount
 .text.xTaskIncrementTick
                0x00006f2c      0x160 ./hal/uv_hal/freertos/tasks.o
                0x00006f2c                xTaskIncrementTick
 .text.vTaskSwitchContext
                0x0000708c       0xa8 ./hal/uv_hal/freertos/tasks.o
                0x0000708c                vTaskSwitchContext
 .text.vTaskPlaceOnEventList
                0x00007134       0x2c ./hal/uv_hal/freertos/tasks.o
                0x00007134                vTaskPlaceOnEventList
 .text.vTaskPlaceOnEventListRestricted
                0x00007160       0x38 ./hal/uv_hal/freertos/tasks.o
                0x00007160                vTaskPlaceOnEventListRestricted
 .text.xTaskRemoveFromEventList
                0x00007198       0xac ./hal/uv_hal/freertos/tasks.o
                0x00007198                xTaskRemoveFromEventList
 .text.vTaskSetTimeOutState
                0x00007244       0x2c ./hal/uv_hal/freertos/tasks.o
                0x00007244                vTaskSetTimeOutState
 .text.xTaskCheckForTimeOut
                0x00007270       0x88 ./hal/uv_hal/freertos/tasks.o
                0x00007270                xTaskCheckForTimeOut
 .text.vTaskMissedYield
                0x000072f8       0x18 ./hal/uv_hal/freertos/tasks.o
                0x000072f8                vTaskMissedYield
 .text.prvIdleTask
                0x00007310       0x30 ./hal/uv_hal/freertos/tasks.o
 .text.prvInitialiseTCBVariables
                0x00007340       0xa4 ./hal/uv_hal/freertos/tasks.o
 .text.prvInitialiseTaskLists
                0x000073e4       0x7c ./hal/uv_hal/freertos/tasks.o
 .text.prvCheckTasksWaitingTermination
                0x00007460       0x74 ./hal/uv_hal/freertos/tasks.o
 .text.prvAllocateTCBAndStack
                0x000074d4       0x84 ./hal/uv_hal/freertos/tasks.o
 .text.prvDeleteTCB
                0x00007558       0x20 ./hal/uv_hal/freertos/tasks.o
 .text.prvResetNextTaskUnblockTime
                0x00007578       0x48 ./hal/uv_hal/freertos/tasks.o
 .text.xTaskGetSchedulerState
                0x000075c0       0x3c ./hal/uv_hal/freertos/tasks.o
                0x000075c0                xTaskGetSchedulerState
 .text.vTaskPriorityInherit
                0x000075fc       0xf0 ./hal/uv_hal/freertos/tasks.o
                0x000075fc                vTaskPriorityInherit
 .text.xTaskPriorityDisinherit
                0x000076ec       0xcc ./hal/uv_hal/freertos/tasks.o
                0x000076ec                xTaskPriorityDisinherit
 .text.pvTaskIncrementMutexHeldCount
                0x000077b8       0x28 ./hal/uv_hal/freertos/tasks.o
                0x000077b8                pvTaskIncrementMutexHeldCount
 .text.prvAddCurrentTaskToDelayedList
                0x000077e0       0xc8 ./hal/uv_hal/freertos/tasks.o
 .text.xTimerCreateTimerTask
                0x000078a8       0x5c ./hal/uv_hal/freertos/timers.o
                0x000078a8                xTimerCreateTimerTask
 .text.xTimerGenericCommand
                0x00007904       0x8c ./hal/uv_hal/freertos/timers.o
                0x00007904                xTimerGenericCommand
 .text.prvProcessExpiredTimer
                0x00007990       0x64 ./hal/uv_hal/freertos/timers.o
 .text.prvTimerTask
                0x000079f4       0x24 ./hal/uv_hal/freertos/timers.o
 .text.prvProcessTimerOrBlockTask
                0x00007a18       0x9c ./hal/uv_hal/freertos/timers.o
 .text.prvGetNextExpireTime
                0x00007ab4       0x48 ./hal/uv_hal/freertos/timers.o
 .text.prvSampleTimeNow
                0x00007afc       0x40 ./hal/uv_hal/freertos/timers.o
 .text.prvInsertTimerInActiveList
                0x00007b3c       0x84 ./hal/uv_hal/freertos/timers.o
 .text.prvProcessReceivedCommands
                0x00007bc0       0xf4 ./hal/uv_hal/freertos/timers.o
 .text.prvSwitchTimerLists
                0x00007cb4       0xa4 ./hal/uv_hal/freertos/timers.o
 .text.prvCheckForValidListAndQueue
                0x00007d58       0x74 ./hal/uv_hal/freertos/timers.o
 .text.SystemCoreClockUpdate
                0x00007dcc      0x2f8 ./CMSIS_CORE_LPC177x_8x/src/system_LPC177x_8x.o
                0x00007dcc                SystemCoreClockUpdate
 .text.SystemInit
                0x000080c4       0xa4 ./CMSIS_CORE_LPC177x_8x/src/system_LPC177x_8x.o
                0x000080c4                SystemInit
 .text.memcpy   0x00008168        0x4 /usr/local/lpcxpresso_7.7.2_379/lpcxpresso/tools/bin/../lib/gcc/arm-none-eabi/4.9.3/../../../../arm-none-eabi/lib/armv7-m/libcr_c.a(memcpy.o)
                0x00008168                memcpy
 .text.memset   0x0000816c        0x4 /usr/local/lpcxpresso_7.7.2_379/lpcxpresso/tools/bin/../lib/gcc/arm-none-eabi/4.9.3/../../../../arm-none-eabi/lib/armv7-m/libcr_c.a(memset.o)
                0x0000816c                memset
 .text.__weak_main
                0x00008170        0x4 /usr/local/lpcxpresso_7.7.2_379/lpcxpresso/tools/bin/../lib/gcc/arm-none-eabi/4.9.3/../../../../arm-none-eabi/lib/armv7-m/libcr_c.a(__weak__main.o)
                0x00008170                __main
                0x00008170                __weak_main
 .text.strcmp   0x00008174       0x44 /usr/local/lpcxpresso_7.7.2_379/lpcxpresso/tools/bin/../lib/gcc/arm-none-eabi/4.9.3/../../../../arm-none-eabi/lib/armv7-m/libcr_c.a(strcmp.o)
                0x00008174                strcmp
 .text.strlen   0x000081b8       0x4a /usr/local/lpcxpresso_7.7.2_379/lpcxpresso/tools/bin/../lib/gcc/arm-none-eabi/4.9.3/../../../../arm-none-eabi/lib/armv7-m/libcr_c.a(strlen.o)
                0x000081b8                strlen
 .text.strstr   0x00008202       0x1e /usr/local/lpcxpresso_7.7.2_379/lpcxpresso/tools/bin/../lib/gcc/arm-none-eabi/4.9.3/../../../../arm-none-eabi/lib/armv7-m/libcr_c.a(strstr.o)
                0x00008202                strstr
 .text.__aeabi_memcpy
                0x00008220       0x34 /usr/local/lpcxpresso_7.7.2_379/lpcxpresso/tools/bin/../lib/gcc/arm-none-eabi/4.9.3/armv7-m/libcr_eabihelpers.a(memcpy.o)
                0x00008220                __aeabi_memcpy
                0x0000822a                __aeabi_memcpy4
                0x0000822a                __aeabi_memcpy8
 .text.__aeabi_memset_lowlevel
                0x00008254       0x32 /usr/local/lpcxpresso_7.7.2_379/lpcxpresso/tools/bin/../lib/gcc/arm-none-eabi/4.9.3/armv7-m/libcr_eabihelpers.a(memcpy.o)
                0x00008254                __aeabi_lowlevel_memset
 *(.rodata .rodata.* .constdata .constdata.*)
 *fill*         0x00008286        0x2 
 .rodata.obj_dict
                0x00008288        0x0 ./src/canopen.o
                0x00008288                obj_dict
 .rodata        0x00008288      0x7e4 ./src/commands.o
 .rodata.terminal_commands
                0x00008a6c       0xd0 ./src/commands.o
                0x00008a6c                terminal_commands
 .rodata        0x00008b3c       0x18 ./src/main.o
 .rodata        0x00008b54       0x20 ./src/network.o
 .rodata        0x00008b74       0x10 ./hal/uv_hal/src/printf.o
 .rodata        0x00008b84      0xa48 ./hal/uv_hal/src/uv_errors.o
 .rodata        0x000095cc       0x54 ./hal/uv_hal/src/uv_memory.o
 .rodata        0x00009620        0xc ./hal/uv_hal/src/uv_rtos.o
 .rodata        0x0000962c      0x340 ./hal/uv_hal/src/uv_terminal.o
 .rodata.common_cmds
                0x0000996c       0x60 ./hal/uv_hal/src/uv_terminal.o
 .rodata        0x000099cc       0xc0 ./hal/uv_hal/src/uv_utilities.o
 .rodata        0x00009a8c        0x8 ./hal/uv_hal/freertos/tasks.o
 .rodata        0x00009a94       0x10 ./hal/uv_hal/freertos/timers.o
 .rodata.__ctype
                0x00009aa4      0x180 /usr/local/lpcxpresso_7.7.2_379/lpcxpresso/tools/bin/../lib/gcc/arm-none-eabi/4.9.3/../../../../arm-none-eabi/lib/armv7-m/libcr_c.a(ctype.o)
                0x00009aa4                __ctype
                0x00009c24                . = ALIGN (0x4)

.glue_7         0x00009c24        0x0
 .glue_7        0x00000000        0x0 linker stubs

.glue_7t        0x00009c24        0x0
 .glue_7t       0x00000000        0x0 linker stubs

.vfp11_veneer   0x00009c24        0x0
 .vfp11_veneer  0x00000000        0x0 linker stubs

.v4_bx          0x00009c24        0x0
 .v4_bx         0x00000000        0x0 linker stubs

.iplt           0x00009c24        0x0
 .iplt          0x00000000        0x0 ./src/canopen.o

.rel.dyn        0x00009c24        0x0
 .rel.iplt      0x00000000        0x0 ./src/canopen.o

.ARM.extab
 *(.ARM.extab* .gnu.linkonce.armextab.*)
                0x00009c24                __exidx_start = .

.ARM.exidx
 *(.ARM.exidx* .gnu.linkonce.armexidx.*)
                0x00009c24                __exidx_end = .
                0x00009c24                _etext = .

.data_RAM2      0x20000000        0x0 load address 0x00009c24
 FILL mask 0xff
                0x20000000                PROVIDE (__start_data_RAM2, .)
 *(.ramfunc.$RAM2)
 *(.ramfunc.$RamPeriph16)
 *(.data.$RAM2*)
 *(.data.$RamPeriph16*)
                0x20000000                . = ALIGN (0x4)
                0x20000000                PROVIDE (__end_data_RAM2, .)

.uninit_RESERVED
                0x10000000        0x0
 *(.bss.$RESERVED*)
                0x10000000                . = ALIGN (0x4)
                0x10000000                _end_uninit_RESERVED = .

.data           0x10000000       0x24 load address 0x00009c24
 FILL mask 0xff
                0x10000000                _data = .
 *(vtable)
 *(.ramfunc*)
 *(.data*)
 .data.projname
                0x10000000        0x4 ./hal/uv_hal/src/uv_memory.o
 .data.datetime
                0x10000004        0x4 ./hal/uv_hal/src/uv_memory.o
 .data.stdout   0x10000008        0x1 ./hal/uv_hal/src/uv_stdout.o
 *fill*         0x10000009        0x3 
 .data.uxCriticalNesting
                0x1000000c        0x4 ./hal/uv_hal/freertos/portable/GCC/ARM_CM3/port.o
 .data.xFreeBytesRemaining
                0x10000010        0x4 ./hal/uv_hal/freertos/heap_2.o
 .data.SystemCoreClock
                0x10000014        0x4 ./CMSIS_CORE_LPC177x_8x/src/system_LPC177x_8x.o
                0x10000014                SystemCoreClock
 .data.PeripheralClock
                0x10000018        0x4 ./CMSIS_CORE_LPC177x_8x/src/system_LPC177x_8x.o
                0x10000018                PeripheralClock
 .data.EMCClock
                0x1000001c        0x4 ./CMSIS_CORE_LPC177x_8x/src/system_LPC177x_8x.o
                0x1000001c                EMCClock
 .data.USBClock
                0x10000020        0x4 ./CMSIS_CORE_LPC177x_8x/src/system_LPC177x_8x.o
                0x10000020                USBClock
                0x10000024                . = ALIGN (0x4)
                0x10000024                _edata = .

.igot.plt       0x10000024        0x0 load address 0x00009c48
 .igot.plt      0x00000000        0x0 ./src/canopen.o

.bss_RAM2       0x20000000        0x0
                0x20000000                PROVIDE (__start_bss_RAM2, .)
 *(.bss.$RAM2*)
 *(.bss.$RamPeriph16*)
                0x20000000                . = ALIGN (0x4)
                0x20000000                PROVIDE (__end_bss_RAM2, .)

.bss            0x10000028     0x2d6c
                0x10000028                _bss = .
 *(.bss*)
 .bss._this     0x10000028       0x98 ./hal/uv_hal/src/uv_can.o
 .bss.callback  0x100000c0        0x4 ./hal/uv_hal/src/uv_gpio.o
 .bss.last_start
                0x100000c4        0x4 ./hal/uv_hal/src/uv_memory.o
 .bss.last_end  0x100000c8        0x4 ./hal/uv_hal/src/uv_memory.o
 .bss.byte_count
                0x100000cc        0x1 ./hal/uv_hal/src/uv_stdout.o
 *fill*         0x100000cd        0x3 
 .bss._this     0x100000d0       0xd0 ./hal/uv_hal/src/uv_terminal.o
 .bss.uart0_rxbuffer
                0x100001a0        0x8 ./hal/uv_hal/src/uv_uart.o
 .bss._this     0x100001a8       0x90 ./hal/uv_hal/src/uv_uart.o
 .bss.user_ptr  0x10000238        0x4 ./hal/uv_hal/src/uv_utilities.o
                0x10000238                user_ptr
 .bss.ucHeap    0x1000023c     0x2710 ./hal/uv_hal/freertos/heap_2.o
 .bss.xStart    0x1000294c        0x8 ./hal/uv_hal/freertos/heap_2.o
 .bss.xEnd      0x10002954        0x8 ./hal/uv_hal/freertos/heap_2.o
 .bss.xHeapHasBeenInitialised.5695
                0x1000295c        0x4 ./hal/uv_hal/freertos/heap_2.o
 .bss.pxCurrentTCB
                0x10002960        0x4 ./hal/uv_hal/freertos/tasks.o
                0x10002960                pxCurrentTCB
 .bss.pxReadyTasksLists
                0x10002964       0xa0 ./hal/uv_hal/freertos/tasks.o
 .bss.xDelayedTaskList1
                0x10002a04       0x14 ./hal/uv_hal/freertos/tasks.o
 .bss.xDelayedTaskList2
                0x10002a18       0x14 ./hal/uv_hal/freertos/tasks.o
 .bss.pxDelayedTaskList
                0x10002a2c        0x4 ./hal/uv_hal/freertos/tasks.o
 .bss.pxOverflowDelayedTaskList
                0x10002a30        0x4 ./hal/uv_hal/freertos/tasks.o
 .bss.xPendingReadyList
                0x10002a34       0x14 ./hal/uv_hal/freertos/tasks.o
 .bss.xTasksWaitingTermination
                0x10002a48       0x14 ./hal/uv_hal/freertos/tasks.o
 .bss.uxDeletedTasksWaitingCleanUp
                0x10002a5c        0x4 ./hal/uv_hal/freertos/tasks.o
 .bss.xSuspendedTaskList
                0x10002a60       0x14 ./hal/uv_hal/freertos/tasks.o
 .bss.uxCurrentNumberOfTasks
                0x10002a74        0x4 ./hal/uv_hal/freertos/tasks.o
 .bss.xTickCount
                0x10002a78        0x4 ./hal/uv_hal/freertos/tasks.o
 .bss.uxTopReadyPriority
                0x10002a7c        0x4 ./hal/uv_hal/freertos/tasks.o
 .bss.xSchedulerRunning
                0x10002a80        0x4 ./hal/uv_hal/freertos/tasks.o
 .bss.uxPendedTicks
                0x10002a84        0x4 ./hal/uv_hal/freertos/tasks.o
 .bss.xYieldPending
                0x10002a88        0x4 ./hal/uv_hal/freertos/tasks.o
 .bss.xNumOfOverflows
                0x10002a8c        0x4 ./hal/uv_hal/freertos/tasks.o
 .bss.uxTaskNumber
                0x10002a90        0x4 ./hal/uv_hal/freertos/tasks.o
 .bss.xNextTaskUnblockTime
                0x10002a94        0x4 ./hal/uv_hal/freertos/tasks.o
 .bss.xIdleTaskHandle
                0x10002a98        0x4 ./hal/uv_hal/freertos/tasks.o
 .bss.uxSchedulerSuspended
                0x10002a9c        0x4 ./hal/uv_hal/freertos/tasks.o
 .bss.xActiveTimerList1
                0x10002aa0       0x14 ./hal/uv_hal/freertos/timers.o
 .bss.xActiveTimerList2
                0x10002ab4       0x14 ./hal/uv_hal/freertos/timers.o
 .bss.pxCurrentTimerList
                0x10002ac8        0x4 ./hal/uv_hal/freertos/timers.o
 .bss.pxOverflowTimerList
                0x10002acc        0x4 ./hal/uv_hal/freertos/timers.o
 .bss.xTimerQueue
                0x10002ad0        0x4 ./hal/uv_hal/freertos/timers.o
 .bss.xLastTime.5938
                0x10002ad4        0x4 ./hal/uv_hal/freertos/timers.o
 *(COMMON)
 COMMON         0x10002ad8      0x268 ./src/main.o
                0x10002ad8                dspl
 COMMON         0x10002d40        0x4 ./hal/uv_hal/src/uv_errors.o
                0x10002d40                __uv_error
 COMMON         0x10002d44       0x50 ./hal/uv_hal/freertos/queue.o
                0x10002d44                xQueueRegistry
                0x10002d94                . = ALIGN (0x4)
                0x10002d94                _ebss = .
                0x10002d94                PROVIDE (end, .)

.noinit_RAM2    0x20000000        0x0
 *(.noinit.$RAM2*)
 *(.noinit.$RamPeriph16*)
                0x20000000                . = ALIGN (0x4)

.noinit         0x10002d94        0x0
                0x10002d94                _noinit = .
 *(.noinit*)
                0x10002d94                . = ALIGN (0x4)
                0x10002d94                _end_noinit = .
                0x10002d94                PROVIDE (_pvHeapStart, DEFINED (__user_heap_base)?__user_heap_base:.)
                0x1000ff60                PROVIDE (_vStackTop, DEFINED (__user_stack_top)?__user_stack_top:(__top_RamLoc64 - 0x0))
OUTPUT(uw_display.axf elf32-littlearm)

.debug_info     0x00000000     0xf6a1
 .debug_info    0x00000000      0x1a5 ./src/canopen.o
 .debug_info    0x000001a5      0x497 ./src/commands.o
 .debug_info    0x0000063c      0x24e ./src/cr_startup_lpc177x_8x.o
 .debug_info    0x0000088a       0x3f ./src/crp.o
 .debug_info    0x000008c9      0xbb8 ./src/main.o
 .debug_info    0x00001481      0xb86 ./src/network.o
 .debug_info    0x00002007      0x46c ./hal/uv_hal/src/printf.o
 .debug_info    0x00002473      0x718 ./hal/uv_hal/src/uv_can.o
 .debug_info    0x00002b8b     0x120d ./hal/uv_hal/src/uv_canopen.o
 .debug_info    0x00003d98      0x4f8 ./hal/uv_hal/src/uv_eeprom.o
 .debug_info    0x00004290     0x1154 ./hal/uv_hal/src/uv_emc.o
 .debug_info    0x000053e4       0xce ./hal/uv_hal/src/uv_errors.o
 .debug_info    0x000054b2     0x1310 ./hal/uv_hal/src/uv_gpio.o
 .debug_info    0x000067c2     0x1008 ./hal/uv_hal/src/uv_lcd.o
 .debug_info    0x000077ca      0x82e ./hal/uv_hal/src/uv_memory.o
 .debug_info    0x00007ff8      0x306 ./hal/uv_hal/src/uv_reset.o
 .debug_info    0x000082fe      0x481 ./hal/uv_hal/src/uv_rtos.o
 .debug_info    0x0000877f      0x1a3 ./hal/uv_hal/src/uv_stdout.o
 .debug_info    0x00008922      0x7ba ./hal/uv_hal/src/uv_terminal.o
 .debug_info    0x000090dc     0x1699 ./hal/uv_hal/src/uv_uart.o
 .debug_info    0x0000a775      0xca8 ./hal/uv_hal/src/uv_utilities.o
 .debug_info    0x0000b41d      0x21b ./hal/uv_hal/src/uv_wdt.o
 .debug_info    0x0000b638      0x2f6 ./hal/uv_hal/freertos/portable/GCC/ARM_CM3/port.o
 .debug_info    0x0000b92e      0x2e2 ./hal/uv_hal/freertos/heap_2.o
 .debug_info    0x0000bc10      0x2b6 ./hal/uv_hal/freertos/list.o
 .debug_info    0x0000bec6      0xff5 ./hal/uv_hal/freertos/queue.o
 .debug_info    0x0000cebb     0x19ee ./hal/uv_hal/freertos/tasks.o
 .debug_info    0x0000e8a9      0xa1f ./hal/uv_hal/freertos/timers.o
 .debug_info    0x0000f2c8      0x3d9 ./CMSIS_CORE_LPC177x_8x/src/system_LPC177x_8x.o

.debug_abbrev   0x00000000     0x2fb6
 .debug_abbrev  0x00000000      0x101 ./src/canopen.o
 .debug_abbrev  0x00000101      0x177 ./src/commands.o
 .debug_abbrev  0x00000278       0xf5 ./src/cr_startup_lpc177x_8x.o
 .debug_abbrev  0x0000036d       0x36 ./src/crp.o
 .debug_abbrev  0x000003a3      0x286 ./src/main.o
 .debug_abbrev  0x00000629      0x1ec ./src/network.o
 .debug_abbrev  0x00000815      0x154 ./hal/uv_hal/src/printf.o
 .debug_abbrev  0x00000969      0x1ae ./hal/uv_hal/src/uv_can.o
 .debug_abbrev  0x00000b17      0x2ca ./hal/uv_hal/src/uv_canopen.o
 .debug_abbrev  0x00000de1      0x172 ./hal/uv_hal/src/uv_eeprom.o
 .debug_abbrev  0x00000f53      0x13e ./hal/uv_hal/src/uv_emc.o
 .debug_abbrev  0x00001091       0x96 ./hal/uv_hal/src/uv_errors.o
 .debug_abbrev  0x00001127      0x286 ./hal/uv_hal/src/uv_gpio.o
 .debug_abbrev  0x000013ad      0x185 ./hal/uv_hal/src/uv_lcd.o
 .debug_abbrev  0x00001532      0x1e6 ./hal/uv_hal/src/uv_memory.o
 .debug_abbrev  0x00001718      0x141 ./hal/uv_hal/src/uv_reset.o
 .debug_abbrev  0x00001859      0x153 ./hal/uv_hal/src/uv_rtos.o
 .debug_abbrev  0x000019ac       0xec ./hal/uv_hal/src/uv_stdout.o
 .debug_abbrev  0x00001a98      0x21b ./hal/uv_hal/src/uv_terminal.o
 .debug_abbrev  0x00001cb3      0x2db ./hal/uv_hal/src/uv_uart.o
 .debug_abbrev  0x00001f8e      0x2be ./hal/uv_hal/src/uv_utilities.o
 .debug_abbrev  0x0000224c      0x113 ./hal/uv_hal/src/uv_wdt.o
 .debug_abbrev  0x0000235f      0x1ef ./hal/uv_hal/freertos/portable/GCC/ARM_CM3/port.o
 .debug_abbrev  0x0000254e      0x16d ./hal/uv_hal/freertos/heap_2.o
 .debug_abbrev  0x000026bb       0xdb ./hal/uv_hal/freertos/list.o
 .debug_abbrev  0x00002796      0x270 ./hal/uv_hal/freertos/queue.o
 .debug_abbrev  0x00002a06      0x2e8 ./hal/uv_hal/freertos/tasks.o
 .debug_abbrev  0x00002cee      0x1fa ./hal/uv_hal/freertos/timers.o
 .debug_abbrev  0x00002ee8       0xce ./CMSIS_CORE_LPC177x_8x/src/system_LPC177x_8x.o

.debug_aranges  0x00000000      0xbb0
 .debug_aranges
                0x00000000       0x20 ./src/canopen.o
 .debug_aranges
                0x00000020       0x48 ./src/commands.o
 .debug_aranges
                0x00000068       0x80 ./src/cr_startup_lpc177x_8x.o
 .debug_aranges
                0x000000e8       0x18 ./src/crp.o
 .debug_aranges
                0x00000100       0x58 ./src/main.o
 .debug_aranges
                0x00000158       0x70 ./src/network.o
 .debug_aranges
                0x000001c8       0x58 ./hal/uv_hal/src/printf.o
 .debug_aranges
                0x00000220       0x60 ./hal/uv_hal/src/uv_can.o
 .debug_aranges
                0x00000280       0xb0 ./hal/uv_hal/src/uv_canopen.o
 .debug_aranges
                0x00000330       0x30 ./hal/uv_hal/src/uv_eeprom.o
 .debug_aranges
                0x00000360       0x20 ./hal/uv_hal/src/uv_emc.o
 .debug_aranges
                0x00000380       0x20 ./hal/uv_hal/src/uv_errors.o
 .debug_aranges
                0x000003a0       0x78 ./hal/uv_hal/src/uv_gpio.o
 .debug_aranges
                0x00000418       0x30 ./hal/uv_hal/src/uv_lcd.o
 .debug_aranges
                0x00000448       0x68 ./hal/uv_hal/src/uv_memory.o
 .debug_aranges
                0x000004b0       0x30 ./hal/uv_hal/src/uv_reset.o
 .debug_aranges
                0x000004e0       0x40 ./hal/uv_hal/src/uv_rtos.o
 .debug_aranges
                0x00000520       0x38 ./hal/uv_hal/src/uv_stdout.o
 .debug_aranges
                0x00000558       0x70 ./hal/uv_hal/src/uv_terminal.o
 .debug_aranges
                0x000005c8       0x78 ./hal/uv_hal/src/uv_uart.o
 .debug_aranges
                0x00000640       0xa8 ./hal/uv_hal/src/uv_utilities.o
 .debug_aranges
                0x000006e8       0x30 ./hal/uv_hal/src/uv_wdt.o
 .debug_aranges
                0x00000718       0x70 ./hal/uv_hal/freertos/portable/GCC/ARM_CM3/port.o
 .debug_aranges
                0x00000788       0x40 ./hal/uv_hal/freertos/heap_2.o
 .debug_aranges
                0x000007c8       0x40 ./hal/uv_hal/freertos/list.o
 .debug_aranges
                0x00000808      0x110 ./hal/uv_hal/freertos/queue.o
 .debug_aranges
                0x00000918      0x1d8 ./hal/uv_hal/freertos/tasks.o
 .debug_aranges
                0x00000af0       0x98 ./hal/uv_hal/freertos/timers.o
 .debug_aranges
                0x00000b88       0x28 ./CMSIS_CORE_LPC177x_8x/src/system_LPC177x_8x.o

.debug_ranges   0x00000000      0x9d8
 .debug_ranges  0x00000000       0x10 ./src/canopen.o
 .debug_ranges  0x00000010       0x38 ./src/commands.o
 .debug_ranges  0x00000048       0x70 ./src/cr_startup_lpc177x_8x.o
 .debug_ranges  0x000000b8       0x48 ./src/main.o
 .debug_ranges  0x00000100       0x60 ./src/network.o
 .debug_ranges  0x00000160       0x48 ./hal/uv_hal/src/printf.o
 .debug_ranges  0x000001a8       0x50 ./hal/uv_hal/src/uv_can.o
 .debug_ranges  0x000001f8       0xa0 ./hal/uv_hal/src/uv_canopen.o
 .debug_ranges  0x00000298       0x20 ./hal/uv_hal/src/uv_eeprom.o
 .debug_ranges  0x000002b8       0x10 ./hal/uv_hal/src/uv_emc.o
 .debug_ranges  0x000002c8       0x10 ./hal/uv_hal/src/uv_errors.o
 .debug_ranges  0x000002d8       0x68 ./hal/uv_hal/src/uv_gpio.o
 .debug_ranges  0x00000340       0x20 ./hal/uv_hal/src/uv_lcd.o
 .debug_ranges  0x00000360       0x58 ./hal/uv_hal/src/uv_memory.o
 .debug_ranges  0x000003b8       0x20 ./hal/uv_hal/src/uv_reset.o
 .debug_ranges  0x000003d8       0x30 ./hal/uv_hal/src/uv_rtos.o
 .debug_ranges  0x00000408       0x28 ./hal/uv_hal/src/uv_stdout.o
 .debug_ranges  0x00000430       0x60 ./hal/uv_hal/src/uv_terminal.o
 .debug_ranges  0x00000490       0x68 ./hal/uv_hal/src/uv_uart.o
 .debug_ranges  0x000004f8       0x98 ./hal/uv_hal/src/uv_utilities.o
 .debug_ranges  0x00000590       0x20 ./hal/uv_hal/src/uv_wdt.o
 .debug_ranges  0x000005b0       0x60 ./hal/uv_hal/freertos/portable/GCC/ARM_CM3/port.o
 .debug_ranges  0x00000610       0x30 ./hal/uv_hal/freertos/heap_2.o
 .debug_ranges  0x00000640       0x30 ./hal/uv_hal/freertos/list.o
 .debug_ranges  0x00000670      0x100 ./hal/uv_hal/freertos/queue.o
 .debug_ranges  0x00000770      0x1c8 ./hal/uv_hal/freertos/tasks.o
 .debug_ranges  0x00000938       0x88 ./hal/uv_hal/freertos/timers.o
 .debug_ranges  0x000009c0       0x18 ./CMSIS_CORE_LPC177x_8x/src/system_LPC177x_8x.o

.debug_macro    0x00000000     0x620b
 .debug_macro   0x00000000      0x13c ./src/canopen.o
 .debug_macro   0x0000013c      0x898 ./src/canopen.o
 .debug_macro   0x000009d4      0xedd ./src/canopen.o
 .debug_macro   0x000018b1       0x22 ./src/canopen.o
 .debug_macro   0x000018d3       0x10 ./src/canopen.o
 .debug_macro   0x000018e3      0x12d ./src/canopen.o
 .debug_macro   0x00001a10      0x5b2 ./src/canopen.o
 .debug_macro   0x00001fc2       0x50 ./src/canopen.o
 .debug_macro   0x00002012       0x1c ./src/canopen.o
 .debug_macro   0x0000202e       0x3a ./src/canopen.o
 .debug_macro   0x00002068       0x2d ./src/canopen.o
 .debug_macro   0x00002095      0xbb1 ./src/canopen.o
 .debug_macro   0x00002c46       0x28 ./src/canopen.o
 .debug_macro   0x00002c6e      0x330 ./src/canopen.o
 .debug_macro   0x00002f9e       0x4c ./src/canopen.o
 .debug_macro   0x00002fea       0xa0 ./src/canopen.o
 .debug_macro   0x0000308a       0x10 ./src/canopen.o
 .debug_macro   0x0000309a       0x52 ./src/canopen.o
 .debug_macro   0x000030ec       0x1c ./src/canopen.o
 .debug_macro   0x00003108      0x257 ./src/canopen.o
 .debug_macro   0x0000335f       0x9e ./src/canopen.o
 .debug_macro   0x000033fd       0x1c ./src/canopen.o
 .debug_macro   0x00003419       0x16 ./src/canopen.o
 .debug_macro   0x0000342f      0x14e ./src/commands.o
 .debug_macro   0x0000357d       0x22 ./src/commands.o
 .debug_macro   0x0000359f       0x16 ./src/commands.o
 .debug_macro   0x000035b5       0x10 ./src/commands.o
 .debug_macro   0x000035c5       0x16 ./src/commands.o
 .debug_macro   0x000035db       0x10 ./src/commands.o
 .debug_macro   0x000035eb       0x1d ./src/cr_startup_lpc177x_8x.o
 .debug_macro   0x00003608       0x1a ./src/crp.o
 .debug_macro   0x00003622       0x34 ./src/crp.o
 .debug_macro   0x00003656      0x244 ./src/main.o
 .debug_macro   0x0000389a       0x82 ./src/main.o
 .debug_macro   0x0000391c       0x10 ./src/main.o
 .debug_macro   0x0000392c      0x118 ./src/main.o
 .debug_macro   0x00003a44      0x164 ./src/main.o
 .debug_macro   0x00003ba8       0xe4 ./src/main.o
 .debug_macro   0x00003c8c       0x10 ./src/main.o
 .debug_macro   0x00003c9c       0x1f ./src/main.o
 .debug_macro   0x00003cbb      0x3e6 ./src/main.o
 .debug_macro   0x000040a1       0xc0 ./src/main.o
 .debug_macro   0x00004161       0x9a ./src/main.o
 .debug_macro   0x000041fb       0x94 ./src/main.o
 .debug_macro   0x0000428f       0x78 ./src/main.o
 .debug_macro   0x00004307       0x34 ./src/main.o
 .debug_macro   0x0000433b       0x65 ./src/main.o
 .debug_macro   0x000043a0       0x16 ./src/main.o
 .debug_macro   0x000043b6       0x16 ./src/main.o
 .debug_macro   0x000043cc      0x163 ./src/network.o
 .debug_macro   0x0000452f       0x16 ./src/network.o
 .debug_macro   0x00004545       0x7c ./hal/uv_hal/src/printf.o
 .debug_macro   0x000045c1       0x10 ./hal/uv_hal/src/printf.o
 .debug_macro   0x000045d1       0x7c ./hal/uv_hal/src/printf.o
 .debug_macro   0x0000464d       0xee ./hal/uv_hal/src/uv_can.o
 .debug_macro   0x0000473b      0x187 ./hal/uv_hal/src/uv_canopen.o
 .debug_macro   0x000048c2       0xda ./hal/uv_hal/src/uv_eeprom.o
 .debug_macro   0x0000499c      0x114 ./hal/uv_hal/src/uv_emc.o
 .debug_macro   0x00004ab0       0x54 ./hal/uv_hal/src/uv_errors.o
 .debug_macro   0x00004b04       0x4a ./hal/uv_hal/src/uv_errors.o
 .debug_macro   0x00004b4e       0xe0 ./hal/uv_hal/src/uv_gpio.o
 .debug_macro   0x00004c2e       0xe4 ./hal/uv_hal/src/uv_lcd.o
 .debug_macro   0x00004d12       0x5f ./hal/uv_hal/src/uv_lcd.o
 .debug_macro   0x00004d71      0x1f9 ./hal/uv_hal/src/uv_memory.o
 .debug_macro   0x00004f6a       0x9d ./hal/uv_hal/src/uv_reset.o
 .debug_macro   0x00005007      0x18a ./hal/uv_hal/src/uv_rtos.o
 .debug_macro   0x00005191       0x16 ./hal/uv_hal/src/uv_rtos.o
 .debug_macro   0x000051a7      0x112 ./hal/uv_hal/src/uv_rtos.o
 .debug_macro   0x000052b9       0x79 ./hal/uv_hal/src/uv_stdout.o
 .debug_macro   0x00005332      0x1fa ./hal/uv_hal/src/uv_terminal.o
 .debug_macro   0x0000552c      0x19b ./hal/uv_hal/src/uv_uart.o
 .debug_macro   0x000056c7       0x28 ./hal/uv_hal/src/uv_uart.o
 .debug_macro   0x000056ef      0x101 ./hal/uv_hal/src/uv_utilities.o
 .debug_macro   0x000057f0       0x8a ./hal/uv_hal/src/uv_wdt.o
 .debug_macro   0x0000587a      0x19d ./hal/uv_hal/freertos/portable/GCC/ARM_CM3/port.o
 .debug_macro   0x00005a17      0x130 ./hal/uv_hal/freertos/heap_2.o
 .debug_macro   0x00005b47      0x102 ./hal/uv_hal/freertos/list.o
 .debug_macro   0x00005c49      0x178 ./hal/uv_hal/freertos/queue.o
 .debug_macro   0x00005dc1      0x1cb ./hal/uv_hal/freertos/tasks.o
 .debug_macro   0x00005f8c       0x10 ./hal/uv_hal/freertos/tasks.o
 .debug_macro   0x00005f9c      0x13f ./hal/uv_hal/freertos/timers.o
 .debug_macro   0x000060db      0x130 ./CMSIS_CORE_LPC177x_8x/src/system_LPC177x_8x.o

.debug_line     0x00000000     0x71c6
 .debug_line    0x00000000      0x2c3 ./src/canopen.o
 .debug_line    0x000002c3      0x382 ./src/commands.o
 .debug_line    0x00000645       0xd7 ./src/cr_startup_lpc177x_8x.o
 .debug_line    0x0000071c       0x7c ./src/crp.o
 .debug_line    0x00000798      0x56a ./src/main.o
 .debug_line    0x00000d02      0x396 ./src/network.o
 .debug_line    0x00001098      0x318 ./hal/uv_hal/src/printf.o
 .debug_line    0x000013b0      0x32f ./hal/uv_hal/src/uv_can.o
 .debug_line    0x000016df      0x5ad ./hal/uv_hal/src/uv_canopen.o
 .debug_line    0x00001c8c      0x30a ./hal/uv_hal/src/uv_eeprom.o
 .debug_line    0x00001f96      0x2f6 ./hal/uv_hal/src/uv_emc.o
 .debug_line    0x0000228c      0x185 ./hal/uv_hal/src/uv_errors.o
 .debug_line    0x00002411      0x3d2 ./hal/uv_hal/src/uv_gpio.o
 .debug_line    0x000027e3      0x2e3 ./hal/uv_hal/src/uv_lcd.o
 .debug_line    0x00002ac6      0x574 ./hal/uv_hal/src/uv_memory.o
 .debug_line    0x0000303a      0x26e ./hal/uv_hal/src/uv_reset.o
 .debug_line    0x000032a8      0x411 ./hal/uv_hal/src/uv_rtos.o
 .debug_line    0x000036b9      0x21f ./hal/uv_hal/src/uv_stdout.o
 .debug_line    0x000038d8      0x5c4 ./hal/uv_hal/src/uv_terminal.o
 .debug_line    0x00003e9c      0x520 ./hal/uv_hal/src/uv_uart.o
 .debug_line    0x000043bc      0x48f ./hal/uv_hal/src/uv_utilities.o
 .debug_line    0x0000484b      0x27a ./hal/uv_hal/src/uv_wdt.o
 .debug_line    0x00004ac5      0x42e ./hal/uv_hal/freertos/portable/GCC/ARM_CM3/port.o
 .debug_line    0x00004ef3      0x3d1 ./hal/uv_hal/freertos/heap_2.o
 .debug_line    0x000052c4      0x390 ./hal/uv_hal/freertos/list.o
 .debug_line    0x00005654      0x7aa ./hal/uv_hal/freertos/queue.o
 .debug_line    0x00005dfe      0xc97 ./hal/uv_hal/freertos/tasks.o
 .debug_line    0x00006a95      0x519 ./hal/uv_hal/freertos/timers.o
 .debug_line    0x00006fae      0x218 ./CMSIS_CORE_LPC177x_8x/src/system_LPC177x_8x.o

.debug_str      0x00000000    0x1c52f
 .debug_str     0x00000000     0xf96f ./src/canopen.o
                               0xfa31 (size before relaxing)
 .debug_str     0x0000f96f      0x29f ./src/commands.o
                               0xed0e (size before relaxing)
 .debug_str     0x0000fc0e      0x197 ./src/cr_startup_lpc177x_8x.o
                               0x26a2 (size before relaxing)
 .debug_str     0x0000fda5       0xe9 ./src/crp.o
                               0x25ba (size before relaxing)
 .debug_str     0x0000fe8e     0x55e8 ./src/main.o
                              0x150dc (size before relaxing)
 .debug_str     0x00015476       0xfe ./src/network.o
                              0x1004f (size before relaxing)
 .debug_str     0x00015574      0x2d2 ./hal/uv_hal/src/printf.o
                               0x7ee9 (size before relaxing)
 .debug_str     0x00015846      0x823 ./hal/uv_hal/src/uv_can.o
                               0xff30 (size before relaxing)
 .debug_str     0x00016069     0x1129 ./hal/uv_hal/src/uv_canopen.o
                               0xb742 (size before relaxing)
 .debug_str     0x00017192      0x10e ./hal/uv_hal/src/uv_eeprom.o
                               0xf086 (size before relaxing)
 .debug_str     0x000172a0      0x83f ./hal/uv_hal/src/uv_emc.o
                               0xf843 (size before relaxing)
 .debug_str     0x00017adf       0x3e ./hal/uv_hal/src/uv_errors.o
                               0x6e15 (size before relaxing)
 .debug_str     0x00017b1d      0x59b ./hal/uv_hal/src/uv_gpio.o
                               0xfae4 (size before relaxing)
 .debug_str     0x000180b8      0x104 ./hal/uv_hal/src/uv_lcd.o
                               0xf4fb (size before relaxing)
 .debug_str     0x000181bc      0x4b6 ./hal/uv_hal/src/uv_memory.o
                              0x13dc5 (size before relaxing)
 .debug_str     0x00018672      0x133 ./hal/uv_hal/src/uv_reset.o
                               0xd910 (size before relaxing)
 .debug_str     0x000187a5       0xe4 ./hal/uv_hal/src/uv_rtos.o
                              0x13910 (size before relaxing)
 .debug_str     0x00018889       0x8b ./hal/uv_hal/src/uv_stdout.o
                               0x7e8e (size before relaxing)
 .debug_str     0x00018914      0x1d8 ./hal/uv_hal/src/uv_terminal.o
                              0x14907 (size before relaxing)
 .debug_str     0x00018aec      0x134 ./hal/uv_hal/src/uv_uart.o
                              0x14272 (size before relaxing)
 .debug_str     0x00018c20      0x13d ./hal/uv_hal/src/uv_utilities.o
                               0xf774 (size before relaxing)
 .debug_str     0x00018d5d       0x68 ./hal/uv_hal/src/uv_wdt.o
                               0xd812 (size before relaxing)
 .debug_str     0x00018dc5      0x613 ./hal/uv_hal/freertos/portable/GCC/ARM_CM3/port.o
                              0x1167e (size before relaxing)
 .debug_str     0x000193d8      0x3a3 ./hal/uv_hal/freertos/heap_2.o
                              0x11403 (size before relaxing)
 .debug_str     0x0001977b      0x11a ./hal/uv_hal/freertos/list.o
                              0x10a20 (size before relaxing)
 .debug_str     0x00019895      0x8b8 ./hal/uv_hal/freertos/queue.o
                              0x122d4 (size before relaxing)
 .debug_str     0x0001a14d     0x1c5e ./hal/uv_hal/freertos/tasks.o
                              0x12fa7 (size before relaxing)
 .debug_str     0x0001bdab      0x43d ./hal/uv_hal/freertos/timers.o
                              0x1278f (size before relaxing)
 .debug_str     0x0001c1e8      0x347 ./CMSIS_CORE_LPC177x_8x/src/system_LPC177x_8x.o
                               0x9d48 (size before relaxing)

.comment        0x00000000       0x70
 .comment       0x00000000       0x70 ./src/canopen.o
                                 0x71 (size before relaxing)
 .comment       0x00000000       0x71 ./src/commands.o
 .comment       0x00000000       0x71 ./src/cr_startup_lpc177x_8x.o
 .comment       0x00000000       0x71 ./src/crp.o
 .comment       0x00000000       0x71 ./src/main.o
 .comment       0x00000000       0x71 ./src/network.o
 .comment       0x00000000       0x71 ./hal/uv_hal/src/printf.o
 .comment       0x00000000       0x71 ./hal/uv_hal/src/uv_can.o
 .comment       0x00000000       0x71 ./hal/uv_hal/src/uv_canopen.o
 .comment       0x00000000       0x71 ./hal/uv_hal/src/uv_eeprom.o
 .comment       0x00000000       0x71 ./hal/uv_hal/src/uv_emc.o
 .comment       0x00000000       0x71 ./hal/uv_hal/src/uv_errors.o
 .comment       0x00000000       0x71 ./hal/uv_hal/src/uv_gpio.o
 .comment       0x00000000       0x71 ./hal/uv_hal/src/uv_lcd.o
 .comment       0x00000000       0x71 ./hal/uv_hal/src/uv_memory.o
 .comment       0x00000000       0x71 ./hal/uv_hal/src/uv_reset.o
 .comment       0x00000000       0x71 ./hal/uv_hal/src/uv_rtos.o
 .comment       0x00000000       0x71 ./hal/uv_hal/src/uv_stdout.o
 .comment       0x00000000       0x71 ./hal/uv_hal/src/uv_terminal.o
 .comment       0x00000000       0x71 ./hal/uv_hal/src/uv_uart.o
 .comment       0x00000000       0x71 ./hal/uv_hal/src/uv_utilities.o
 .comment       0x00000000       0x71 ./hal/uv_hal/src/uv_wdt.o
 .comment       0x00000000       0x71 ./hal/uv_hal/freertos/portable/GCC/ARM_CM3/port.o
 .comment       0x00000000       0x71 ./hal/uv_hal/freertos/heap_2.o
 .comment       0x00000000       0x71 ./hal/uv_hal/freertos/list.o
 .comment       0x00000000       0x71 ./hal/uv_hal/freertos/queue.o
 .comment       0x00000000       0x71 ./hal/uv_hal/freertos/tasks.o
 .comment       0x00000000       0x71 ./hal/uv_hal/freertos/timers.o
 .comment       0x00000000       0x71 ./CMSIS_CORE_LPC177x_8x/src/system_LPC177x_8x.o
 .comment       0x00000000       0x71 /usr/local/lpcxpresso_7.7.2_379/lpcxpresso/tools/bin/../lib/gcc/arm-none-eabi/4.9.3/../../../../arm-none-eabi/lib/armv7-m/libcr_c.a(memcpy.o)
 .comment       0x00000000       0x71 /usr/local/lpcxpresso_7.7.2_379/lpcxpresso/tools/bin/../lib/gcc/arm-none-eabi/4.9.3/../../../../arm-none-eabi/lib/armv7-m/libcr_c.a(memset.o)
 .comment       0x00000000       0x71 /usr/local/lpcxpresso_7.7.2_379/lpcxpresso/tools/bin/../lib/gcc/arm-none-eabi/4.9.3/../../../../arm-none-eabi/lib/armv7-m/libcr_c.a(__weak__main.o)
 .comment       0x00000000       0x71 /usr/local/lpcxpresso_7.7.2_379/lpcxpresso/tools/bin/../lib/gcc/arm-none-eabi/4.9.3/../../../../arm-none-eabi/lib/armv7-m/libcr_c.a(ctype.o)
 .comment       0x00000000       0x71 /usr/local/lpcxpresso_7.7.2_379/lpcxpresso/tools/bin/../lib/gcc/arm-none-eabi/4.9.3/../../../../arm-none-eabi/lib/armv7-m/libcr_c.a(strcmp.o)
 .comment       0x00000000       0x71 /usr/local/lpcxpresso_7.7.2_379/lpcxpresso/tools/bin/../lib/gcc/arm-none-eabi/4.9.3/../../../../arm-none-eabi/lib/armv7-m/libcr_c.a(strlen.o)
 .comment       0x00000000       0x71 /usr/local/lpcxpresso_7.7.2_379/lpcxpresso/tools/bin/../lib/gcc/arm-none-eabi/4.9.3/../../../../arm-none-eabi/lib/armv7-m/libcr_c.a(strstr.o)

.ARM.attributes
                0x00000000       0x31
 .ARM.attributes
                0x00000000       0x33 ./src/canopen.o
 .ARM.attributes
                0x00000033       0x33 ./src/commands.o
 .ARM.attributes
                0x00000066       0x33 ./src/cr_startup_lpc177x_8x.o
 .ARM.attributes
                0x00000099       0x33 ./src/crp.o
 .ARM.attributes
                0x000000cc       0x33 ./src/main.o
 .ARM.attributes
                0x000000ff       0x33 ./src/network.o
 .ARM.attributes
                0x00000132       0x33 ./hal/uv_hal/src/printf.o
 .ARM.attributes
                0x00000165       0x33 ./hal/uv_hal/src/uv_can.o
 .ARM.attributes
                0x00000198       0x33 ./hal/uv_hal/src/uv_canopen.o
 .ARM.attributes
                0x000001cb       0x33 ./hal/uv_hal/src/uv_eeprom.o
 .ARM.attributes
                0x000001fe       0x33 ./hal/uv_hal/src/uv_emc.o
 .ARM.attributes
                0x00000231       0x33 ./hal/uv_hal/src/uv_errors.o
 .ARM.attributes
                0x00000264       0x33 ./hal/uv_hal/src/uv_gpio.o
 .ARM.attributes
                0x00000297       0x33 ./hal/uv_hal/src/uv_lcd.o
 .ARM.attributes
                0x000002ca       0x33 ./hal/uv_hal/src/uv_memory.o
 .ARM.attributes
                0x000002fd       0x33 ./hal/uv_hal/src/uv_reset.o
 .ARM.attributes
                0x00000330       0x33 ./hal/uv_hal/src/uv_rtos.o
 .ARM.attributes
                0x00000363       0x33 ./hal/uv_hal/src/uv_stdout.o
 .ARM.attributes
                0x00000396       0x33 ./hal/uv_hal/src/uv_terminal.o
 .ARM.attributes
                0x000003c9       0x33 ./hal/uv_hal/src/uv_uart.o
 .ARM.attributes
                0x000003fc       0x33 ./hal/uv_hal/src/uv_utilities.o
 .ARM.attributes
                0x0000042f       0x33 ./hal/uv_hal/src/uv_wdt.o
 .ARM.attributes
                0x00000462       0x33 ./hal/uv_hal/freertos/portable/GCC/ARM_CM3/port.o
 .ARM.attributes
                0x00000495       0x33 ./hal/uv_hal/freertos/heap_2.o
 .ARM.attributes
                0x000004c8       0x33 ./hal/uv_hal/freertos/list.o
 .ARM.attributes
                0x000004fb       0x33 ./hal/uv_hal/freertos/queue.o
 .ARM.attributes
                0x0000052e       0x33 ./hal/uv_hal/freertos/tasks.o
 .ARM.attributes
                0x00000561       0x33 ./hal/uv_hal/freertos/timers.o
 .ARM.attributes
                0x00000594       0x33 ./CMSIS_CORE_LPC177x_8x/src/system_LPC177x_8x.o
 .ARM.attributes
                0x000005c7       0x33 /usr/local/lpcxpresso_7.7.2_379/lpcxpresso/tools/bin/../lib/gcc/arm-none-eabi/4.9.3/../../../../arm-none-eabi/lib/armv7-m/libcr_c.a(memcpy.o)
 .ARM.attributes
                0x000005fa       0x33 /usr/local/lpcxpresso_7.7.2_379/lpcxpresso/tools/bin/../lib/gcc/arm-none-eabi/4.9.3/../../../../arm-none-eabi/lib/armv7-m/libcr_c.a(memset.o)
 .ARM.attributes
                0x0000062d       0x33 /usr/local/lpcxpresso_7.7.2_379/lpcxpresso/tools/bin/../lib/gcc/arm-none-eabi/4.9.3/../../../../arm-none-eabi/lib/armv7-m/libcr_c.a(__weak__main.o)
 .ARM.attributes
                0x00000660       0x33 /usr/local/lpcxpresso_7.7.2_379/lpcxpresso/tools/bin/../lib/gcc/arm-none-eabi/4.9.3/../../../../arm-none-eabi/lib/armv7-m/libcr_c.a(ctype.o)
 .ARM.attributes
                0x00000693       0x33 /usr/local/lpcxpresso_7.7.2_379/lpcxpresso/tools/bin/../lib/gcc/arm-none-eabi/4.9.3/../../../../arm-none-eabi/lib/armv7-m/libcr_c.a(strcmp.o)
 .ARM.attributes
                0x000006c6       0x33 /usr/local/lpcxpresso_7.7.2_379/lpcxpresso/tools/bin/../lib/gcc/arm-none-eabi/4.9.3/../../../../arm-none-eabi/lib/armv7-m/libcr_c.a(strlen.o)
 .ARM.attributes
                0x000006f9       0x33 /usr/local/lpcxpresso_7.7.2_379/lpcxpresso/tools/bin/../lib/gcc/arm-none-eabi/4.9.3/../../../../arm-none-eabi/lib/armv7-m/libcr_c.a(strstr.o)
 .ARM.attributes
                0x0000072c       0x21 /usr/local/lpcxpresso_7.7.2_379/lpcxpresso/tools/bin/../lib/gcc/arm-none-eabi/4.9.3/armv7-m/libcr_eabihelpers.a(memcpy.o)

.debug_frame    0x00000000     0x2b88
 .debug_frame   0x00000000       0x30 ./src/canopen.o
 .debug_frame   0x00000030      0x140 ./src/commands.o
 .debug_frame   0x00000170      0x170 ./src/cr_startup_lpc177x_8x.o
 .debug_frame   0x000002e0      0x134 ./src/main.o
 .debug_frame   0x00000414      0x230 ./src/network.o
 .debug_frame   0x00000644      0x18c ./hal/uv_hal/src/printf.o
 .debug_frame   0x000007d0      0x158 ./hal/uv_hal/src/uv_can.o
 .debug_frame   0x00000928      0x2e8 ./hal/uv_hal/src/uv_canopen.o
 .debug_frame   0x00000c10       0x88 ./hal/uv_hal/src/uv_eeprom.o
 .debug_frame   0x00000c98       0x38 ./hal/uv_hal/src/uv_emc.o
 .debug_frame   0x00000cd0       0x34 ./hal/uv_hal/src/uv_errors.o
 .debug_frame   0x00000d04      0x1d0 ./hal/uv_hal/src/uv_gpio.o
 .debug_frame   0x00000ed4       0x88 ./hal/uv_hal/src/uv_lcd.o
 .debug_frame   0x00000f5c      0x170 ./hal/uv_hal/src/uv_memory.o
 .debug_frame   0x000010cc       0x6c ./hal/uv_hal/src/uv_reset.o
 .debug_frame   0x00001138       0xb4 ./hal/uv_hal/src/uv_rtos.o
 .debug_frame   0x000011ec       0xa4 ./hal/uv_hal/src/uv_stdout.o
 .debug_frame   0x00001290      0x204 ./hal/uv_hal/src/uv_terminal.o
 .debug_frame   0x00001494      0x1c4 ./hal/uv_hal/src/uv_uart.o
 .debug_frame   0x00001658      0x278 ./hal/uv_hal/src/uv_utilities.o
 .debug_frame   0x000018d0       0x74 ./hal/uv_hal/src/uv_wdt.o
 .debug_frame   0x00001944      0x154 ./hal/uv_hal/freertos/portable/GCC/ARM_CM3/port.o
 .debug_frame   0x00001a98       0xc0 ./hal/uv_hal/freertos/heap_2.o
 .debug_frame   0x00001b58       0xd8 ./hal/uv_hal/freertos/list.o
 .debug_frame   0x00001c30      0x498 ./hal/uv_hal/freertos/queue.o
 .debug_frame   0x000020c8      0x810 ./hal/uv_hal/freertos/tasks.o
 .debug_frame   0x000028d8      0x25c ./hal/uv_hal/freertos/timers.o
 .debug_frame   0x00002b34       0x54 ./CMSIS_CORE_LPC177x_8x/src/system_LPC177x_8x.o
