Archive member included to satisfy reference by file (symbol)

/usr/local/lpcxpresso_7.7.2_379/lpcxpresso/tools/bin/../lib/gcc/arm-none-eabi/5.4.1/armv7-m/libgcc.a(_arm_addsubsf3.o)
                              ./src/alert.o (__aeabi_fsub)
/usr/local/lpcxpresso_7.7.2_379/lpcxpresso/tools/bin/../lib/gcc/arm-none-eabi/5.4.1/armv7-m/libgcc.a(_arm_muldivsf3.o)
                              ./src/alert.o (__aeabi_fmul)
/usr/local/lpcxpresso_7.7.2_379/lpcxpresso/tools/bin/../lib/gcc/arm-none-eabi/5.4.1/armv7-m/libgcc.a(_arm_cmpsf2.o)
                              ./src/alert.o (__aeabi_fcmpge)
/usr/local/lpcxpresso_7.7.2_379/lpcxpresso/tools/bin/../lib/gcc/arm-none-eabi/5.4.1/armv7-m/libgcc.a(_arm_fixsfsi.o)
                              ./hal/uv_hal/src/uv_lcd.o (__aeabi_f2iz)
/usr/local/lpcxpresso_7.7.2_379/lpcxpresso/tools/bin/../lib/gcc/arm-none-eabi/5.4.1/armv7-m/libgcc.a(_arm_fixunssfsi.o)
                              ./src/alert.o (__aeabi_f2uiz)
/usr/local/lpcxpresso_7.7.2_379/lpcxpresso/tools/bin/../lib/gcc/arm-none-eabi/5.4.1/armv7-m/libgcc.a(_fixunssfdi.o)
                              ./hal/uv_hal/src/uv_timer.o (__aeabi_f2ulz)
/usr/local/lpcxpresso_7.7.2_379/lpcxpresso/tools/bin/../lib/gcc/arm-none-eabi/5.4.1/armv7-m/libgcc.a(_arm_addsubdf3.o)
                              /usr/local/lpcxpresso_7.7.2_379/lpcxpresso/tools/bin/../lib/gcc/arm-none-eabi/5.4.1/armv7-m/libgcc.a(_fixunssfdi.o) (__aeabi_dsub)
/usr/local/lpcxpresso_7.7.2_379/lpcxpresso/tools/bin/../lib/gcc/arm-none-eabi/5.4.1/armv7-m/libgcc.a(_arm_muldivdf3.o)
                              /usr/local/lpcxpresso_7.7.2_379/lpcxpresso/tools/bin/../lib/gcc/arm-none-eabi/5.4.1/armv7-m/libgcc.a(_fixunssfdi.o) (__aeabi_dmul)
/usr/local/lpcxpresso_7.7.2_379/lpcxpresso/tools/bin/../lib/gcc/arm-none-eabi/5.4.1/armv7-m/libgcc.a(_arm_fixunsdfsi.o)
                              /usr/local/lpcxpresso_7.7.2_379/lpcxpresso/tools/bin/../lib/gcc/arm-none-eabi/5.4.1/armv7-m/libgcc.a(_fixunssfdi.o) (__aeabi_d2uiz)
/usr/local/lpcxpresso_7.7.2_379/lpcxpresso/tools/bin/../lib/gcc/arm-none-eabi/5.4.1/../../../../arm-none-eabi/lib/armv7-m/libc.a(lib_a-atoi.o)
                              ./hal/uv_hal/src/uv_json.o (atoi)
/usr/local/lpcxpresso_7.7.2_379/lpcxpresso/tools/bin/../lib/gcc/arm-none-eabi/5.4.1/../../../../arm-none-eabi/lib/armv7-m/libc.a(lib_a-ctype_.o)
                              ./hal/uv_hal/src/uv_json.o (__ctype_ptr__)
/usr/local/lpcxpresso_7.7.2_379/lpcxpresso/tools/bin/../lib/gcc/arm-none-eabi/5.4.1/../../../../arm-none-eabi/lib/armv7-m/libc.a(lib_a-itoa.o)
                              ./hal/uv_hal/src/uv_json.o (itoa)
/usr/local/lpcxpresso_7.7.2_379/lpcxpresso/tools/bin/../lib/gcc/arm-none-eabi/5.4.1/../../../../arm-none-eabi/lib/armv7-m/libc.a(lib_a-memcpy.o)
                              ./hal/uv_hal/src/uv_canopen.o (memcpy)
/usr/local/lpcxpresso_7.7.2_379/lpcxpresso/tools/bin/../lib/gcc/arm-none-eabi/5.4.1/../../../../arm-none-eabi/lib/armv7-m/libc.a(lib_a-memmove.o)
                              ./hal/uv_hal/src/uv_utilities.o (memmove)
/usr/local/lpcxpresso_7.7.2_379/lpcxpresso/tools/bin/../lib/gcc/arm-none-eabi/5.4.1/../../../../arm-none-eabi/lib/armv7-m/libc.a(lib_a-memset.o)
                              ./src/commands.o (memset)
/usr/local/lpcxpresso_7.7.2_379/lpcxpresso/tools/bin/../lib/gcc/arm-none-eabi/5.4.1/../../../../arm-none-eabi/lib/armv7-m/libc.a(lib_a-strcat.o)
                              ./hal/uv_hal/src/uv_json.o (strcat)
/usr/local/lpcxpresso_7.7.2_379/lpcxpresso/tools/bin/../lib/gcc/arm-none-eabi/5.4.1/../../../../arm-none-eabi/lib/armv7-m/libc.a(lib_a-strcmp.o)
                              ./src/commands.o (strcmp)
/usr/local/lpcxpresso_7.7.2_379/lpcxpresso/tools/bin/../lib/gcc/arm-none-eabi/5.4.1/../../../../arm-none-eabi/lib/armv7-m/libc.a(lib_a-strcpy.o)
                              /usr/local/lpcxpresso_7.7.2_379/lpcxpresso/tools/bin/../lib/gcc/arm-none-eabi/5.4.1/../../../../arm-none-eabi/lib/armv7-m/libc.a(lib_a-strcat.o) (strcpy)
/usr/local/lpcxpresso_7.7.2_379/lpcxpresso/tools/bin/../lib/gcc/arm-none-eabi/5.4.1/../../../../arm-none-eabi/lib/armv7-m/libc.a(lib_a-strlen-stub.o)
                              ./src/commands.o (strlen)
/usr/local/lpcxpresso_7.7.2_379/lpcxpresso/tools/bin/../lib/gcc/arm-none-eabi/5.4.1/../../../../arm-none-eabi/lib/armv7-m/libc.a(lib_a-strncmp.o)
                              ./hal/uv_hal/src/uv_json.o (strncmp)
/usr/local/lpcxpresso_7.7.2_379/lpcxpresso/tools/bin/../lib/gcc/arm-none-eabi/5.4.1/../../../../arm-none-eabi/lib/armv7-m/libc.a(lib_a-strtol.o)
                              /usr/local/lpcxpresso_7.7.2_379/lpcxpresso/tools/bin/../lib/gcc/arm-none-eabi/5.4.1/../../../../arm-none-eabi/lib/armv7-m/libc.a(lib_a-atoi.o) (_strtol_r)
/usr/local/lpcxpresso_7.7.2_379/lpcxpresso/tools/bin/../lib/gcc/arm-none-eabi/5.4.1/../../../../arm-none-eabi/lib/armv7-m/libc.a(lib_a-utoa.o)
[...]
Memory Configuration

Name             Origin             Length             Attributes
MFlash256        0x00002000         0x0003e000         xr
RamLoc64         0x10000080         0x0000fee0         xrw
RamPeriph16      0x20000000         0x00004000         xrw
*default*        0x00000000         0xffffffff

Linker script and memory map

LOAD ./src/ui/home_screen.o
LOAD ./src/ui/taskbar.o
LOAD ./src/alert.o
LOAD ./src/canopen.o
LOAD ./src/commands.o
LOAD ./src/cr_startup_lpc177x_8x.o
LOAD ./src/crp.o
LOAD ./src/gui.o
LOAD ./src/log.o
LOAD ./src/main.o
LOAD ./src/network.o
LOAD ./hal/uv_hal/src/ui/ugui.o
LOAD ./hal/uv_hal/src/ui/uv_ui_styles.o
LOAD ./hal/uv_hal/src/ui/uv_uibutton.o
LOAD ./hal/uv_hal/src/ui/uv_uidisplay.o
LOAD ./hal/uv_hal/src/ui/uv_uifonts.o
LOAD ./hal/uv_hal/src/ui/uv_uilabel.o
LOAD ./hal/uv_hal/src/ui/uv_uislider.o
LOAD ./hal/uv_hal/src/ui/uv_uiwindow.o
LOAD ./hal/uv_hal/src/printf.o
LOAD ./hal/uv_hal/src/uv_adc.o
LOAD ./hal/uv_hal/src/uv_button.o
LOAD ./hal/uv_hal/src/uv_can.o
LOAD ./hal/uv_hal/src/uv_canopen.o
LOAD ./hal/uv_hal/src/uv_eeprom.o
LOAD ./hal/uv_hal/src/uv_emc.o
LOAD ./hal/uv_hal/src/uv_errors.o
LOAD ./hal/uv_hal/src/uv_filters.o
LOAD ./hal/uv_hal/src/uv_gpio.o
LOAD ./hal/uv_hal/src/uv_i2c.o
LOAD ./hal/uv_hal/src/uv_json.o
LOAD ./hal/uv_hal/src/uv_lcd.o
LOAD ./hal/uv_hal/src/uv_memory.o
LOAD ./hal/uv_hal/src/uv_pwm.o
LOAD ./hal/uv_hal/src/uv_reset.o
LOAD ./hal/uv_hal/src/uv_rtc.o
LOAD ./hal/uv_hal/src/uv_rtos.o
LOAD ./hal/uv_hal/src/uv_spi.o
LOAD ./hal/uv_hal/src/uv_stdout.o
LOAD ./hal/uv_hal/src/uv_terminal.o
LOAD ./hal/uv_hal/src/uv_timer.o
LOAD ./hal/uv_hal/src/uv_uart.o
LOAD ./hal/uv_hal/src/uv_utilities.o
LOAD ./hal/uv_hal/src/uv_wdt.o
LOAD ./hal/uv_hal/freertos/portable/GCC/ARM_CM4F/port.o
LOAD ./hal/uv_hal/freertos/portable/GCC/ARM_CM3/port.o
LOAD ./hal/uv_hal/freertos/portable/GCC/ARM_CM0/port.o
LOAD ./hal/uv_hal/freertos/croutine.o
LOAD ./hal/uv_hal/freertos/event_groups.o
LOAD ./hal/uv_hal/freertos/heap_2.o
LOAD ./hal/uv_hal/freertos/list.o
LOAD ./hal/uv_hal/freertos/queue.o
LOAD ./hal/uv_hal/freertos/tasks.o
LOAD ./hal/uv_hal/freertos/timers.o
LOAD ./CMSIS_CORE_LPC177x_8x/src/system_LPC177x_8x.o
START GROUP
LOAD /usr/local/lpcxpresso_7.7.2_379/lpcxpresso/tools/bin/../lib/gcc/arm-none-eabi/5.4.1/armv7-m/libgcc.a
LOAD /usr/local/lpcxpresso_7.7.2_379/lpcxpresso/tools/bin/../lib/gcc/arm-none-eabi/5.4.1/../../../../arm-none-eabi/lib/armv7-m/libc.a
LOAD /usr/local/lpcxpresso_7.7.2_379/lpcxpresso/tools/bin/../lib/gcc/arm-none-eabi/5.4.1/../../../../arm-none-eabi/lib/armv7-m/libm.a
LOAD /usr/local/lpcxpresso_7.7.2_379/lpcxpresso/tools/bin/../lib/gcc/arm-none-eabi/5.4.1/../../../../arm-none-eabi/lib/armv7-m/libcr_newlib_semihost.a
END GROUP
                0x00040000                __top_MFlash256 = 0x40000
                0x1000ff60                __top_RamLoc64 = 0x1000ff60
                0x20004000                __top_RamPeriph16 = 0x20004000

.text           0x00002000     0xb580
 FILL mask 0xff
                0x00002000                __vectors_start__ = ABSOLUTE (.)
 *(.isr_vector)
 .isr_vector    0x00002000       0xe4 ./src/cr_startup_lpc177x_8x.o
                0x00002000                g_pfnVectors
                0x000020e4                . = ALIGN (0x4)
                0x000020e4                __section_table_start = .
                0x000020e4                __data_section_table = .
                0x000020e4        0x4 LONG 0xd580 LOADADDR (.data)
                0x000020e8        0x4 LONG 0x10000080 ADDR (.data)
                0x000020ec        0x4 LONG 0x454 SIZEOF (.data)
                0x000020f0        0x4 LONG 0xd580 LOADADDR (.data_RAM2)
                0x000020f4        0x4 LONG 0x20000000 ADDR (.data_RAM2)
                0x000020f8        0x4 LONG 0x0 SIZEOF (.data_RAM2)
                0x000020fc                __data_section_table_end = .
                0x000020fc                __bss_section_table = .
                0x000020fc        0x4 LONG 0x100004d8 ADDR (.bss)
                0x00002100        0x4 LONG 0x2eb0 SIZEOF (.bss)
                0x00002104        0x4 LONG 0x20000000 ADDR (.bss_RAM2)
                0x00002108        0x4 LONG 0x0 SIZEOF (.bss_RAM2)
                0x0000210c                __bss_section_table_end = .
                0x0000210c                __section_table_end = .
 *(.after_vectors*)
 .after_vectors
                0x0000210c       0x9c ./src/cr_startup_lpc177x_8x.o
                0x00002124                DebugMon_Handler
                0x00002130                TIMER2_IRQHandler
                0x00002130                RIT_IRQHandler
                0x00002130                I2C0_IRQHandler
                0x00002130                USBActivity_IRQHandler
                0x00002130                PWM1_IRQHandler
                0x00002130                I2C1_IRQHandler
                0x00002130                EINT2_IRQHandler
                0x00002130                UART1_IRQHandler
                0x00002130                EINT3_IRQHandler
                0x00002130                CANActivity_IRQHandler
                0x00002130                TIMER3_IRQHandler
                0x00002130                PLL0_IRQHandler
                0x00002130                CAN_IRQHandler
                0x00002130                PLL1_IRQHandler
                0x00002130                SSP0_IRQHandler
                0x00002130                I2S_IRQHandler
                0x00002130                I2C2_IRQHandler
                0x00002130                RTC_IRQHandler
                0x00002130                TIMER0_IRQHandler
                0x00002130                SPI_IRQHandler
                0x00002130                LCD_IRQHandler
                0x00002130                EINT1_IRQHandler
                0x00002130                TIMER1_IRQHandler
                0x00002130                UART2_IRQHandler
                0x00002130                UART4_IRQHandler
                0x00002130                ADC_IRQHandler
                0x00002130                MCI_IRQHandler
                0x00002130                SSP1_IRQHandler
                0x00002130                USB_IRQHandler
                0x00002130                BOD_IRQHandler
                0x00002130                WDT_IRQHandler
                0x00002130                QEI_IRQHandler
                0x00002130                EINT0_IRQHandler
                0x00002130                PWM0_IRQHandler
                0x00002130                SSP2_IRQHandler
                0x00002130                EEPROM_IRQHandler
                0x00002130                DMA_IRQHandler
                0x00002130                UART3_IRQHandler
                0x00002130                MCPWM_IRQHandler
                0x00002130                ENET_IRQHandler
                0x00002134                data_init
                0x0000214c                bss_init
                0x00002160                ResetISR
 *(.text*)
 .text.home_init
                0x000021a8       0xb4 ./src/ui/home_screen.o
                0x000021a8                home_init
 .text.taskbar_init
                0x0000225c       0xac ./src/ui/taskbar.o
                0x0000225c                taskbar_init
 .text.alert_init
                0x00002308        0x8 ./src/alert.o
                0x00002308                alert_init
 .text.alert_reset
                0x00002310       0x10 ./src/alert.o
                0x00002310                alert_reset
 .text.alert_stop
                0x00002320       0x20 ./src/alert.o
                0x00002320                alert_stop
 .text.alert_step
                0x00002340      0x1d4 ./src/alert.o
                0x00002340                alert_step
 .text.alert_play
                0x00002514      0x130 ./src/alert.o
                0x00002514                alert_play
 .text.alert_set_volume
                0x00002644        0xc ./src/alert.o
                0x00002644                alert_set_volume
 .text.alert_get_volume
                0x00002650        0x4 ./src/alert.o
                0x00002650                alert_get_volume
 .text.object_dictionary_size
                0x00002654        0x4 ./src/canopen.o
                0x00002654                object_dictionary_size
 .text.emcread_callb
                0x00002658       0x60 ./src/commands.o
                0x00002658                emcread_callb
 .text.refresh_callb
                0x000026b8       0x20 ./src/commands.o
                0x000026b8                refresh_callb
 .text.emcwrite_callb
                0x000026d8       0x38 ./src/commands.o
                0x000026d8                emcwrite_callb
 .text.eepromwrite_callb
                0x00002710       0x4c ./src/commands.o
                0x00002710                eepromwrite_callb
 .text.eepromread_callb
                0x0000275c       0x64 ./src/commands.o
                0x0000275c                eepromread_callb
 .text.lcddrawrect_callb
                0x000027c0       0xc8 ./src/commands.o
                0x000027c0                lcddrawrect_callb
 .text.lcddrawframe_callb
                0x00002888       0xf4 ./src/commands.o
                0x00002888                lcddrawframe_callb
 .text.lcdbacklight_callb
                0x0000297c       0x38 ./src/commands.o
                0x0000297c                lcdbacklight_callb
 .text.logclear_callb
                0x000029b4       0x14 ./src/commands.o
                0x000029b4                logclear_callb
 .text.logadd_callb
                0x000029c8       0x44 ./src/commands.o
                0x000029c8                logadd_callb
 .text.logshow_callb
                0x00002a0c       0x78 ./src/commands.o
                0x00002a0c                logshow_callb
 .text.alert_callb
                0x00002a84       0x24 ./src/commands.o
                0x00002a84                alert_callb
 .text.volume_callb
                0x00002aa8       0x30 ./src/commands.o
                0x00002aa8                volume_callb
 .text.time_callb
                0x00002ad8       0x7c ./src/commands.o
                0x00002ad8                time_callb
 .text.commands_count
                0x00002b54        0x4 ./src/commands.o
                0x00002b54                commands_count
 .text.gui_step
                0x00002b58       0xc4 ./src/gui.o
                0x00002b58                gui_step
 .text.gui_init
                0x00002c1c       0xbc ./src/gui.o
                0x00002c1c                gui_init
 .text.gui_reset
                0x00002cd8       0x14 ./src/gui.o
                0x00002cd8                gui_reset
 .text.gui_set_backlight
                0x00002cec       0x30 ./src/gui.o
                0x00002cec                gui_set_backlight
 .text.log_entry_get_definition
                0x00002d1c       0x34 ./src/log.o
                0x00002d1c                log_entry_get_definition
 .text.log_add  0x00002d50       0x30 ./src/log.o
                0x00002d50                log_add
 .text.log_get  0x00002d80       0x10 ./src/log.o
                0x00002d80                log_get
 .text.log_clear
                0x00002d90        0x8 ./src/log.o
                0x00002d90                log_clear
 .text.dspl_step
                0x00002d98       0x58 ./src/main.o
                0x00002d98                dspl_step
 .text.dspl_init
                0x00002df0       0xfc ./src/main.o
                0x00002df0                dspl_init
 .text.main     0x00002eec       0x50 ./src/main.o
                0x00002eec                main
 .text.network_node_conf
                0x00002f3c       0x10 ./src/network.o
 .text.network_msb_conf
                0x00002f4c       0x10 ./src/network.o
                0x00002f4c                network_msb_conf
 .text.network_csb_conf
                0x00002f5c       0x10 ./src/network.o
                0x00002f5c                network_csb_conf
 .text.network_lkeyp_conf
                0x00002f6c       0x10 ./src/network.o
                0x00002f6c                network_lkeyp_conf
 .text.network_rkeyp_conf
                0x00002f7c       0x10 ./src/network.o
                0x00002f7c                network_rkeyp_conf
 .text.network_ecu_conf
                0x00002f8c       0x10 ./src/network.o
                0x00002f8c                network_ecu_conf
 .text.network_pedal_conf
                0x00002f9c       0x10 ./src/network.o
                0x00002f9c                network_pedal_conf
 .text.network_uw181s_conf
                0x00002fac       0x10 ./src/network.o
                0x00002fac                network_uw181s_conf
 .text.network_uw181smb_conf
                0x00002fbc       0x10 ./src/network.o
                0x00002fbc                network_uw181smb_conf
 .text.network_gsm_conf
                0x00002fcc       0x10 ./src/network.o
                0x00002fcc                network_gsm_conf
 .text.uv_uidisplay_init
                0x00002fdc       0x28 ./hal/uv_hal/src/ui/uv_uidisplay.o
                0x00002fdc                uv_uidisplay_init
 .text.uv_uidisplay_step
                0x00003004       0x20 ./hal/uv_hal/src/ui/uv_uidisplay.o
                0x00003004                uv_uidisplay_step
 .text.uv_ui_get_xglobal
                0x00003024       0x88 ./hal/uv_hal/src/ui/uv_uilabel.o
 .text.uv_ui_get_yglobal
                0x000030ac       0x88 ./hal/uv_hal/src/ui/uv_uilabel.o
 .text._uv_ui_draw_text
                0x00003134      0x1f4 ./hal/uv_hal/src/ui/uv_uilabel.o
                0x00003134                _uv_ui_draw_text
 .text.uv_uilabel_step
                0x00003328       0xe8 ./hal/uv_hal/src/ui/uv_uilabel.o
                0x00003328                uv_uilabel_step
 .text.uv_ui_get_yglobal
                0x00003410       0x88 ./hal/uv_hal/src/ui/uv_uiwindow.o
 .text.uv_ui_get_xglobal
                0x00003498       0x88 ./hal/uv_hal/src/ui/uv_uiwindow.o
 .text.redraw   0x00003520      0x150 ./hal/uv_hal/src/ui/uv_uiwindow.o
 .text.uv_uiwindow_step
                0x00003670       0x68 ./hal/uv_hal/src/ui/uv_uiwindow.o
                0x00003670                uv_uiwindow_step
 .text.printchar
                0x000036d8       0x18 ./hal/uv_hal/src/printf.o
 .text.prints   0x000036f0       0x84 ./hal/uv_hal/src/printf.o
 .text.printi   0x00003774       0xa8 ./hal/uv_hal/src/printf.o
 .text.print    0x0000381c      0x130 ./hal/uv_hal/src/printf.o
                0x0000381c                print
 .text.printf   0x0000394c       0x24 ./hal/uv_hal/src/printf.o
                0x0000394c                printf
 .text._uv_adc_init
                0x00003970       0xfc ./hal/uv_hal/src/uv_adc.o
                0x00003970                _uv_adc_init
 .text.uv_adc_read
                0x00003a6c       0x5c ./hal/uv_hal/src/uv_adc.o
                0x00003a6c                uv_adc_read
 .text.uv_adc_read_average
                0x00003ac8       0x20 ./hal/uv_hal/src/uv_adc.o
                0x00003ac8                uv_adc_read_average
 .text.check_channel
                0x00003ae8       0x28 ./hal/uv_hal/src/uv_can.o
 .text._uv_can_init
                0x00003b10       0x24 ./hal/uv_hal/src/uv_can.o
                0x00003b10                _uv_can_init
 .text.uv_can_step
                0x00003b34       0x24 ./hal/uv_hal/src/uv_can.o
                0x00003b34                uv_can_step
 .text.uv_can_config_rx_message
                0x00003b58       0x24 ./hal/uv_hal/src/uv_can.o
                0x00003b58                uv_can_config_rx_message
 .text.uv_can_send_message
                0x00003b7c       0x20 ./hal/uv_hal/src/uv_can.o
                0x00003b7c                uv_can_send_message
 .text.uv_can_fetch_message
                0x00003b9c       0x10 ./hal/uv_hal/src/uv_can.o
                0x00003b9c                uv_can_fetch_message
 .text.uv_can_get_error_state
                0x00003bac        0xc ./hal/uv_hal/src/uv_can.o
                0x00003bac                uv_can_get_error_state
 .text._uv_can_hal_step
                0x00003bb8       0x20 ./hal/uv_hal/src/uv_can.o
                0x00003bb8                _uv_can_hal_step
 .text.find_object
                0x00003bd8       0x38 ./hal/uv_hal/src/uv_canopen.o
 .text.sdo_send_response
                0x00003c10       0x7c ./hal/uv_hal/src/uv_canopen.o
 .text.sdo_send_error
                0x00003c8c       0x5c ./hal/uv_hal/src/uv_canopen.o
 .text.array_write
                0x00003ce8       0x28 ./hal/uv_hal/src/uv_canopen.o
 .text.array_read
                0x00003d10       0x2c ./hal/uv_hal/src/uv_canopen.o
 .text.canopen_parse_sdo
                0x00003d3c      0x228 ./hal/uv_hal/src/uv_canopen.o
 .text.get_object_value
                0x00003f64       0x1c ./hal/uv_hal/src/uv_canopen.o
 .text.uv_canopen_init
                0x00003f80       0xf0 ./hal/uv_hal/src/uv_canopen.o
                0x00003f80                uv_canopen_init
 .text.uv_canopen_set_state
                0x00004070       0x10 ./hal/uv_hal/src/uv_canopen.o
                0x00004070                uv_canopen_set_state
 .text.uv_canopen_step
                0x00004080      0x344 ./hal/uv_hal/src/uv_canopen.o
                0x00004080                uv_canopen_step
 .text._uv_eeprom_init
                0x000043c4       0x74 ./hal/uv_hal/src/uv_eeprom.o
                0x000043c4                _uv_eeprom_init
 .text.uv_eeprom_write
                0x00004438       0xa4 ./hal/uv_hal/src/uv_eeprom.o
                0x00004438                uv_eeprom_write
 .text.uv_eeprom_read
                0x000044dc       0x6c ./hal/uv_hal/src/uv_eeprom.o
                0x000044dc                uv_eeprom_read
 .text.uv_eeprom_init_circular_buffer
                0x00004548       0x68 ./hal/uv_hal/src/uv_eeprom.o
                0x00004548                uv_eeprom_init_circular_buffer
 .text.uv_eeprom_push_back
                0x000045b0       0xfc ./hal/uv_hal/src/uv_eeprom.o
                0x000045b0                uv_eeprom_push_back
 .text.uv_eeprom_pop_front
                0x000046ac       0xac ./hal/uv_hal/src/uv_eeprom.o
                0x000046ac                uv_eeprom_pop_front
 .text.uv_eeprom_at
                0x00004758       0xa0 ./hal/uv_hal/src/uv_eeprom.o
                0x00004758                uv_eeprom_at
 .text.uv_eeprom_clear
                0x000047f8       0x30 ./hal/uv_hal/src/uv_eeprom.o
                0x000047f8                uv_eeprom_clear
 .text._uv_emc_init
                0x00004828      0x24c ./hal/uv_hal/src/uv_emc.o
                0x00004828                _uv_emc_init
 .text.__uv_log_error
                0x00004a74       0x28 ./hal/uv_hal/src/uv_errors.o
                0x00004a74                __uv_log_error
 .text.GPIO_IRQHandler
                0x00004a9c       0x94 ./hal/uv_hal/src/uv_gpio.o
                0x00004a9c                GPIO_IRQHandler
 .text.uv_lcd_draw_rect
                0x00004b30       0x38 ./hal/uv_hal/src/uv_lcd.o
                0x00004b30                uv_lcd_draw_rect
 .text._uv_lcd_init
                0x00004b68      0x134 ./hal/uv_hal/src/uv_lcd.o
                0x00004b68                _uv_lcd_init
 .text.uv_lcd_draw_frame
                0x00004c9c       0x5c ./hal/uv_hal/src/uv_lcd.o
                0x00004c9c                uv_lcd_draw_frame
 .text.uv_lcd_touch_get
                0x00004cf8      0x1a4 ./hal/uv_hal/src/uv_lcd.o
                0x00004cf8                uv_lcd_touch_get
 .text.calc_crc
                0x00004e9c       0x3c ./hal/uv_hal/src/uv_memory.o
 .text.uv_memory_load
                0x00004ed8       0x74 ./hal/uv_hal/src/uv_memory.o
                0x00004ed8                uv_memory_load
 .text.uv_erase_and_write_to_flash
                0x00004f4c       0xf8 ./hal/uv_hal/src/uv_memory.o
                0x00004f4c                uv_erase_and_write_to_flash
 .text.uv_memory_save
                0x00005044       0xe0 ./hal/uv_hal/src/uv_memory.o
                0x00005044                uv_memory_save
 .text.__uv_save_previous_non_volatile_data
                0x00005124       0x34 ./hal/uv_hal/src/uv_memory.o
                0x00005124                __uv_save_previous_non_volatile_data
 .text.__uv_load_previous_non_volatile_data
                0x00005158       0x34 ./hal/uv_hal/src/uv_memory.o
                0x00005158                __uv_load_previous_non_volatile_data
 .text.__uv_clear_previous_non_volatile_data
                0x0000518c       0xb0 ./hal/uv_hal/src/uv_memory.o
                0x0000518c                __uv_clear_previous_non_volatile_data
 .text.uv_set_crc
                0x0000523c       0x10 ./hal/uv_hal/src/uv_memory.o
                0x0000523c                uv_set_crc
 .text.uv_get_crc
                0x0000524c        0x8 ./hal/uv_hal/src/uv_memory.o
                0x0000524c                uv_get_crc
 .text._uv_pwm_init
                0x00005254       0x98 ./hal/uv_hal/src/uv_pwm.o
                0x00005254                _uv_pwm_init
 .text.uv_system_reset
                0x000052ec       0x24 ./hal/uv_hal/src/uv_reset.o
                0x000052ec                uv_system_reset
 .text.uv_reset_get_source
                0x00005310       0x10 ./hal/uv_hal/src/uv_reset.o
                0x00005310                uv_reset_get_source
 .text._uv_rtc_init
                0x00005320       0x24 ./hal/uv_hal/src/uv_rtc.o
                0x00005320                _uv_rtc_init
 .text.uv_rtc_get_time
                0x00005344       0x2c ./hal/uv_hal/src/uv_rtc.o
                0x00005344                uv_rtc_get_time
 .text.uv_rtc_set_time
                0x00005370       0x34 ./hal/uv_hal/src/uv_rtc.o
                0x00005370                uv_rtc_set_time
 .text.uv_rtos_task_delay
                0x000053a4       0x1c ./hal/uv_hal/src/uv_rtos.o
                0x000053a4                uv_rtos_task_delay
 .text.hal_task
                0x000053c0       0x1c ./hal/uv_hal/src/uv_rtos.o
                0x000053c0                hal_task
 .text.vApplicationStackOverflowHook
                0x000053dc       0x34 ./hal/uv_hal/src/uv_rtos.o
                0x000053dc                vApplicationStackOverflowHook
 .text.uv_init  0x00005410       0x54 ./hal/uv_hal/src/uv_rtos.o
                0x00005410                uv_init
 .text.outbyte  0x00005464       0x28 ./hal/uv_hal/src/uv_stdout.o
                0x00005464                outbyte
 .text.uv_stdout_send
                0x0000548c       0x18 ./hal/uv_hal/src/uv_stdout.o
                0x0000548c                uv_stdout_send
 .text.uv_terminal_dev_callb
                0x000054a4       0x20 ./hal/uv_hal/src/uv_terminal.o
                0x000054a4                uv_terminal_dev_callb
 .text.uv_terminal_man_callb
                0x000054c4       0x7c ./hal/uv_hal/src/uv_terminal.o
                0x000054c4                uv_terminal_man_callb
 .text.uv_terminal_reset_callb
                0x00005540       0x20 ./hal/uv_hal/src/uv_terminal.o
                0x00005540                uv_terminal_reset_callb
 .text.uv_terminal_save_callb
                0x00005560       0x14 ./hal/uv_hal/src/uv_terminal.o
                0x00005560                uv_terminal_save_callb
 .text.uv_terminal_revert_callb
                0x00005574       0x14 ./hal/uv_hal/src/uv_terminal.o
                0x00005574                uv_terminal_revert_callb
 .text.uv_terminal_crc_callb
                0x00005588       0x28 ./hal/uv_hal/src/uv_terminal.o
                0x00005588                uv_terminal_crc_callb
 .text.uv_terminal_init
                0x000055b0       0x30 ./hal/uv_hal/src/uv_terminal.o
                0x000055b0                uv_terminal_init
 .text.uv_terminal_get_commands_count
                0x000055e0        0xc ./hal/uv_hal/src/uv_terminal.o
                0x000055e0                uv_terminal_get_commands_count
 .text.uv_terminal_help_callb
                0x000055ec       0x50 ./hal/uv_hal/src/uv_terminal.o
                0x000055ec                uv_terminal_help_callb
 .text.uv_terminal_step
                0x0000563c      0x204 ./hal/uv_hal/src/uv_terminal.o
                0x0000563c                uv_terminal_step
 .text.check_uart
                0x00005840       0x24 ./hal/uv_hal/src/uv_uart.o
 .text.isr      0x00005864       0x54 ./hal/uv_hal/src/uv_uart.o
 .text.UART0_IRQHandler
                0x000058b8        0xc ./hal/uv_hal/src/uv_uart.o
                0x000058b8                UART0_IRQHandler
 .text._uv_uart_init
                0x000058c4      0x110 ./hal/uv_hal/src/uv_uart.o
                0x000058c4                _uv_uart_init
 .text.uv_uart_send_char
                0x000059d4       0x5c ./hal/uv_hal/src/uv_uart.o
                0x000059d4                uv_uart_send_char
 .text.uv_uart_get_char
                0x00005a30       0x38 ./hal/uv_hal/src/uv_uart.o
                0x00005a30                uv_uart_get_char
 .text.uv_uart_is_initialized
                0x00005a68       0x1c ./hal/uv_hal/src/uv_uart.o
                0x00005a68                uv_uart_is_initialized
 .text.uv_set_application_ptr
                0x00005a84        0xc ./hal/uv_hal/src/uv_utilities.o
                0x00005a84                uv_set_application_ptr
 .text.uv_ring_buffer_init
                0x00005a90       0x1c ./hal/uv_hal/src/uv_utilities.o
                0x00005a90                uv_ring_buffer_init
 .text.uv_ring_buffer_push
                0x00005aac       0x54 ./hal/uv_hal/src/uv_utilities.o
                0x00005aac                uv_ring_buffer_push
 .text.uv_ring_buffer_pop
                0x00005b00       0x58 ./hal/uv_hal/src/uv_utilities.o
                0x00005b00                uv_ring_buffer_pop
 .text._delay_ms
                0x00005b58       0x4c ./hal/uv_hal/src/uv_utilities.o
                0x00005b58                _delay_ms
 .text.uv_set_int_priority
                0x00005ba4       0x4c ./hal/uv_hal/src/uv_utilities.o
                0x00005ba4                uv_set_int_priority
 .text.__uv_get_user_ptr
                0x00005bf0        0xc ./hal/uv_hal/src/uv_utilities.o
                0x00005bf0                __uv_get_user_ptr
 .text.NMI_Handler
                0x00005bfc       0x14 ./hal/uv_hal/src/uv_utilities.o
                0x00005bfc                NMI_Handler
 .text.HardFault_Handler
                0x00005c10       0x14 ./hal/uv_hal/src/uv_utilities.o
                0x00005c10                HardFault_Handler
 .text.MemManage_Handler
                0x00005c24       0x14 ./hal/uv_hal/src/uv_utilities.o
                0x00005c24                MemManage_Handler
 .text.BusFault_Handler
                0x00005c38       0x14 ./hal/uv_hal/src/uv_utilities.o
                0x00005c38                BusFault_Handler
 .text.UsageFault_Handler
                0x00005c4c       0x14 ./hal/uv_hal/src/uv_utilities.o
                0x00005c4c                UsageFault_Handler
 .text.IntDefaultHandler
                0x00005c60       0x14 ./hal/uv_hal/src/uv_utilities.o
                0x00005c60                IntDefaultHandler
 .text.prvTaskExitError
                0x00005c74       0x14 ./hal/uv_hal/freertos/portable/GCC/ARM_CM3/port.o
 .text.prvPortStartFirstTask
                0x00005c88       0x20 ./hal/uv_hal/freertos/portable/GCC/ARM_CM3/port.o
 .text.pxPortInitialiseStack
                0x00005ca8       0x20 ./hal/uv_hal/freertos/portable/GCC/ARM_CM3/port.o
                0x00005ca8                pxPortInitialiseStack
 *fill*         0x00005cc8        0x8 ff
 .text.SVC_Handler
                0x00005cd0       0x24 ./hal/uv_hal/freertos/portable/GCC/ARM_CM3/port.o
                0x00005cd0                SVC_Handler
 .text.vPortEnterCritical
                0x00005cf4       0x20 ./hal/uv_hal/freertos/portable/GCC/ARM_CM3/port.o
                0x00005cf4                vPortEnterCritical
 .text.vPortExitCritical
                0x00005d14       0x14 ./hal/uv_hal/freertos/portable/GCC/ARM_CM3/port.o
                0x00005d14                vPortExitCritical
 *fill*         0x00005d28        0x8 ff
 .text.PendSV_Handler
                0x00005d30       0x44 ./hal/uv_hal/freertos/portable/GCC/ARM_CM3/port.o
                0x00005d30                PendSV_Handler
 .text.SysTick_Handler
                0x00005d74       0x2c ./hal/uv_hal/freertos/portable/GCC/ARM_CM3/port.o
                0x00005d74                SysTick_Handler
 .text.vPortSetupTimerInterrupt
                0x00005da0       0x2c ./hal/uv_hal/freertos/portable/GCC/ARM_CM3/port.o
                0x00005da0                vPortSetupTimerInterrupt
 .text.xPortStartScheduler
                0x00005dcc       0x30 ./hal/uv_hal/freertos/portable/GCC/ARM_CM3/port.o
                0x00005dcc                xPortStartScheduler
 .text.prvHeapInit
                0x00005dfc       0x2c ./hal/uv_hal/freertos/heap_2.o
 .text.pvPortMalloc
                0x00005e28       0xa4 ./hal/uv_hal/freertos/heap_2.o
                0x00005e28                pvPortMalloc
 .text.vPortFree
                0x00005ecc       0x44 ./hal/uv_hal/freertos/heap_2.o
                0x00005ecc                vPortFree
 .text.vListInitialise
                0x00005f10       0x18 ./hal/uv_hal/freertos/list.o
                0x00005f10                vListInitialise
 .text.vListInitialiseItem
                0x00005f28        0x8 ./hal/uv_hal/freertos/list.o
                0x00005f28                vListInitialiseItem
 .text.vListInsertEnd
                0x00005f30       0x18 ./hal/uv_hal/freertos/list.o
                0x00005f30                vListInsertEnd
 .text.vListInsert
                0x00005f48       0x34 ./hal/uv_hal/freertos/list.o
                0x00005f48                vListInsert
 .text.uxListRemove
                0x00005f7c       0x24 ./hal/uv_hal/freertos/list.o
                0x00005f7c                uxListRemove
 .text.prvIsQueueFull
                0x00005fa0       0x20 ./hal/uv_hal/freertos/queue.o
 .text.prvIsQueueEmpty
                0x00005fc0       0x1c ./hal/uv_hal/freertos/queue.o
 .text.prvAllocateQueueMemory
                0x00005fdc       0x24 ./hal/uv_hal/freertos/queue.o
 .text.prvCopyDataToQueue
                0x00006000       0x7c ./hal/uv_hal/freertos/queue.o
 .text.prvCopyDataFromQueue
                0x0000607c       0x24 ./hal/uv_hal/freertos/queue.o
 .text.prvUnlockQueue
                0x000060a0       0x64 ./hal/uv_hal/freertos/queue.o
 .text.xQueueGenericReset
                0x00006104       0x6c ./hal/uv_hal/freertos/queue.o
                0x00006104                xQueueGenericReset
 .text.xQueueGenericCreate
                0x00006170       0x3c ./hal/uv_hal/freertos/queue.o
                0x00006170                xQueueGenericCreate
 .text.xQueueGenericSend
                0x000061ac       0xfc ./hal/uv_hal/freertos/queue.o
                0x000061ac                xQueueGenericSend
 .text.xQueueGenericSendFromISR
                0x000062a8       0x68 ./hal/uv_hal/freertos/queue.o
                0x000062a8                xQueueGenericSendFromISR
 .text.xQueueGenericReceive
                0x00006310      0x134 ./hal/uv_hal/freertos/queue.o
                0x00006310                xQueueGenericReceive
 .text.vQueueAddToRegistry
                0x00006444       0x28 ./hal/uv_hal/freertos/queue.o
                0x00006444                vQueueAddToRegistry
 .text.vQueueWaitForMessageRestricted
                0x0000646c       0x40 ./hal/uv_hal/freertos/queue.o
                0x0000646c                vQueueWaitForMessageRestricted
 .text.prvResetNextTaskUnblockTime
                0x000064ac       0x34 ./hal/uv_hal/freertos/tasks.o
 .text.prvDeleteTCB
                0x000064e0       0x14 ./hal/uv_hal/freertos/tasks.o
 .text.prvAllocateTCBAndStack
                0x000064f4       0x44 ./hal/uv_hal/freertos/tasks.o
 .text.prvInitialiseTCBVariables
                0x00006538       0x50 ./hal/uv_hal/freertos/tasks.o
 .text.prvInitialiseTaskLists
                0x00006588       0x68 ./hal/uv_hal/freertos/tasks.o
 .text.prvAddCurrentTaskToDelayedList
                0x000065f0       0x98 ./hal/uv_hal/freertos/tasks.o
 .text.xTaskGenericCreate
                0x00006688      0x104 ./hal/uv_hal/freertos/tasks.o
                0x00006688                xTaskGenericCreate
 .text.vTaskStartScheduler
                0x0000678c       0x70 ./hal/uv_hal/freertos/tasks.o
                0x0000678c                vTaskStartScheduler
 .text.vTaskSuspendAll
                0x000067fc       0x10 ./hal/uv_hal/freertos/tasks.o
                0x000067fc                vTaskSuspendAll
 .text.xTaskGetTickCount
                0x0000680c        0xc ./hal/uv_hal/freertos/tasks.o
                0x0000680c                xTaskGetTickCount
 .text.xTaskIncrementTick
                0x00006818      0x10c ./hal/uv_hal/freertos/tasks.o
                0x00006818                xTaskIncrementTick
 .text.xTaskResumeAll
                0x00006924       0xe8 ./hal/uv_hal/freertos/tasks.o
                0x00006924                xTaskResumeAll
 .text.vTaskDelayUntil
                0x00006a0c       0x68 ./hal/uv_hal/freertos/tasks.o
                0x00006a0c                vTaskDelayUntil
 .text.prvCheckTasksWaitingTermination
                0x00006a74       0x54 ./hal/uv_hal/freertos/tasks.o
 .text.prvIdleTask
                0x00006ac8       0x28 ./hal/uv_hal/freertos/tasks.o
 .text.vTaskSwitchContext
                0x00006af0       0x90 ./hal/uv_hal/freertos/tasks.o
                0x00006af0                vTaskSwitchContext
 .text.vTaskPlaceOnEventList
                0x00006b80       0x1c ./hal/uv_hal/freertos/tasks.o
                0x00006b80                vTaskPlaceOnEventList
 .text.vTaskPlaceOnEventListRestricted
                0x00006b9c       0x24 ./hal/uv_hal/freertos/tasks.o
                0x00006b9c                vTaskPlaceOnEventListRestricted
 .text.xTaskRemoveFromEventList
                0x00006bc0       0x78 ./hal/uv_hal/freertos/tasks.o
                0x00006bc0                xTaskRemoveFromEventList
 .text.vTaskSetTimeOutState
                0x00006c38       0x18 ./hal/uv_hal/freertos/tasks.o
                0x00006c38                vTaskSetTimeOutState
 .text.xTaskCheckForTimeOut
                0x00006c50       0x58 ./hal/uv_hal/freertos/tasks.o
                0x00006c50                xTaskCheckForTimeOut
 .text.vTaskMissedYield
                0x00006ca8        0xc ./hal/uv_hal/freertos/tasks.o
                0x00006ca8                vTaskMissedYield
 .text.xTaskGetSchedulerState
                0x00006cb4       0x20 ./hal/uv_hal/freertos/tasks.o
                0x00006cb4                xTaskGetSchedulerState
 .text.vTaskPriorityInherit
                0x00006cd4       0xa8 ./hal/uv_hal/freertos/tasks.o
                0x00006cd4                vTaskPriorityInherit
 .text.xTaskPriorityDisinherit
                0x00006d7c       0x84 ./hal/uv_hal/freertos/tasks.o
                0x00006d7c                xTaskPriorityDisinherit
 .text.pvTaskIncrementMutexHeldCount
                0x00006e00       0x1c ./hal/uv_hal/freertos/tasks.o
                0x00006e00                pvTaskIncrementMutexHeldCount
 .text.prvGetNextExpireTime
                0x00006e1c       0x20 ./hal/uv_hal/freertos/timers.o
 .text.prvInsertTimerInActiveList
                0x00006e3c       0x48 ./hal/uv_hal/freertos/timers.o
 .text.prvCheckForValidListAndQueue
                0x00006e84       0x60 ./hal/uv_hal/freertos/timers.o
 .text.xTimerCreateTimerTask
                0x00006ee4       0x3c ./hal/uv_hal/freertos/timers.o
                0x00006ee4                xTimerCreateTimerTask
 .text.xTimerGenericCommand
                0x00006f20       0x58 ./hal/uv_hal/freertos/timers.o
                0x00006f20                xTimerGenericCommand
 .text.prvSwitchTimerLists
                0x00006f78       0x68 ./hal/uv_hal/freertos/timers.o
 .text.prvSampleTimeNow
                0x00006fe0       0x2c ./hal/uv_hal/freertos/timers.o
 .text.prvProcessExpiredTimer
                0x0000700c       0x48 ./hal/uv_hal/freertos/timers.o
 .text.prvProcessTimerOrBlockTask
                0x00007054       0x74 ./hal/uv_hal/freertos/timers.o
 .text.prvProcessReceivedCommands
                0x000070c8       0x98 ./hal/uv_hal/freertos/timers.o
 .text.prvTimerTask
                0x00007160       0x18 ./hal/uv_hal/freertos/timers.o
 .text.SystemCoreClockUpdate
                0x00007178      0x288 ./CMSIS_CORE_LPC177x_8x/src/system_LPC177x_8x.o
                0x00007178                SystemCoreClockUpdate
 .text.SystemInit
                0x00007400       0x7c ./CMSIS_CORE_LPC177x_8x/src/system_LPC177x_8x.o
                0x00007400                SystemInit
 .text          0x0000747c      0x21c /usr/local/lpcxpresso_7.7.2_379/lpcxpresso/tools/bin/../lib/gcc/arm-none-eabi/5.4.1/armv7-m/libgcc.a(_arm_addsubsf3.o)
                0x0000747c                __aeabi_frsub
                0x00007484                __subsf3
                0x00007484                __aeabi_fsub
                0x00007488                __aeabi_fadd
                0x00007488                __addsf3
                0x000075e8                __aeabi_ui2f
                0x000075e8                __floatunsisf
                0x000075f0                __aeabi_i2f
                0x000075f0                __floatsisf
                0x0000760c                __floatundisf
                0x0000760c                __aeabi_ul2f
                0x0000761c                __floatdisf
                0x0000761c                __aeabi_l2f
 .text          0x00007698      0x2a0 /usr/local/lpcxpresso_7.7.2_379/lpcxpresso/tools/bin/../lib/gcc/arm-none-eabi/5.4.1/armv7-m/libgcc.a(_arm_muldivsf3.o)
                0x00007698                __mulsf3
                0x00007698                __aeabi_fmul
                0x00007800                __divsf3
                0x00007800                __aeabi_fdiv
 .text          0x00007938       0xec /usr/local/lpcxpresso_7.7.2_379/lpcxpresso/tools/bin/../lib/gcc/arm-none-eabi/5.4.1/armv7-m/libgcc.a(_arm_cmpsf2.o)
                0x00007938                __gtsf2
                0x00007938                __gesf2
                0x00007940                __lesf2
                0x00007940                __ltsf2
                0x00007948                __nesf2
                0x00007948                __eqsf2
                0x00007948                __cmpsf2
                0x000079a8                __aeabi_cfrcmple
                0x000079b0                __aeabi_cfcmple
                0x000079b0                __aeabi_cfcmpeq
                0x000079c0                __aeabi_fcmpeq
                0x000079d4                __aeabi_fcmplt
                0x000079e8                __aeabi_fcmple
                0x000079fc                __aeabi_fcmpge
                0x00007a10                __aeabi_fcmpgt
 .text          0x00007a24       0x40 /usr/local/lpcxpresso_7.7.2_379/lpcxpresso/tools/bin/../lib/gcc/arm-none-eabi/5.4.1/armv7-m/libgcc.a(_arm_fixunssfsi.o)
                0x00007a24                __aeabi_f2uiz
                0x00007a24                __fixunssfsi
 .text          0x00007a64       0xec /usr/local/lpcxpresso_7.7.2_379/lpcxpresso/tools/bin/../lib/gcc/arm-none-eabi/5.4.1/../../../../arm-none-eabi/lib/armv7-m/libc.a(lib_a-memcpy.o)
                0x00007a64                memcpy
 .text.memset   0x00007b50       0x9c /usr/local/lpcxpresso_7.7.2_379/lpcxpresso/tools/bin/../lib/gcc/arm-none-eabi/5.4.1/../../../../arm-none-eabi/lib/armv7-m/libc.a(lib_a-memset.o)
                0x00007b50                memset
 .text          0x00007bec      0x1bc /usr/local/lpcxpresso_7.7.2_379/lpcxpresso/tools/bin/../lib/gcc/arm-none-eabi/5.4.1/../../../../arm-none-eabi/lib/armv7-m/libc.a(lib_a-strcmp.o)
                0x00007bec                strcmp
 .text.strlen   0x00007da8       0x5c /usr/local/lpcxpresso_7.7.2_379/lpcxpresso/tools/bin/../lib/gcc/arm-none-eabi/5.4.1/../../../../arm-none-eabi/lib/armv7-m/libc.a(lib_a-strlen-stub.o)
                0x00007da8                strlen
 .text._strtol_r
                0x00007e04      0x128 /usr/local/lpcxpresso_7.7.2_379/lpcxpresso/tools/bin/../lib/gcc/arm-none-eabi/5.4.1/../../../../arm-none-eabi/lib/armv7-m/libc.a(lib_a-strtol.o)
                0x00007e04                _strtol_r
 .text.strtol   0x00007f2c       0x18 /usr/local/lpcxpresso_7.7.2_379/lpcxpresso/tools/bin/../lib/gcc/arm-none-eabi/5.4.1/../../../../arm-none-eabi/lib/armv7-m/libc.a(lib_a-strtol.o)
                0x00007f2c                strtol
 *(.rodata .rodata.* .constdata .constdata.*)
 .rodata.str1.4
                0x00007f44      0x100 ./src/ui/home_screen.o
 .rodata.str1.4
                0x00008044        0x6 ./src/ui/taskbar.o
 *fill*         0x0000804a        0x2 ff
 .rodata.obj_dict
                0x0000804c        0x0 ./src/canopen.o
                0x0000804c                obj_dict
 .rodata.terminal_commands
                0x0000804c      0x170 ./src/commands.o
                0x0000804c                terminal_commands
 .rodata.str1.4
                0x000081bc      0xe0d ./src/commands.o
                                0xe11 (size before relaxing)
 *fill*         0x00008fc9        0x3 ff
 .rodata.str1.4
                0x00008fcc        0x4 ./src/gui.o
 .rodata.str1.4
                0x00008fd0       0x3b ./src/log.o
 *fill*         0x0000900b        0x1 ff
 .rodata.log_entry_defs
                0x0000900c       0x18 ./src/log.o
                0x0000900c                log_entry_defs
 .rodata.str1.4
                0x00009024       0x15 ./src/main.o
 *fill*         0x00009039        0x3 ff
 .rodata.str1.4
                0x0000903c       0x1d ./src/network.o
 *fill*         0x00009059        0x3 ff
 .rodata.uv_uiwindow_styles
                0x0000905c       0x18 ./hal/uv_hal/src/ui/uv_ui_styles.o
                0x0000905c                uv_uiwindow_styles
 .rodata.font_16X26
                0x00009074        0x8 ./hal/uv_hal/src/ui/uv_uifonts.o
                0x00009074                font_16X26
 .rodata.font_16x26
                0x0000907c     0x3400 ./hal/uv_hal/src/ui/uv_uifonts.o
                0x0000907c                font_16x26
 .rodata.str1.4
                0x0000c47c        0x7 ./hal/uv_hal/src/printf.o
 *fill*         0x0000c483        0x1 ff
 .rodata.str1.4
                0x0000c484        0xb ./hal/uv_hal/src/uv_eeprom.o
 *fill*         0x0000c48f        0x1 ff
 .rodata.str1.4
                0x0000c490      0xa67 ./hal/uv_hal/src/uv_errors.o
 *fill*         0x0000cef7        0x1 ff
 .rodata.str1.4
                0x0000cef8       0x3f ./hal/uv_hal/src/uv_memory.o
 *fill*         0x0000cf37        0x1 ff
 .rodata.str1.4
                0x0000cf38       0x13 ./hal/uv_hal/src/uv_rtos.o
 *fill*         0x0000cf4b        0x1 ff
 .rodata.str1.4
                0x0000cf4c      0x436 ./hal/uv_hal/src/uv_terminal.o
                                0x446 (size before relaxing)
 *fill*         0x0000d382        0x2 ff
 .rodata.common_cmds
                0x0000d384       0x70 ./hal/uv_hal/src/uv_terminal.o
                0x0000d384                common_cmds
 .rodata.str1.4
                0x0000d3f4       0x6c ./hal/uv_hal/src/uv_utilities.o
 .rodata.str1.4
                0x0000d460        0x5 ./hal/uv_hal/freertos/tasks.o
 *fill*         0x0000d465        0x3 ff
 .rodata.str1.4
                0x0000d468       0x10 ./hal/uv_hal/freertos/timers.o
 .rodata._ctype_
                0x0000d478      0x101 /usr/local/lpcxpresso_7.7.2_379/lpcxpresso/tools/bin/../lib/gcc/arm-none-eabi/5.4.1/../../../../arm-none-eabi/lib/armv7-m/libc.a(lib_a-ctype_.o)
                0x0000d478                _ctype_
 *fill*         0x0000d579        0x3 ff
 .rodata.str1.4
                0x0000d57c        0x4 /usr/local/lpcxpresso_7.7.2_379/lpcxpresso/tools/bin/../lib/gcc/arm-none-eabi/5.4.1/../../../../arm-none-eabi/lib/armv7-m/libc.a(lib_a-impure.o)
                                  0x2 (size before relaxing)
                0x0000d580                . = ALIGN (0x4)

.glue_7         0x0000d580        0x0
 .glue_7        0x0000d580        0x0 linker stubs

.glue_7t        0x0000d580        0x0
 .glue_7t       0x0000d580        0x0 linker stubs

.vfp11_veneer   0x0000d580        0x0
 .vfp11_veneer  0x0000d580        0x0 linker stubs

.v4_bx          0x0000d580        0x0
 .v4_bx         0x0000d580        0x0 linker stubs

.iplt           0x0000d580        0x0
 .iplt          0x0000d580        0x0 ./src/ui/home_screen.o

.rel.dyn        0x0000d580        0x0
 .rel.iplt      0x0000d580        0x0 ./src/ui/home_screen.o

.ARM.extab
 *(.ARM.extab* .gnu.linkonce.armextab.*)
                0x0000d580                __exidx_start = .

.ARM.exidx
 *(.ARM.exidx* .gnu.linkonce.armexidx.*)
                0x0000d580                __exidx_end = .
                0x0000d580                _etext = .

.data_RAM2      0x20000000        0x0 load address 0x0000d580
 FILL mask 0xff
                [!provide]                PROVIDE (__start_data_RAM2, .)
 *(.ramfunc.$RAM2)
 *(.ramfunc.$RamPeriph16)
 *(.data.$RAM2*)
 *(.data.$RamPeriph16*)
                0x20000000                . = ALIGN (0x4)
                [!provide]                PROVIDE (__end_data_RAM2, .)

.uninit_RESERVED
                0x10000080        0x0
 *(.bss.$RESERVED*)
                0x10000080                . = ALIGN (0x4)
                0x10000080                _end_uninit_RESERVED = .

.data           0x10000080      0x454 load address 0x0000d580
 FILL mask 0xff
                0x10000080                _data = .
 *(vtable)
 *(.ramfunc*)
 *(.data*)
 .data.lcd      0x10000080        0x4 ./hal/uv_hal/src/uv_lcd.o
                0x10000080                lcd
 .data.uv_projname
                0x10000084        0x4 ./hal/uv_hal/src/uv_memory.o
                0x10000084                uv_projname
 .data.uv_datetime
                0x10000088        0x4 ./hal/uv_hal/src/uv_memory.o
                0x10000088                uv_datetime
 .data.uxCriticalNesting
                0x1000008c        0x4 ./hal/uv_hal/freertos/portable/GCC/ARM_CM3/port.o
 .data.xFreeBytesRemaining
                0x10000090        0x4 ./hal/uv_hal/freertos/heap_2.o
 .data.USBClock
                0x10000094        0x4 ./CMSIS_CORE_LPC177x_8x/src/system_LPC177x_8x.o
                0x10000094                USBClock
 .data.EMCClock
                0x10000098        0x4 ./CMSIS_CORE_LPC177x_8x/src/system_LPC177x_8x.o
                0x10000098                EMCClock
 .data.PeripheralClock
                0x1000009c        0x4 ./CMSIS_CORE_LPC177x_8x/src/system_LPC177x_8x.o
                0x1000009c                PeripheralClock
 .data.SystemCoreClock
                0x100000a0        0x4 ./CMSIS_CORE_LPC177x_8x/src/system_LPC177x_8x.o
                0x100000a0                SystemCoreClock
 .data.__ctype_ptr__
                0x100000a4        0x4 /usr/local/lpcxpresso_7.7.2_379/lpcxpresso/tools/bin/../lib/gcc/arm-none-eabi/5.4.1/../../../../arm-none-eabi/lib/armv7-m/libc.a(lib_a-ctype_.o)
                0x100000a4                __ctype_ptr__
 .data.impure_data
                0x100000a8      0x428 /usr/local/lpcxpresso_7.7.2_379/lpcxpresso/tools/bin/../lib/gcc/arm-none-eabi/5.4.1/../../../../arm-none-eabi/lib/armv7-m/libc.a(lib_a-impure.o)
 .data._impure_ptr
                0x100004d0        0x4 /usr/local/lpcxpresso_7.7.2_379/lpcxpresso/tools/bin/../lib/gcc/arm-none-eabi/5.4.1/../../../../arm-none-eabi/lib/armv7-m/libc.a(lib_a-impure.o)
                0x100004d0                _impure_ptr
                0x100004d4                . = ALIGN (0x4)
                0x100004d4                _edata = .

.igot.plt       0x100004d4        0x0 load address 0x0000d9d4
 .igot.plt      0x100004d4        0x0 ./src/ui/home_screen.o

.bss_RAM2       0x20000000        0x0
                [!provide]                PROVIDE (__start_bss_RAM2, .)
 *(.bss.$RAM2*)
 *(.bss.$RamPeriph16*)
                0x20000000                . = ALIGN (0x4)
                [!provide]                PROVIDE (__end_bss_RAM2, .)

.bss            0x100004d8     0x2eb0
                0x100004d8                _bss = .
 *(.bss*)
 .bss._this     0x100004d8       0x70 ./hal/uv_hal/src/uv_can.o
 .bss._this     0x10000548        0x6 ./hal/uv_hal/src/uv_eeprom.o
 *fill*         0x1000054e        0x2 
 .bss.callback  0x10000550        0x4 ./hal/uv_hal/src/uv_gpio.o
 .bss.last_start
                0x10000554        0x4 ./hal/uv_hal/src/uv_memory.o
 .bss.last_end  0x10000558        0x4 ./hal/uv_hal/src/uv_memory.o
 .bss.rtos_init
                0x1000055c        0x1 ./hal/uv_hal/src/uv_rtos.o
                0x1000055c                rtos_init
 *fill*         0x1000055d        0x3 
 .bss.uart0_rxbuffer
                0x10000560        0xa ./hal/uv_hal/src/uv_uart.o
 *fill*         0x1000056a        0x2 
 .bss._this     0x1000056c       0x90 ./hal/uv_hal/src/uv_uart.o
 .bss.user_ptr  0x100005fc        0x4 ./hal/uv_hal/src/uv_utilities.o
                0x100005fc                user_ptr
 .bss.xStart    0x10000600        0x8 ./hal/uv_hal/freertos/heap_2.o
 .bss.xHeapHasBeenInitialised.6102
                0x10000608        0x4 ./hal/uv_hal/freertos/heap_2.o
 .bss.ucHeap    0x1000060c     0x2710 ./hal/uv_hal/freertos/heap_2.o
 .bss.xEnd      0x10002d1c        0x8 ./hal/uv_hal/freertos/heap_2.o
 .bss.xNumOfOverflows
                0x10002d24        0x4 ./hal/uv_hal/freertos/tasks.o
 .bss.pxDelayedTaskList
                0x10002d28        0x4 ./hal/uv_hal/freertos/tasks.o
 .bss.xSchedulerRunning
                0x10002d2c        0x4 ./hal/uv_hal/freertos/tasks.o
 .bss.xTasksWaitingTermination
                0x10002d30       0x14 ./hal/uv_hal/freertos/tasks.o
 .bss.pxOverflowDelayedTaskList
                0x10002d44        0x4 ./hal/uv_hal/freertos/tasks.o
 .bss.uxPendedTicks
                0x10002d48        0x4 ./hal/uv_hal/freertos/tasks.o
 .bss.pxReadyTasksLists
                0x10002d4c       0xa0 ./hal/uv_hal/freertos/tasks.o
 .bss.uxSchedulerSuspended
                0x10002dec        0x4 ./hal/uv_hal/freertos/tasks.o
 .bss.uxDeletedTasksWaitingCleanUp
                0x10002df0        0x4 ./hal/uv_hal/freertos/tasks.o
 .bss.uxCurrentNumberOfTasks
                0x10002df4        0x4 ./hal/uv_hal/freertos/tasks.o
 .bss.pxCurrentTCB
                0x10002df8        0x4 ./hal/uv_hal/freertos/tasks.o
                0x10002df8                pxCurrentTCB
 .bss.xPendingReadyList
                0x10002dfc       0x14 ./hal/uv_hal/freertos/tasks.o
 .bss.xIdleTaskHandle
                0x10002e10        0x4 ./hal/uv_hal/freertos/tasks.o
 .bss.xTickCount
                0x10002e14        0x4 ./hal/uv_hal/freertos/tasks.o
 .bss.xNextTaskUnblockTime
                0x10002e18        0x4 ./hal/uv_hal/freertos/tasks.o
 .bss.uxTaskNumber
                0x10002e1c        0x4 ./hal/uv_hal/freertos/tasks.o
 .bss.xDelayedTaskList1
                0x10002e20       0x14 ./hal/uv_hal/freertos/tasks.o
 .bss.xDelayedTaskList2
                0x10002e34       0x14 ./hal/uv_hal/freertos/tasks.o
 .bss.xSuspendedTaskList
                0x10002e48       0x14 ./hal/uv_hal/freertos/tasks.o
 .bss.uxTopReadyPriority
                0x10002e5c        0x4 ./hal/uv_hal/freertos/tasks.o
 .bss.xYieldPending
                0x10002e60        0x4 ./hal/uv_hal/freertos/tasks.o
 .bss.pxCurrentTimerList
                0x10002e64        0x4 ./hal/uv_hal/freertos/timers.o
 .bss.xActiveTimerList1
                0x10002e68       0x14 ./hal/uv_hal/freertos/timers.o
 .bss.xActiveTimerList2
                0x10002e7c       0x14 ./hal/uv_hal/freertos/timers.o
 .bss.xLastTime.6345
                0x10002e90        0x4 ./hal/uv_hal/freertos/timers.o
 .bss.xTimerQueue
                0x10002e94        0x4 ./hal/uv_hal/freertos/timers.o
 .bss.pxOverflowTimerList
                0x10002e98        0x4 ./hal/uv_hal/freertos/timers.o
 *(COMMON)
 COMMON         0x10002e9c      0x380 ./src/main.o
                0x10002e9c                dspl
 COMMON         0x1000321c        0x4 ./hal/uv_hal/src/uv_errors.o
                0x1000321c                __uv_error
 COMMON         0x10003220      0x118 ./hal/uv_hal/src/uv_terminal.o
                0x10003220                _terminal
 COMMON         0x10003338       0x50 ./hal/uv_hal/freertos/queue.o
                0x10003338                xQueueRegistry
                0x10003388                . = ALIGN (0x4)
                0x10003388                _ebss = .
                [!provide]                PROVIDE (end, .)

.noinit_RAM2    0x20000000        0x0
 *(.noinit.$RAM2*)
 *(.noinit.$RamPeriph16*)
                0x20000000                . = ALIGN (0x4)

.noinit         0x10003388        0x0
                0x10003388                _noinit = .
 *(.noinit*)
                0x10003388                . = ALIGN (0x4)
                0x10003388                _end_noinit = .
                [!provide]                PROVIDE (_pvHeapStart, DEFINED (__user_heap_base)?__user_heap_base:.)
                0x1000ff60                PROVIDE (_vStackTop, DEFINED (__user_stack_top)?__user_stack_top:(__top_RamLoc64 - 0x0))
OUTPUT(uw_display.axf elf32-littlearm)

.debug_info     0x00000000    0x1dbb2
 .debug_info    0x00000000      0x96b ./src/ui/home_screen.o
 .debug_info    0x0000096b      0xa45 ./src/ui/taskbar.o
 .debug_info    0x000013b0      0x819 ./src/alert.o
 .debug_info    0x00001bc9      0x214 ./src/canopen.o
 .debug_info    0x00001ddd     0x1c64 ./src/commands.o
 .debug_info    0x00003a41      0x293 ./src/cr_startup_lpc177x_8x.o
 .debug_info    0x00003cd4     0x1601 ./src/gui.o
 .debug_info    0x000052d5      0x3b6 ./src/log.o
 .debug_info    0x0000568b     0x2051 ./src/main.o
 .debug_info    0x000076dc     0x11a5 ./src/network.o
 .debug_info    0x00008881      0x24c ./hal/uv_hal/src/ui/uv_ui_styles.o
 .debug_info    0x00008acd      0x51d ./hal/uv_hal/src/ui/uv_uidisplay.o
 .debug_info    0x00008fea      0x205 ./hal/uv_hal/src/ui/uv_uifonts.o
 .debug_info    0x000091ef      0xc5e ./hal/uv_hal/src/ui/uv_uilabel.o
 .debug_info    0x00009e4d      0xb18 ./hal/uv_hal/src/ui/uv_uiwindow.o
 .debug_info    0x0000a965      0x625 ./hal/uv_hal/src/printf.o
 .debug_info    0x0000af8a     0x103d ./hal/uv_hal/src/uv_adc.o
 .debug_info    0x0000bfc7      0x8b5 ./hal/uv_hal/src/uv_can.o
 .debug_info    0x0000c87c     0x1986 ./hal/uv_hal/src/uv_canopen.o
 .debug_info    0x0000e202      0x8b2 ./hal/uv_hal/src/uv_eeprom.o
 .debug_info    0x0000eab4     0x11ba ./hal/uv_hal/src/uv_emc.o
 .debug_info    0x0000fc6e      0x132 ./hal/uv_hal/src/uv_errors.o
 .debug_info    0x0000fda0      0x920 ./hal/uv_hal/src/uv_gpio.o
 .debug_info    0x000106c0     0x1476 ./hal/uv_hal/src/uv_lcd.o
 .debug_info    0x00011b36      0xc11 ./hal/uv_hal/src/uv_memory.o
 .debug_info    0x00012747      0xe9f ./hal/uv_hal/src/uv_pwm.o
 .debug_info    0x000135e6      0x607 ./hal/uv_hal/src/uv_reset.o
 .debug_info    0x00013bed      0x7f2 ./hal/uv_hal/src/uv_rtc.o
 .debug_info    0x000143df      0x82d ./hal/uv_hal/src/uv_rtos.o
 .debug_info    0x00014c0c      0x1c6 ./hal/uv_hal/src/uv_stdout.o
 .debug_info    0x00014dd2      0xd12 ./hal/uv_hal/src/uv_terminal.o
 .debug_info    0x00015ae4     0x198b ./hal/uv_hal/src/uv_uart.o
 .debug_info    0x0001746f      0xf45 ./hal/uv_hal/src/uv_utilities.o
 .debug_info    0x000183b4      0x339 ./hal/uv_hal/freertos/portable/GCC/ARM_CM3/port.o
 .debug_info    0x000186ed      0x35c ./hal/uv_hal/freertos/heap_2.o
 .debug_info    0x00018a49      0x2cc ./hal/uv_hal/freertos/list.o
 .debug_info    0x00018d15     0x169b ./hal/uv_hal/freertos/queue.o
 .debug_info    0x0001a3b0     0x24f5 ./hal/uv_hal/freertos/tasks.o
 .debug_info    0x0001c8a5      0xf22 ./hal/uv_hal/freertos/timers.o
 .debug_info    0x0001d7c7      0x3eb ./CMSIS_CORE_LPC177x_8x/src/system_LPC177x_8x.o

.debug_abbrev   0x00000000     0x5171
 .debug_abbrev  0x00000000      0x1b8 ./src/ui/home_screen.o
 .debug_abbrev  0x000001b8      0x1c1 ./src/ui/taskbar.o
 .debug_abbrev  0x00000379      0x210 ./src/alert.o
 .debug_abbrev  0x00000589      0x11a ./src/canopen.o
 .debug_abbrev  0x000006a3      0x37d ./src/commands.o
 .debug_abbrev  0x00000a20      0x111 ./src/cr_startup_lpc177x_8x.o
 .debug_abbrev  0x00000b31      0x30f ./src/gui.o
 .debug_abbrev  0x00000e40      0x179 ./src/log.o
 .debug_abbrev  0x00000fb9      0x34c ./src/main.o
 .debug_abbrev  0x00001305      0x242 ./src/network.o
 .debug_abbrev  0x00001547       0xe1 ./hal/uv_hal/src/ui/uv_ui_styles.o
 .debug_abbrev  0x00001628      0x1ee ./hal/uv_hal/src/ui/uv_uidisplay.o
 .debug_abbrev  0x00001816       0xd0 ./hal/uv_hal/src/ui/uv_uifonts.o
 .debug_abbrev  0x000018e6      0x279 ./hal/uv_hal/src/ui/uv_uilabel.o
 .debug_abbrev  0x00001b5f      0x21e ./hal/uv_hal/src/ui/uv_uiwindow.o
 .debug_abbrev  0x00001d7d      0x1b9 ./hal/uv_hal/src/printf.o
 .debug_abbrev  0x00001f36      0x1b1 ./hal/uv_hal/src/uv_adc.o
 .debug_abbrev  0x000020e7      0x221 ./hal/uv_hal/src/uv_can.o
 .debug_abbrev  0x00002308      0x416 ./hal/uv_hal/src/uv_canopen.o
 .debug_abbrev  0x0000271e      0x24c ./hal/uv_hal/src/uv_eeprom.o
 .debug_abbrev  0x0000296a      0x17b ./hal/uv_hal/src/uv_emc.o
 .debug_abbrev  0x00002ae5       0xc8 ./hal/uv_hal/src/uv_errors.o
 .debug_abbrev  0x00002bad      0x1f4 ./hal/uv_hal/src/uv_gpio.o
 .debug_abbrev  0x00002da1      0x292 ./hal/uv_hal/src/uv_lcd.o
 .debug_abbrev  0x00003033      0x2e9 ./hal/uv_hal/src/uv_memory.o
 .debug_abbrev  0x0000331c      0x12a ./hal/uv_hal/src/uv_pwm.o
 .debug_abbrev  0x00003446      0x183 ./hal/uv_hal/src/uv_reset.o
 .debug_abbrev  0x000035c9      0x14d ./hal/uv_hal/src/uv_rtc.o
 .debug_abbrev  0x00003716      0x24b ./hal/uv_hal/src/uv_rtos.o
 .debug_abbrev  0x00003961      0x151 ./hal/uv_hal/src/uv_stdout.o
 .debug_abbrev  0x00003ab2      0x2d1 ./hal/uv_hal/src/uv_terminal.o
 .debug_abbrev  0x00003d83      0x357 ./hal/uv_hal/src/uv_uart.o
 .debug_abbrev  0x000040da      0x2e6 ./hal/uv_hal/src/uv_utilities.o
 .debug_abbrev  0x000043c0      0x203 ./hal/uv_hal/freertos/portable/GCC/ARM_CM3/port.o
 .debug_abbrev  0x000045c3      0x1b5 ./hal/uv_hal/freertos/heap_2.o
 .debug_abbrev  0x00004778       0xf6 ./hal/uv_hal/freertos/list.o
 .debug_abbrev  0x0000486e      0x2a4 ./hal/uv_hal/freertos/queue.o
 .debug_abbrev  0x00004b12      0x32f ./hal/uv_hal/freertos/tasks.o
 .debug_abbrev  0x00004e41      0x265 ./hal/uv_hal/freertos/timers.o
 .debug_abbrev  0x000050a6       0xcb ./CMSIS_CORE_LPC177x_8x/src/system_LPC177x_8x.o

.debug_loc      0x00000000     0xa8c4
 .debug_loc     0x00000000      0x44d ./src/ui/home_screen.o
 .debug_loc     0x0000044d      0x4c9 ./src/ui/taskbar.o
 .debug_loc     0x00000916      0x53a ./src/alert.o
 .debug_loc     0x00000e50      0xf79 ./src/commands.o
 .debug_loc     0x00001dc9      0x1d1 ./src/cr_startup_lpc177x_8x.o
 .debug_loc     0x00001f9a      0x375 ./src/gui.o
 .debug_loc     0x0000230f      0x125 ./src/log.o
 .debug_loc     0x00002434      0x1a5 ./src/main.o
 .debug_loc     0x000025d9      0x609 ./src/network.o
 .debug_loc     0x00002be2       0xaf ./hal/uv_hal/src/ui/uv_uidisplay.o
 .debug_loc     0x00002c91      0xc65 ./hal/uv_hal/src/ui/uv_uilabel.o
 .debug_loc     0x000038f6      0x966 ./hal/uv_hal/src/ui/uv_uiwindow.o
 .debug_loc     0x0000425c      0x73c ./hal/uv_hal/src/printf.o
 .debug_loc     0x00004998       0xec ./hal/uv_hal/src/uv_adc.o
 .debug_loc     0x00004a84      0x20a ./hal/uv_hal/src/uv_can.o
 .debug_loc     0x00004c8e      0xa46 ./hal/uv_hal/src/uv_canopen.o
 .debug_loc     0x000056d4      0x386 ./hal/uv_hal/src/uv_eeprom.o
 .debug_loc     0x00005a5a       0x2c ./hal/uv_hal/src/uv_errors.o
 .debug_loc     0x00005a86       0x3f ./hal/uv_hal/src/uv_gpio.o
 .debug_loc     0x00005ac5      0x295 ./hal/uv_hal/src/uv_lcd.o
 .debug_loc     0x00005d5a      0x669 ./hal/uv_hal/src/uv_memory.o
 .debug_loc     0x000063c3      0x10e ./hal/uv_hal/src/uv_rtos.o
 .debug_loc     0x000064d1       0x92 ./hal/uv_hal/src/uv_stdout.o
 .debug_loc     0x00006563      0x630 ./hal/uv_hal/src/uv_terminal.o
 .debug_loc     0x00006b93      0x335 ./hal/uv_hal/src/uv_uart.o
 .debug_loc     0x00006ec8      0x581 ./hal/uv_hal/src/uv_utilities.o
 .debug_loc     0x00007449       0x87 ./hal/uv_hal/freertos/portable/GCC/ARM_CM3/port.o
 .debug_loc     0x000074d0      0x1cc ./hal/uv_hal/freertos/heap_2.o
 .debug_loc     0x0000769c       0x65 ./hal/uv_hal/freertos/list.o
 .debug_loc     0x00007701     0x1043 ./hal/uv_hal/freertos/queue.o
 .debug_loc     0x00008744     0x18ca ./hal/uv_hal/freertos/tasks.o
 .debug_loc     0x0000a00e      0x8b6 ./hal/uv_hal/freertos/timers.o

.debug_aranges  0x00000000      0xda8
 .debug_aranges
                0x00000000       0x20 ./src/ui/home_screen.o
 .debug_aranges
                0x00000020       0x20 ./src/ui/taskbar.o
 .debug_aranges
                0x00000040       0x50 ./src/alert.o
 .debug_aranges
                0x00000090       0x20 ./src/canopen.o
 .debug_aranges
                0x000000b0       0x90 ./src/commands.o
 .debug_aranges
                0x00000140       0x80 ./src/cr_startup_lpc177x_8x.o
 .debug_aranges
                0x000001c0       0x38 ./src/gui.o
 .debug_aranges
                0x000001f8       0x38 ./src/log.o
 .debug_aranges
                0x00000230       0x30 ./src/main.o
 .debug_aranges
                0x00000260       0x70 ./src/network.o
 .debug_aranges
                0x000002d0       0x18 ./hal/uv_hal/src/ui/uv_ui_styles.o
 .debug_aranges
                0x000002e8       0x28 ./hal/uv_hal/src/ui/uv_uidisplay.o
 .debug_aranges
                0x00000310       0x18 ./hal/uv_hal/src/ui/uv_uifonts.o
 .debug_aranges
                0x00000328       0x38 ./hal/uv_hal/src/ui/uv_uilabel.o
 .debug_aranges
                0x00000360       0x38 ./hal/uv_hal/src/ui/uv_uiwindow.o
 .debug_aranges
                0x00000398       0x50 ./hal/uv_hal/src/printf.o
 .debug_aranges
                0x000003e8       0x30 ./hal/uv_hal/src/uv_adc.o
 .debug_aranges
                0x00000418       0x60 ./hal/uv_hal/src/uv_can.o
 .debug_aranges
                0x00000478       0x88 ./hal/uv_hal/src/uv_canopen.o
 .debug_aranges
                0x00000500       0x60 ./hal/uv_hal/src/uv_eeprom.o
 .debug_aranges
                0x00000560       0x20 ./hal/uv_hal/src/uv_emc.o
 .debug_aranges
                0x00000580       0x20 ./hal/uv_hal/src/uv_errors.o
 .debug_aranges
                0x000005a0       0x28 ./hal/uv_hal/src/uv_gpio.o
 .debug_aranges
                0x000005c8       0x50 ./hal/uv_hal/src/uv_lcd.o
 .debug_aranges
                0x00000618       0x70 ./hal/uv_hal/src/uv_memory.o
 .debug_aranges
                0x00000688       0x20 ./hal/uv_hal/src/uv_pwm.o
 .debug_aranges
                0x000006a8       0x28 ./hal/uv_hal/src/uv_reset.o
 .debug_aranges
                0x000006d0       0x30 ./hal/uv_hal/src/uv_rtc.o
 .debug_aranges
                0x00000700       0x50 ./hal/uv_hal/src/uv_rtos.o
 .debug_aranges
                0x00000750       0x30 ./hal/uv_hal/src/uv_stdout.o
 .debug_aranges
                0x00000780       0x70 ./hal/uv_hal/src/uv_terminal.o
 .debug_aranges
                0x000007f0       0x68 ./hal/uv_hal/src/uv_uart.o
 .debug_aranges
                0x00000858       0xb8 ./hal/uv_hal/src/uv_utilities.o
 .debug_aranges
                0x00000910       0x70 ./hal/uv_hal/freertos/portable/GCC/ARM_CM3/port.o
 .debug_aranges
                0x00000980       0x40 ./hal/uv_hal/freertos/heap_2.o
 .debug_aranges
                0x000009c0       0x40 ./hal/uv_hal/freertos/list.o
 .debug_aranges
                0x00000a00      0x110 ./hal/uv_hal/freertos/queue.o
 .debug_aranges
                0x00000b10      0x1d8 ./hal/uv_hal/freertos/tasks.o
 .debug_aranges
                0x00000ce8       0x98 ./hal/uv_hal/freertos/timers.o
 .debug_aranges
                0x00000d80       0x28 ./CMSIS_CORE_LPC177x_8x/src/system_LPC177x_8x.o

.debug_ranges   0x00000000      0xc38
 .debug_ranges  0x00000000       0x10 ./src/ui/home_screen.o
 .debug_ranges  0x00000010       0x10 ./src/ui/taskbar.o
 .debug_ranges  0x00000020       0x40 ./src/alert.o
 .debug_ranges  0x00000060       0x10 ./src/canopen.o
 .debug_ranges  0x00000070       0x80 ./src/commands.o
 .debug_ranges  0x000000f0       0x70 ./src/cr_startup_lpc177x_8x.o
 .debug_ranges  0x00000160       0x28 ./src/gui.o
 .debug_ranges  0x00000188       0x28 ./src/log.o
 .debug_ranges  0x000001b0       0x20 ./src/main.o
 .debug_ranges  0x000001d0       0x60 ./src/network.o
 .debug_ranges  0x00000230       0x18 ./hal/uv_hal/src/ui/uv_uidisplay.o
 .debug_ranges  0x00000248       0x60 ./hal/uv_hal/src/ui/uv_uilabel.o
 .debug_ranges  0x000002a8       0x28 ./hal/uv_hal/src/ui/uv_uiwindow.o
 .debug_ranges  0x000002d0       0x60 ./hal/uv_hal/src/printf.o
 .debug_ranges  0x00000330       0x20 ./hal/uv_hal/src/uv_adc.o
 .debug_ranges  0x00000350       0x50 ./hal/uv_hal/src/uv_can.o
 .debug_ranges  0x000003a0       0xf0 ./hal/uv_hal/src/uv_canopen.o
 .debug_ranges  0x00000490       0x68 ./hal/uv_hal/src/uv_eeprom.o
 .debug_ranges  0x000004f8       0x10 ./hal/uv_hal/src/uv_emc.o
 .debug_ranges  0x00000508       0x10 ./hal/uv_hal/src/uv_errors.o
 .debug_ranges  0x00000518       0x18 ./hal/uv_hal/src/uv_gpio.o
 .debug_ranges  0x00000530       0x40 ./hal/uv_hal/src/uv_lcd.o
 .debug_ranges  0x00000570       0x60 ./hal/uv_hal/src/uv_memory.o
 .debug_ranges  0x000005d0       0x10 ./hal/uv_hal/src/uv_pwm.o
 .debug_ranges  0x000005e0       0x18 ./hal/uv_hal/src/uv_reset.o
 .debug_ranges  0x000005f8       0x20 ./hal/uv_hal/src/uv_rtc.o
 .debug_ranges  0x00000618       0x40 ./hal/uv_hal/src/uv_rtos.o
 .debug_ranges  0x00000658       0x20 ./hal/uv_hal/src/uv_stdout.o
 .debug_ranges  0x00000678       0x60 ./hal/uv_hal/src/uv_terminal.o
 .debug_ranges  0x000006d8       0x58 ./hal/uv_hal/src/uv_uart.o
 .debug_ranges  0x00000730       0xa8 ./hal/uv_hal/src/uv_utilities.o
 .debug_ranges  0x000007d8       0x60 ./hal/uv_hal/freertos/portable/GCC/ARM_CM3/port.o
 .debug_ranges  0x00000838       0x30 ./hal/uv_hal/freertos/heap_2.o
 .debug_ranges  0x00000868       0x30 ./hal/uv_hal/freertos/list.o
 .debug_ranges  0x00000898      0x100 ./hal/uv_hal/freertos/queue.o
 .debug_ranges  0x00000998      0x200 ./hal/uv_hal/freertos/tasks.o
 .debug_ranges  0x00000b98       0x88 ./hal/uv_hal/freertos/timers.o
 .debug_ranges  0x00000c20       0x18 ./CMSIS_CORE_LPC177x_8x/src/system_LPC177x_8x.o

.debug_line     0x00000000     0x7c54
 .debug_line    0x00000000      0x295 ./src/ui/home_screen.o
 .debug_line    0x00000295      0x294 ./src/ui/taskbar.o
 .debug_line    0x00000529      0x33d ./src/alert.o
 .debug_line    0x00000866      0x187 ./src/canopen.o
 .debug_line    0x000009ed      0x551 ./src/commands.o
 .debug_line    0x00000f3e       0xa3 ./src/cr_startup_lpc177x_8x.o
 .debug_line    0x00000fe1      0x42a ./src/gui.o
 .debug_line    0x0000140b      0x202 ./src/log.o
 .debug_line    0x0000160d      0x4ce ./src/main.o
 .debug_line    0x00001adb      0x3ea ./src/network.o
 .debug_line    0x00001ec5      0x1c9 ./hal/uv_hal/src/ui/uv_ui_styles.o
 .debug_line    0x0000208e      0x22b ./hal/uv_hal/src/ui/uv_uidisplay.o
 .debug_line    0x000022b9      0x1b5 ./hal/uv_hal/src/ui/uv_uifonts.o
 .debug_line    0x0000246e      0x33e ./hal/uv_hal/src/ui/uv_uilabel.o
 .debug_line    0x000027ac      0x2e8 ./hal/uv_hal/src/ui/uv_uiwindow.o
 .debug_line    0x00002a94      0x22b ./hal/uv_hal/src/printf.o
 .debug_line    0x00002cbf      0x20b ./hal/uv_hal/src/uv_adc.o
 .debug_line    0x00002eca      0x26f ./hal/uv_hal/src/uv_can.o
 .debug_line    0x00003139      0x4d8 ./hal/uv_hal/src/uv_canopen.o
 .debug_line    0x00003611      0x3c7 ./hal/uv_hal/src/uv_eeprom.o
 .debug_line    0x000039d8      0x207 ./hal/uv_hal/src/uv_emc.o
 .debug_line    0x00003bdf       0xdf ./hal/uv_hal/src/uv_errors.o
 .debug_line    0x00003cbe      0x20c ./hal/uv_hal/src/uv_gpio.o
 .debug_line    0x00003eca      0x2c2 ./hal/uv_hal/src/uv_lcd.o
 .debug_line    0x0000418c      0x435 ./hal/uv_hal/src/uv_memory.o
 .debug_line    0x000045c1      0x1c0 ./hal/uv_hal/src/uv_pwm.o
 .debug_line    0x00004781      0x1cb ./hal/uv_hal/src/uv_reset.o
 .debug_line    0x0000494c      0x1bf ./hal/uv_hal/src/uv_rtc.o
 .debug_line    0x00004b0b      0x388 ./hal/uv_hal/src/uv_rtos.o
 .debug_line    0x00004e93      0x1d4 ./hal/uv_hal/src/uv_stdout.o
 .debug_line    0x00005067      0x3f5 ./hal/uv_hal/src/uv_terminal.o
 .debug_line    0x0000545c      0x363 ./hal/uv_hal/src/uv_uart.o
 .debug_line    0x000057bf      0x427 ./hal/uv_hal/src/uv_utilities.o
 .debug_line    0x00005be6      0x304 ./hal/uv_hal/freertos/portable/GCC/ARM_CM3/port.o
 .debug_line    0x00005eea      0x2de ./hal/uv_hal/freertos/heap_2.o
 .debug_line    0x000061c8      0x250 ./hal/uv_hal/freertos/list.o
 .debug_line    0x00006418      0x6f8 ./hal/uv_hal/freertos/queue.o
 .debug_line    0x00006b10      0xb8f ./hal/uv_hal/freertos/tasks.o
 .debug_line    0x0000769f      0x3f2 ./hal/uv_hal/freertos/timers.o
 .debug_line    0x00007a91      0x1c3 ./CMSIS_CORE_LPC177x_8x/src/system_LPC177x_8x.o

.debug_str      0x00000000     0x62ce
 .debug_str     0x00000000      0x483 ./src/ui/home_screen.o
                                0x522 (size before relaxing)
 .debug_str     0x00000483       0x72 ./src/ui/taskbar.o
                                0x54d (size before relaxing)
 .debug_str     0x000004f5      0x53c ./src/alert.o
                                0x719 (size before relaxing)
 .debug_str     0x00000a31       0xcf ./src/canopen.o
                                0x2ac (size before relaxing)
 .debug_str     0x00000b00      0x8a2 ./src/commands.o
                                0xe1c (size before relaxing)
 .debug_str     0x000013a2      0x18a ./src/cr_startup_lpc177x_8x.o
                                0x276 (size before relaxing)
 .debug_str     0x0000152c      0x103 ./src/gui.o
                                0xfbe (size before relaxing)
 .debug_str     0x0000162f       0x7b ./src/log.o
                                0x31a (size before relaxing)
 .debug_str     0x000016aa      0x6c4 ./src/main.o
                               0x1655 (size before relaxing)
 .debug_str     0x00001d6e       0xd7 ./src/network.o
                                0xaae (size before relaxing)
 .debug_str     0x00001e45       0x6b ./hal/uv_hal/src/ui/uv_ui_styles.o
                                0x2b4 (size before relaxing)
 .debug_str     0x00001eb0       0x4c ./hal/uv_hal/src/ui/uv_uidisplay.o
                                0x3c1 (size before relaxing)
 .debug_str     0x00001efc       0x4b ./hal/uv_hal/src/ui/uv_uifonts.o
                                0x246 (size before relaxing)
 .debug_str     0x00001f47       0xa9 ./hal/uv_hal/src/ui/uv_uilabel.o
                                0x47f (size before relaxing)
 .debug_str     0x00001ff0       0x2a ./hal/uv_hal/src/ui/uv_uiwindow.o
                                0x36e (size before relaxing)
 .debug_str     0x0000201a       0x9f ./hal/uv_hal/src/printf.o
                                0x22d (size before relaxing)
 .debug_str     0x000020b9      0x47e ./hal/uv_hal/src/uv_adc.o
                                0xe03 (size before relaxing)
 .debug_str     0x00002537      0x25f ./hal/uv_hal/src/uv_can.o
                                0xb22 (size before relaxing)
 .debug_str     0x00002796      0x71c ./hal/uv_hal/src/uv_canopen.o
                               0x151e (size before relaxing)
 .debug_str     0x00002eb2      0x124 ./hal/uv_hal/src/uv_eeprom.o
                                0x9e1 (size before relaxing)
 .debug_str     0x00002fd6      0x31b ./hal/uv_hal/src/uv_emc.o
                                0xe3f (size before relaxing)
 .debug_str     0x000032f1       0x2f ./hal/uv_hal/src/uv_errors.o
                                0x1ca (size before relaxing)
 .debug_str     0x00003320      0x856 ./hal/uv_hal/src/uv_gpio.o
                                0xa6d (size before relaxing)
 .debug_str     0x00003b76      0x178 ./hal/uv_hal/src/uv_lcd.o
                                0xdc7 (size before relaxing)
 .debug_str     0x00003cee      0x302 ./hal/uv_hal/src/uv_memory.o
                                0xc34 (size before relaxing)
 .debug_str     0x00003ff0       0x28 ./hal/uv_hal/src/uv_pwm.o
                                0xb2b (size before relaxing)
 .debug_str     0x00004018      0x11b ./hal/uv_hal/src/uv_reset.o
                                0x46f (size before relaxing)
 .debug_str     0x00004133      0x1c9 ./hal/uv_hal/src/uv_rtc.o
                                0x562 (size before relaxing)
 .debug_str     0x000042fc      0x146 ./hal/uv_hal/src/uv_rtos.o
                                0xa83 (size before relaxing)
 .debug_str     0x00004442       0x7e ./hal/uv_hal/src/uv_stdout.o
                                0x242 (size before relaxing)
 .debug_str     0x000044c0      0x18f ./hal/uv_hal/src/uv_terminal.o
                                0xb16 (size before relaxing)
 .debug_str     0x0000464f      0x107 ./hal/uv_hal/src/uv_uart.o
                               0x122f (size before relaxing)
 .debug_str     0x00004756      0x106 ./hal/uv_hal/src/uv_utilities.o
                                0xf6e (size before relaxing)
 .debug_str     0x0000485c      0x12f ./hal/uv_hal/freertos/portable/GCC/ARM_CM3/port.o
                                0x371 (size before relaxing)
 .debug_str     0x0000498b      0x17e ./hal/uv_hal/freertos/heap_2.o
                                0x357 (size before relaxing)
 .debug_str     0x00004b09      0x11a ./hal/uv_hal/freertos/list.o
                                0x2fe (size before relaxing)
 .debug_str     0x00004c23      0x730 ./hal/uv_hal/freertos/queue.o
                                0xaa3 (size before relaxing)
 .debug_str     0x00005353      0xb09 ./hal/uv_hal/freertos/tasks.o
                               0x1190 (size before relaxing)
 .debug_str     0x00005e5c      0x42f ./hal/uv_hal/freertos/timers.o
                                0x973 (size before relaxing)
 .debug_str     0x0000628b       0x43 ./CMSIS_CORE_LPC177x_8x/src/system_LPC177x_8x.o
                                0x39c (size before relaxing)

.comment        0x00000000       0x6e
 .comment       0x00000000       0x6e ./src/ui/home_screen.o
                                 0x6f (size before relaxing)
 .comment       0x0000006e       0x6f ./src/ui/taskbar.o
 .comment       0x0000006e       0x6f ./src/alert.o
 .comment       0x0000006e       0x6f ./src/canopen.o
 .comment       0x0000006e       0x6f ./src/commands.o
 .comment       0x0000006e       0x6f ./src/cr_startup_lpc177x_8x.o
 .comment       0x0000006e       0x6f ./src/gui.o
 .comment       0x0000006e       0x6f ./src/log.o
 .comment       0x0000006e       0x6f ./src/main.o
 .comment       0x0000006e       0x6f ./src/network.o
 .comment       0x0000006e       0x6f ./hal/uv_hal/src/ui/uv_ui_styles.o
 .comment       0x0000006e       0x6f ./hal/uv_hal/src/ui/uv_uidisplay.o
 .comment       0x0000006e       0x6f ./hal/uv_hal/src/ui/uv_uifonts.o
 .comment       0x0000006e       0x6f ./hal/uv_hal/src/ui/uv_uilabel.o
 .comment       0x0000006e       0x6f ./hal/uv_hal/src/ui/uv_uiwindow.o
 .comment       0x0000006e       0x6f ./hal/uv_hal/src/printf.o
 .comment       0x0000006e       0x6f ./hal/uv_hal/src/uv_adc.o
 .comment       0x0000006e       0x6f ./hal/uv_hal/src/uv_can.o
 .comment       0x0000006e       0x6f ./hal/uv_hal/src/uv_canopen.o
 .comment       0x0000006e       0x6f ./hal/uv_hal/src/uv_eeprom.o
 .comment       0x0000006e       0x6f ./hal/uv_hal/src/uv_emc.o
 .comment       0x0000006e       0x6f ./hal/uv_hal/src/uv_errors.o
 .comment       0x0000006e       0x6f ./hal/uv_hal/src/uv_gpio.o
 .comment       0x0000006e       0x6f ./hal/uv_hal/src/uv_lcd.o
 .comment       0x0000006e       0x6f ./hal/uv_hal/src/uv_memory.o
 .comment       0x0000006e       0x6f ./hal/uv_hal/src/uv_pwm.o
 .comment       0x0000006e       0x6f ./hal/uv_hal/src/uv_reset.o
 .comment       0x0000006e       0x6f ./hal/uv_hal/src/uv_rtc.o
 .comment       0x0000006e       0x6f ./hal/uv_hal/src/uv_rtos.o
 .comment       0x0000006e       0x6f ./hal/uv_hal/src/uv_stdout.o
 .comment       0x0000006e       0x6f ./hal/uv_hal/src/uv_terminal.o
 .comment       0x0000006e       0x6f ./hal/uv_hal/src/uv_uart.o
 .comment       0x0000006e       0x6f ./hal/uv_hal/src/uv_utilities.o
 .comment       0x0000006e       0x6f ./hal/uv_hal/freertos/portable/GCC/ARM_CM3/port.o
 .comment       0x0000006e       0x6f ./hal/uv_hal/freertos/heap_2.o
 .comment       0x0000006e       0x6f ./hal/uv_hal/freertos/list.o
 .comment       0x0000006e       0x6f ./hal/uv_hal/freertos/queue.o
 .comment       0x0000006e       0x6f ./hal/uv_hal/freertos/tasks.o
 .comment       0x0000006e       0x6f ./hal/uv_hal/freertos/timers.o
 .comment       0x0000006e       0x6f ./CMSIS_CORE_LPC177x_8x/src/system_LPC177x_8x.o

.ARM.attributes
                0x00000000       0x31
 .ARM.attributes
                0x00000000       0x33 ./src/ui/home_screen.o
 .ARM.attributes
                0x00000033       0x33 ./src/ui/taskbar.o
 .ARM.attributes
                0x00000066       0x33 ./src/alert.o
 .ARM.attributes
                0x00000099       0x33 ./src/canopen.o
 .ARM.attributes
                0x000000cc       0x33 ./src/commands.o
 .ARM.attributes
                0x000000ff       0x33 ./src/cr_startup_lpc177x_8x.o
 .ARM.attributes
                0x00000132       0x33 ./src/gui.o
 .ARM.attributes
                0x00000165       0x33 ./src/log.o
 .ARM.attributes
                0x00000198       0x33 ./src/main.o
 .ARM.attributes
                0x000001cb       0x33 ./src/network.o
 .ARM.attributes
                0x000001fe       0x33 ./hal/uv_hal/src/ui/uv_ui_styles.o
 .ARM.attributes
                0x00000231       0x33 ./hal/uv_hal/src/ui/uv_uidisplay.o
 .ARM.attributes
                0x00000264       0x33 ./hal/uv_hal/src/ui/uv_uifonts.o
 .ARM.attributes
                0x00000297       0x33 ./hal/uv_hal/src/ui/uv_uilabel.o
 .ARM.attributes
                0x000002ca       0x33 ./hal/uv_hal/src/ui/uv_uiwindow.o
 .ARM.attributes
                0x000002fd       0x33 ./hal/uv_hal/src/printf.o
 .ARM.attributes
                0x00000330       0x33 ./hal/uv_hal/src/uv_adc.o
 .ARM.attributes
                0x00000363       0x33 ./hal/uv_hal/src/uv_can.o
 .ARM.attributes
                0x00000396       0x33 ./hal/uv_hal/src/uv_canopen.o
 .ARM.attributes
                0x000003c9       0x33 ./hal/uv_hal/src/uv_eeprom.o
 .ARM.attributes
                0x000003fc       0x33 ./hal/uv_hal/src/uv_emc.o
 .ARM.attributes
                0x0000042f       0x33 ./hal/uv_hal/src/uv_errors.o
 .ARM.attributes
                0x00000462       0x33 ./hal/uv_hal/src/uv_gpio.o
 .ARM.attributes
                0x00000495       0x33 ./hal/uv_hal/src/uv_lcd.o
 .ARM.attributes
                0x000004c8       0x33 ./hal/uv_hal/src/uv_memory.o
 .ARM.attributes
                0x000004fb       0x33 ./hal/uv_hal/src/uv_pwm.o
 .ARM.attributes
                0x0000052e       0x33 ./hal/uv_hal/src/uv_reset.o
 .ARM.attributes
                0x00000561       0x33 ./hal/uv_hal/src/uv_rtc.o
 .ARM.attributes
                0x00000594       0x33 ./hal/uv_hal/src/uv_rtos.o
 .ARM.attributes
                0x000005c7       0x33 ./hal/uv_hal/src/uv_stdout.o
 .ARM.attributes
                0x000005fa       0x33 ./hal/uv_hal/src/uv_terminal.o
 .ARM.attributes
                0x0000062d       0x33 ./hal/uv_hal/src/uv_uart.o
 .ARM.attributes
                0x00000660       0x33 ./hal/uv_hal/src/uv_utilities.o
 .ARM.attributes
                0x00000693       0x33 ./hal/uv_hal/freertos/portable/GCC/ARM_CM3/port.o
 .ARM.attributes
                0x000006c6       0x33 ./hal/uv_hal/freertos/heap_2.o
 .ARM.attributes
                0x000006f9       0x33 ./hal/uv_hal/freertos/list.o
 .ARM.attributes
                0x0000072c       0x33 ./hal/uv_hal/freertos/queue.o
 .ARM.attributes
                0x0000075f       0x33 ./hal/uv_hal/freertos/tasks.o
 .ARM.attributes
                0x00000792       0x33 ./hal/uv_hal/freertos/timers.o
 .ARM.attributes
                0x000007c5       0x33 ./CMSIS_CORE_LPC177x_8x/src/system_LPC177x_8x.o
 .ARM.attributes
                0x000007f8       0x1d /usr/local/lpcxpresso_7.7.2_379/lpcxpresso/tools/bin/../lib/gcc/arm-none-eabi/5.4.1/armv7-m/libgcc.a(_arm_addsubsf3.o)
 .ARM.attributes
                0x00000815       0x1d /usr/local/lpcxpresso_7.7.2_379/lpcxpresso/tools/bin/../lib/gcc/arm-none-eabi/5.4.1/armv7-m/libgcc.a(_arm_muldivsf3.o)
 .ARM.attributes
                0x00000832       0x1d /usr/local/lpcxpresso_7.7.2_379/lpcxpresso/tools/bin/../lib/gcc/arm-none-eabi/5.4.1/armv7-m/libgcc.a(_arm_cmpsf2.o)
 .ARM.attributes
                0x0000084f       0x1d /usr/local/lpcxpresso_7.7.2_379/lpcxpresso/tools/bin/../lib/gcc/arm-none-eabi/5.4.1/armv7-m/libgcc.a(_arm_fixunssfsi.o)
 .ARM.attributes
                0x0000086c       0x2d /usr/local/lpcxpresso_7.7.2_379/lpcxpresso/tools/bin/../lib/gcc/arm-none-eabi/5.4.1/../../../../arm-none-eabi/lib/armv7-m/libc.a(lib_a-ctype_.o)
 .ARM.attributes
                0x00000899       0x1b /usr/local/lpcxpresso_7.7.2_379/lpcxpresso/tools/bin/../lib/gcc/arm-none-eabi/5.4.1/../../../../arm-none-eabi/lib/armv7-m/libc.a(lib_a-memcpy.o)
 .ARM.attributes
                0x000008b4       0x2d /usr/local/lpcxpresso_7.7.2_379/lpcxpresso/tools/bin/../lib/gcc/arm-none-eabi/5.4.1/../../../../arm-none-eabi/lib/armv7-m/libc.a(lib_a-memset.o)
 .ARM.attributes
                0x000008e1       0x1b /usr/local/lpcxpresso_7.7.2_379/lpcxpresso/tools/bin/../lib/gcc/arm-none-eabi/5.4.1/../../../../arm-none-eabi/lib/armv7-m/libc.a(lib_a-strcmp.o)
 .ARM.attributes
                0x000008fc       0x2d /usr/local/lpcxpresso_7.7.2_379/lpcxpresso/tools/bin/../lib/gcc/arm-none-eabi/5.4.1/../../../../arm-none-eabi/lib/armv7-m/libc.a(lib_a-strlen-stub.o)
 .ARM.attributes
                0x00000929       0x2d /usr/local/lpcxpresso_7.7.2_379/lpcxpresso/tools/bin/../lib/gcc/arm-none-eabi/5.4.1/../../../../arm-none-eabi/lib/armv7-m/libc.a(lib_a-strtol.o)
 .ARM.attributes
                0x00000956       0x2d /usr/local/lpcxpresso_7.7.2_379/lpcxpresso/tools/bin/../lib/gcc/arm-none-eabi/5.4.1/../../../../arm-none-eabi/lib/armv7-m/libc.a(lib_a-impure.o)

.debug_frame    0x00000000     0x2384
 .debug_frame   0x00000000       0x30 ./src/ui/home_screen.o
 .debug_frame   0x00000030       0x30 ./src/ui/taskbar.o
 .debug_frame   0x00000060       0x9c ./src/alert.o
 .debug_frame   0x000000fc       0x20 ./src/canopen.o
 .debug_frame   0x0000011c      0x1dc ./src/commands.o
 .debug_frame   0x000002f8       0xf4 ./src/cr_startup_lpc177x_8x.o
 .debug_frame   0x000003ec       0x80 ./src/gui.o
 .debug_frame   0x0000046c       0x78 ./src/log.o
 .debug_frame   0x000004e4       0x6c ./src/main.o
 .debug_frame   0x00000550      0x110 ./src/network.o
 .debug_frame   0x00000660       0x4c ./hal/uv_hal/src/ui/uv_uidisplay.o
 .debug_frame   0x000006ac       0xcc ./hal/uv_hal/src/ui/uv_uilabel.o
 .debug_frame   0x00000778       0xb4 ./hal/uv_hal/src/ui/uv_uiwindow.o
 .debug_frame   0x0000082c      0x120 ./hal/uv_hal/src/printf.o
 .debug_frame   0x0000094c       0x60 ./hal/uv_hal/src/uv_adc.o
 .debug_frame   0x000009ac       0xdc ./hal/uv_hal/src/uv_can.o
 .debug_frame   0x00000a88      0x1d4 ./hal/uv_hal/src/uv_canopen.o
 .debug_frame   0x00000c5c      0x12c ./hal/uv_hal/src/uv_eeprom.o
 .debug_frame   0x00000d88       0x34 ./hal/uv_hal/src/uv_emc.o
 .debug_frame   0x00000dbc       0x2c ./hal/uv_hal/src/uv_errors.o
 .debug_frame   0x00000de8       0x3c ./hal/uv_hal/src/uv_gpio.o
 .debug_frame   0x00000e24       0xe0 ./hal/uv_hal/src/uv_lcd.o
 .debug_frame   0x00000f04      0x138 ./hal/uv_hal/src/uv_memory.o
 .debug_frame   0x0000103c       0x2c ./hal/uv_hal/src/uv_pwm.o
 .debug_frame   0x00001068       0x30 ./hal/uv_hal/src/uv_reset.o
 .debug_frame   0x00001098       0x40 ./hal/uv_hal/src/uv_rtc.o
 .debug_frame   0x000010d8       0xcc ./hal/uv_hal/src/uv_rtos.o
 .debug_frame   0x000011a4       0x58 ./hal/uv_hal/src/uv_stdout.o
 .debug_frame   0x000011fc      0x124 ./hal/uv_hal/src/uv_terminal.o
 .debug_frame   0x00001320      0x124 ./hal/uv_hal/src/uv_uart.o
 .debug_frame   0x00001444      0x1f0 ./hal/uv_hal/src/uv_utilities.o
 .debug_frame   0x00001634       0xd0 ./hal/uv_hal/freertos/portable/GCC/ARM_CM3/port.o
 .debug_frame   0x00001704       0x80 ./hal/uv_hal/freertos/heap_2.o
 .debug_frame   0x00001784       0x6c ./hal/uv_hal/freertos/list.o
 .debug_frame   0x000017f0      0x30c ./hal/uv_hal/freertos/queue.o
 .debug_frame   0x00001afc      0x5ac ./hal/uv_hal/freertos/tasks.o
 .debug_frame   0x000020a8      0x1d0 ./hal/uv_hal/freertos/timers.o
 .debug_frame   0x00002278       0x30 ./CMSIS_CORE_LPC177x_8x/src/system_LPC177x_8x.o
 .debug_frame   0x000022a8       0x34 /usr/local/lpcxpresso_7.7.2_379/lpcxpresso/tools/bin/../lib/gcc/arm-none-eabi/5.4.1/../../../../arm-none-eabi/lib/armv7-m/libc.a(lib_a-memset.o)
 .debug_frame   0x000022dc       0x34 /usr/local/lpcxpresso_7.7.2_379/lpcxpresso/tools/bin/../lib/gcc/arm-none-eabi/5.4.1/../../../../arm-none-eabi/lib/armv7-m/libc.a(lib_a-strcmp.o)
 .debug_frame   0x00002310       0x20 /usr/local/lpcxpresso_7.7.2_379/lpcxpresso/tools/bin/../lib/gcc/arm-none-eabi/5.4.1/../../../../arm-none-eabi/lib/armv7-m/libc.a(lib_a-strlen-stub.o)
 .debug_frame   0x00002330       0x54 /usr/local/lpcxpresso_7.7.2_379/lpcxpresso/tools/bin/../lib/gcc/arm-none-eabi/5.4.1/../../../../arm-none-eabi/lib/armv7-m/libc.a(lib_a-strtol.o)
