Archive member included to satisfy reference by file (symbol)

/usr/local/lpcxpresso_7.7.2_379/lpcxpresso/tools/bin/../lib/gcc/arm-none-eabi/5.4.1/armv7-m/libgcc.a(_arm_addsubsf3.o)
                              ./src/commands.o (__aeabi_fsub)
/usr/local/lpcxpresso_7.7.2_379/lpcxpresso/tools/bin/../lib/gcc/arm-none-eabi/5.4.1/armv7-m/libgcc.a(_arm_muldivsf3.o)
                              ./src/gui.o (__aeabi_fmul)
/usr/local/lpcxpresso_7.7.2_379/lpcxpresso/tools/bin/../lib/gcc/arm-none-eabi/5.4.1/armv7-m/libgcc.a(_arm_cmpsf2.o)
                              ./src/gui.o (__aeabi_fcmpge)
/usr/local/lpcxpresso_7.7.2_379/lpcxpresso/tools/bin/../lib/gcc/arm-none-eabi/5.4.1/armv7-m/libgcc.a(_arm_fixunssfsi.o)
                              ./src/commands.o (__aeabi_f2uiz)
/usr/local/lpcxpresso_7.7.2_379/lpcxpresso/tools/bin/../lib/gcc/arm-none-eabi/5.4.1/armv7-m/libgcc.a(_fixunssfdi.o)
                              ./hal/uv_hal/src/uv_timer.o (__aeabi_f2ulz)
/usr/local/lpcxpresso_7.7.2_379/lpcxpresso/tools/bin/../lib/gcc/arm-none-eabi/5.4.1/armv7-m/libgcc.a(_arm_addsubdf3.o)
                              /usr/local/lpcxpresso_7.7.2_379/lpcxpresso/tools/bin/../lib/gcc/arm-none-eabi/5.4.1/armv7-m/libgcc.a(_fixunssfdi.o) (__aeabi_dsub)
/usr/local/lpcxpresso_7.7.2_379/lpcxpresso/tools/bin/../lib/gcc/arm-none-eabi/5.4.1/armv7-m/libgcc.a(_arm_muldivdf3.o)
                              /usr/local/lpcxpresso_7.7.2_379/lpcxpresso/tools/bin/../lib/gcc/arm-none-eabi/5.4.1/armv7-m/libgcc.a(_fixunssfdi.o) (__aeabi_dmul)
/usr/local/lpcxpresso_7.7.2_379/lpcxpresso/tools/bin/../lib/gcc/arm-none-eabi/5.4.1/armv7-m/libgcc.a(_arm_fixunsdfsi.o)
                              /usr/local/lpcxpresso_7.7.2_379/lpcxpresso/tools/bin/../lib/gcc/arm-none-eabi/5.4.1/armv7-m/libgcc.a(_fixunssfdi.o) (__aeabi_d2uiz)
/usr/local/lpcxpresso_7.7.2_379/lpcxpresso/tools/bin/../lib/gcc/arm-none-eabi/5.4.1/../../../../arm-none-eabi/lib/armv7-m/libc_nano.a(lib_a-atoi.o)
                              ./hal/uv_hal/src/uv_json.o (atoi)
/usr/local/lpcxpresso_7.7.2_379/lpcxpresso/tools/bin/../lib/gcc/arm-none-eabi/5.4.1/../../../../arm-none-eabi/lib/armv7-m/libc_nano.a(lib_a-ctype_.o)
                              ./hal/uv_hal/src/uv_json.o (__ctype_ptr__)
/usr/local/lpcxpresso_7.7.2_379/lpcxpresso/tools/bin/../lib/gcc/arm-none-eabi/5.4.1/../../../../arm-none-eabi/lib/armv7-m/libc_nano.a(lib_a-itoa.o)
                              ./hal/uv_hal/src/uv_json.o (itoa)
/usr/local/lpcxpresso_7.7.2_379/lpcxpresso/tools/bin/../lib/gcc/arm-none-eabi/5.4.1/../../../../arm-none-eabi/lib/armv7-m/libc_nano.a(lib_a-memcpy-stub.o)
                              ./hal/uv_hal/src/uv_canopen.o (memcpy)
/usr/local/lpcxpresso_7.7.2_379/lpcxpresso/tools/bin/../lib/gcc/arm-none-eabi/5.4.1/../../../../arm-none-eabi/lib/armv7-m/libc_nano.a(lib_a-memset.o)
                              ./src/commands.o (memset)
/usr/local/lpcxpresso_7.7.2_379/lpcxpresso/tools/bin/../lib/gcc/arm-none-eabi/5.4.1/../../../../arm-none-eabi/lib/armv7-m/libc_nano.a(lib_a-strcat.o)
                              ./hal/uv_hal/src/uv_json.o (strcat)
/usr/local/lpcxpresso_7.7.2_379/lpcxpresso/tools/bin/../lib/gcc/arm-none-eabi/5.4.1/../../../../arm-none-eabi/lib/armv7-m/libc_nano.a(lib_a-strcmp.o)
                              ./src/commands.o (strcmp)
/usr/local/lpcxpresso_7.7.2_379/lpcxpresso/tools/bin/../lib/gcc/arm-none-eabi/5.4.1/../../../../arm-none-eabi/lib/armv7-m/libc_nano.a(lib_a-strlen.o)
                              ./hal/uv_hal/src/ui/uv_label.o (strlen)
/usr/local/lpcxpresso_7.7.2_379/lpcxpresso/tools/bin/../lib/gcc/arm-none-eabi/5.4.1/../../../../arm-none-eabi/lib/armv7-m/libc_nano.a(lib_a-strncmp.o)
                              ./hal/uv_hal/src/uv_json.o (strncmp)
/usr/local/lpcxpresso_7.7.2_379/lpcxpresso/tools/bin/../lib/gcc/arm-none-eabi/5.4.1/../../../../arm-none-eabi/lib/armv7-m/libc_nano.a(lib_a-strtol.o)
                              /usr/local/lpcxpresso_7.7.2_379/lpcxpresso/tools/bin/../lib/gcc/arm-none-eabi/5.4.1/../../../../arm-none-eabi/lib/armv7-m/libc_nano.a(lib_a-atoi.o) (_strtol_r)
/usr/local/lpcxpresso_7.7.2_379/lpcxpresso/tools/bin/../lib/gcc/arm-none-eabi/5.4.1/../../../../arm-none-eabi/lib/armv7-m/libc_nano.a(lib_a-utoa.o)
                              /usr/local/lpcxpresso_7.7.2_379/lpcxpresso/tools/bin/../lib/gcc/arm-none-eabi/5.4.1/../../../../arm-none-eabi/lib/armv7-m/libc_nano.a(lib_a-itoa.o) (__utoa)
/usr/local/lpcxpresso_7.7.2_379/lpcxpresso/tools/bin/../lib/gcc/arm-none-eabi/5.4.1/../../../../arm-none-eabi/lib/armv7-m/libc_nano.a(lib_a-impure.o)
                              /usr/local/lpcxpresso_7.7.2_379/lpcxpresso/tools/bin/../lib/gcc/arm-none-eabi/5.4.1/../../../../arm-none-eabi/lib/armv7-m/libc_nano.a(lib_a-strtol.o) (_impure_ptr)

Allocating common symbols
Common symbol       size              file

dspl                0x374             ./src/main.o
xQueueRegistry      0x50              ./hal/uv_hal/freertos/queue.o
[...]
Memory Configuration

Name             Origin             Length             Attributes
MFlash256        0x00002000         0x0003e000         xr
RamLoc64         0x10000080         0x0000fee0         xrw
RamPeriph16      0x20000000         0x00004000         xrw
*default*        0x00000000         0xffffffff

Linker script and memory map

LOAD ./src/ui/home_screen.o
LOAD ./src/ui/taskbar.o
LOAD ./src/canopen.o
LOAD ./src/commands.o
LOAD ./src/cr_startup_lpc177x_8x.o
LOAD ./src/crp.o
LOAD ./src/gui.o
LOAD ./src/log.o
LOAD ./src/main.o
LOAD ./src/network.o
LOAD ./hal/uv_hal/src/ui/ugui.o
LOAD ./hal/uv_hal/src/ui/uv_button.o
LOAD ./hal/uv_hal/src/ui/uv_display.o
LOAD ./hal/uv_hal/src/ui/uv_fonts.o
LOAD ./hal/uv_hal/src/ui/uv_label.o
LOAD ./hal/uv_hal/src/ui/uv_slider.o
LOAD ./hal/uv_hal/src/ui/uv_ui_styles.o
LOAD ./hal/uv_hal/src/ui/uv_window.o
LOAD ./hal/uv_hal/src/printf.o
LOAD ./hal/uv_hal/src/uv_adc.o
LOAD ./hal/uv_hal/src/uv_button.o
LOAD ./hal/uv_hal/src/uv_can.o
LOAD ./hal/uv_hal/src/uv_canopen.o
LOAD ./hal/uv_hal/src/uv_eeprom.o
LOAD ./hal/uv_hal/src/uv_emc.o
LOAD ./hal/uv_hal/src/uv_errors.o
LOAD ./hal/uv_hal/src/uv_filters.o
LOAD ./hal/uv_hal/src/uv_gpio.o
LOAD ./hal/uv_hal/src/uv_i2c.o
LOAD ./hal/uv_hal/src/uv_json.o
LOAD ./hal/uv_hal/src/uv_lcd.o
LOAD ./hal/uv_hal/src/uv_memory.o
LOAD ./hal/uv_hal/src/uv_pwm.o
LOAD ./hal/uv_hal/src/uv_reset.o
LOAD ./hal/uv_hal/src/uv_rtos.o
LOAD ./hal/uv_hal/src/uv_spi.o
LOAD ./hal/uv_hal/src/uv_stdout.o
LOAD ./hal/uv_hal/src/uv_terminal.o
LOAD ./hal/uv_hal/src/uv_timer.o
LOAD ./hal/uv_hal/src/uv_uart.o
LOAD ./hal/uv_hal/src/uv_utilities.o
LOAD ./hal/uv_hal/src/uv_wdt.o
LOAD ./hal/uv_hal/freertos/portable/GCC/ARM_CM4F/port.o
LOAD ./hal/uv_hal/freertos/portable/GCC/ARM_CM3/port.o
LOAD ./hal/uv_hal/freertos/portable/GCC/ARM_CM0/port.o
LOAD ./hal/uv_hal/freertos/croutine.o
LOAD ./hal/uv_hal/freertos/event_groups.o
LOAD ./hal/uv_hal/freertos/heap_2.o
LOAD ./hal/uv_hal/freertos/list.o
LOAD ./hal/uv_hal/freertos/queue.o
LOAD ./hal/uv_hal/freertos/tasks.o
LOAD ./hal/uv_hal/freertos/timers.o
LOAD ./CMSIS_CORE_LPC177x_8x/src/system_LPC177x_8x.o
START GROUP
LOAD /usr/local/lpcxpresso_7.7.2_379/lpcxpresso/tools/bin/../lib/gcc/arm-none-eabi/5.4.1/armv7-m/libgcc.a
LOAD /usr/local/lpcxpresso_7.7.2_379/lpcxpresso/tools/bin/../lib/gcc/arm-none-eabi/5.4.1/../../../../arm-none-eabi/lib/armv7-m/libc_nano.a
LOAD /usr/local/lpcxpresso_7.7.2_379/lpcxpresso/tools/bin/../lib/gcc/arm-none-eabi/5.4.1/../../../../arm-none-eabi/lib/armv7-m/libm.a
END GROUP
                0x00040000                __top_MFlash256 = 0x40000
                0x1000ff60                __top_RamLoc64 = 0x1000ff60
                0x20004000                __top_RamPeriph16 = 0x20004000

.text           0x00002000     0xa2b8
 FILL mask 0xff
                0x00002000                __vectors_start__ = ABSOLUTE (.)
 *(.isr_vector)
 .isr_vector    0x00002000       0xe4 ./src/cr_startup_lpc177x_8x.o
                0x00002000                g_pfnVectors
                0x000020e4                . = ALIGN (0x4)
                0x000020e4                __section_table_start = .
                0x000020e4                __data_section_table = .
                0x000020e4        0x4 LONG 0xc2b8 LOADADDR (.data)
                0x000020e8        0x4 LONG 0x10000080 ADDR (.data)
                0x000020ec        0x4 LONG 0x84 SIZEOF (.data)
                0x000020f0        0x4 LONG 0xc2b8 LOADADDR (.data_RAM2)
                0x000020f4        0x4 LONG 0x20000000 ADDR (.data_RAM2)
                0x000020f8        0x4 LONG 0x0 SIZEOF (.data_RAM2)
                0x000020fc                __data_section_table_end = .
                0x000020fc                __bss_section_table = .
                0x000020fc        0x4 LONG 0x10000108 ADDR (.bss)
                0x00002100        0x4 LONG 0x2ec0 SIZEOF (.bss)
                0x00002104        0x4 LONG 0x20000000 ADDR (.bss_RAM2)
                0x00002108        0x4 LONG 0x0 SIZEOF (.bss_RAM2)
                0x0000210c                __bss_section_table_end = .
                0x0000210c                __section_table_end = .
 *(.after_vectors*)
 .after_vectors
                0x0000210c       0x9c ./src/cr_startup_lpc177x_8x.o
                0x00002124                DebugMon_Handler
                0x00002130                TIMER2_IRQHandler
                0x00002130                RIT_IRQHandler
                0x00002130                I2C0_IRQHandler
                0x00002130                USBActivity_IRQHandler
                0x00002130                PWM1_IRQHandler
                0x00002130                I2C1_IRQHandler
                0x00002130                EINT2_IRQHandler
                0x00002130                UART1_IRQHandler
                0x00002130                EINT3_IRQHandler
                0x00002130                CANActivity_IRQHandler
                0x00002130                TIMER3_IRQHandler
                0x00002130                PLL0_IRQHandler
                0x00002130                CAN_IRQHandler
                0x00002130                PLL1_IRQHandler
                0x00002130                SSP0_IRQHandler
                0x00002130                I2S_IRQHandler
                0x00002130                I2C2_IRQHandler
                0x00002130                RTC_IRQHandler
                0x00002130                TIMER0_IRQHandler
                0x00002130                SPI_IRQHandler
                0x00002130                LCD_IRQHandler
                0x00002130                EINT1_IRQHandler
                0x00002130                TIMER1_IRQHandler
                0x00002130                UART2_IRQHandler
                0x00002130                UART4_IRQHandler
                0x00002130                ADC_IRQHandler
                0x00002130                MCI_IRQHandler
                0x00002130                SSP1_IRQHandler
                0x00002130                USB_IRQHandler
                0x00002130                BOD_IRQHandler
                0x00002130                WDT_IRQHandler
                0x00002130                QEI_IRQHandler
                0x00002130                EINT0_IRQHandler
                0x00002130                PWM0_IRQHandler
                0x00002130                SSP2_IRQHandler
                0x00002130                EEPROM_IRQHandler
                0x00002130                DMA_IRQHandler
                0x00002130                UART3_IRQHandler
                0x00002130                MCPWM_IRQHandler
                0x00002130                ENET_IRQHandler
                0x00002134                data_init
                0x0000214c                bss_init
                0x00002160                ResetISR
 *(.text*)
 .text.home_init
                0x000021a8       0xb0 ./src/ui/home_screen.o
                0x000021a8                home_init
 .text.home_step
                0x00002258        0xc ./src/ui/home_screen.o
                0x00002258                home_step
 .text.taskbar_init
                0x00002264       0xac ./src/ui/taskbar.o
                0x00002264                taskbar_init
 .text.taskbar_step
                0x00002310        0xc ./src/ui/taskbar.o
                0x00002310                taskbar_step
 .text.object_dictionary_size
                0x0000231c        0x4 ./src/canopen.o
                0x0000231c                object_dictionary_size
 .text.emcread_callb
                0x00002320       0x68 ./src/commands.o
                0x00002320                emcread_callb
 .text.refresh_callb
                0x00002388       0x20 ./src/commands.o
                0x00002388                refresh_callb
 .text.emcwrite_callb
                0x000023a8       0x44 ./src/commands.o
                0x000023a8                emcwrite_callb
 .text.eepromwrite_callb
                0x000023ec       0x58 ./src/commands.o
                0x000023ec                eepromwrite_callb
 .text.eepromread_callb
                0x00002444       0x5c ./src/commands.o
                0x00002444                eepromread_callb
 .text.lcddrawrect_callb
                0x000024a0       0xc8 ./src/commands.o
                0x000024a0                lcddrawrect_callb
 .text.lcddrawframe_callb
                0x00002568       0xf4 ./src/commands.o
                0x00002568                lcddrawframe_callb
 .text.lcdbacklight_callb
                0x0000265c       0x38 ./src/commands.o
                0x0000265c                lcdbacklight_callb
 .text.commands_count
                0x00002694        0x4 ./src/commands.o
                0x00002694                commands_count
 .text.gui_init
                0x00002698       0x90 ./src/gui.o
                0x00002698                gui_init
 .text.gui_reset
                0x00002728       0x14 ./src/gui.o
                0x00002728                gui_reset
 .text.gui_step
                0x0000273c       0xd8 ./src/gui.o
                0x0000273c                gui_step
 .text.gui_set_backlight
                0x00002814       0x30 ./src/gui.o
                0x00002814                gui_set_backlight
 .text.dspl_step
                0x00002844       0x48 ./src/main.o
                0x00002844                dspl_step
 .text.dspl_init
                0x0000288c       0x38 ./src/main.o
                0x0000288c                dspl_init
 .text.main     0x000028c4       0xec ./src/main.o
                0x000028c4                main
 .text.network_node_conf
                0x000029b0       0x10 ./src/network.o
 .text.network_msb_conf
                0x000029c0       0x10 ./src/network.o
                0x000029c0                network_msb_conf
 .text.network_csb_conf
                0x000029d0       0x10 ./src/network.o
                0x000029d0                network_csb_conf
 .text.network_lkeyp_conf
                0x000029e0       0x10 ./src/network.o
                0x000029e0                network_lkeyp_conf
 .text.network_rkeyp_conf
                0x000029f0       0x10 ./src/network.o
                0x000029f0                network_rkeyp_conf
 .text.network_ecu_conf
                0x00002a00       0x10 ./src/network.o
                0x00002a00                network_ecu_conf
 .text.network_pedal_conf
                0x00002a10       0x10 ./src/network.o
                0x00002a10                network_pedal_conf
 .text.network_uw181s_conf
                0x00002a20       0x10 ./src/network.o
                0x00002a20                network_uw181s_conf
 .text.network_uw181smb_conf
                0x00002a30       0x10 ./src/network.o
                0x00002a30                network_uw181smb_conf
 .text.network_gsm_conf
                0x00002a40       0x10 ./src/network.o
                0x00002a40                network_gsm_conf
 .text.uv_display_init
                0x00002a50       0x30 ./hal/uv_hal/src/ui/uv_display.o
                0x00002a50                uv_display_init
 .text.uv_display_step
                0x00002a80        0xc ./hal/uv_hal/src/ui/uv_display.o
                0x00002a80                uv_display_step
 .text.uv_ui_get_xglobal
                0x00002a8c       0x88 ./hal/uv_hal/src/ui/uv_label.o
 .text.uv_ui_get_yglobal
                0x00002b14       0x88 ./hal/uv_hal/src/ui/uv_label.o
 .text.uv_label_step
                0x00002b9c      0x2b0 ./hal/uv_hal/src/ui/uv_label.o
                0x00002b9c                uv_label_step
 .text.uv_ui_get_yglobal
                0x00002e4c       0x88 ./hal/uv_hal/src/ui/uv_window.o
 .text.uv_ui_get_xglobal
                0x00002ed4       0x88 ./hal/uv_hal/src/ui/uv_window.o
 .text.redraw   0x00002f5c      0x150 ./hal/uv_hal/src/ui/uv_window.o
 .text.uv_window_step
                0x000030ac       0x5c ./hal/uv_hal/src/ui/uv_window.o
                0x000030ac                uv_window_step
 .text.printchar
                0x00003108       0x18 ./hal/uv_hal/src/printf.o
 .text.prints   0x00003120       0x84 ./hal/uv_hal/src/printf.o
 .text.printi   0x000031a4       0xa8 ./hal/uv_hal/src/printf.o
 .text.print    0x0000324c      0x130 ./hal/uv_hal/src/printf.o
                0x0000324c                print
 .text.printf   0x0000337c       0x24 ./hal/uv_hal/src/printf.o
                0x0000337c                printf
 .text.check_channel
                0x000033a0       0x28 ./hal/uv_hal/src/uv_can.o
 .text.uv_can_init
                0x000033c8       0x48 ./hal/uv_hal/src/uv_can.o
                0x000033c8                uv_can_init
 .text.uv_can_step
                0x00003410       0x24 ./hal/uv_hal/src/uv_can.o
                0x00003410                uv_can_step
 .text.uv_can_config_rx_message
                0x00003434       0x24 ./hal/uv_hal/src/uv_can.o
                0x00003434                uv_can_config_rx_message
 .text.uv_can_send_message
                0x00003458       0x24 ./hal/uv_hal/src/uv_can.o
                0x00003458                uv_can_send_message
 .text.uv_can_fetch_message
                0x0000347c       0x10 ./hal/uv_hal/src/uv_can.o
                0x0000347c                uv_can_fetch_message
 .text.uv_can_get_error_state
                0x0000348c        0xc ./hal/uv_hal/src/uv_can.o
                0x0000348c                uv_can_get_error_state
 .text.find_object
                0x00003498       0x38 ./hal/uv_hal/src/uv_canopen.o
 .text.sdo_send_response
                0x000034d0       0x78 ./hal/uv_hal/src/uv_canopen.o
 .text.sdo_send_error
                0x00003548       0x54 ./hal/uv_hal/src/uv_canopen.o
 .text.array_write
                0x0000359c       0x28 ./hal/uv_hal/src/uv_canopen.o
 .text.array_read
                0x000035c4       0x2c ./hal/uv_hal/src/uv_canopen.o
 .text.canopen_parse_sdo
                0x000035f0      0x228 ./hal/uv_hal/src/uv_canopen.o
 .text.get_object_value
                0x00003818       0x1c ./hal/uv_hal/src/uv_canopen.o
 .text.uv_canopen_init
                0x00003834       0xec ./hal/uv_hal/src/uv_canopen.o
                0x00003834                uv_canopen_init
 .text.uv_canopen_set_state
                0x00003920       0x10 ./hal/uv_hal/src/uv_canopen.o
                0x00003920                uv_canopen_set_state
 .text.uv_canopen_step
                0x00003930      0x344 ./hal/uv_hal/src/uv_canopen.o
                0x00003930                uv_canopen_step
 .text.uv_eeprom_init
                0x00003c74       0x6c ./hal/uv_hal/src/uv_eeprom.o
                0x00003c74                uv_eeprom_init
 .text.uv_eeprom_read
                0x00003ce0       0x6c ./hal/uv_hal/src/uv_eeprom.o
                0x00003ce0                uv_eeprom_read
 .text.uv_eeprom_write
                0x00003d4c      0x104 ./hal/uv_hal/src/uv_eeprom.o
                0x00003d4c                uv_eeprom_write
 .text.uv_emc_init
                0x00003e50      0x24c ./hal/uv_hal/src/uv_emc.o
                0x00003e50                uv_emc_init
 .text.__uv_log_error
                0x0000409c       0x28 ./hal/uv_hal/src/uv_errors.o
                0x0000409c                __uv_log_error
 .text.get_port
                0x000040c4       0x60 ./hal/uv_hal/src/uv_gpio.o
 .text.uv_gpio_set
                0x00004124       0x50 ./hal/uv_hal/src/uv_gpio.o
                0x00004124                uv_gpio_set
 .text.uv_gpio_toggle
                0x00004174       0x3c ./hal/uv_hal/src/uv_gpio.o
                0x00004174                uv_gpio_toggle
 .text.GPIO_IRQHandler
                0x000041b0       0x94 ./hal/uv_hal/src/uv_gpio.o
                0x000041b0                GPIO_IRQHandler
 .text.__uv_gpio_get_iocon
                0x00004244       0x2c ./hal/uv_hal/src/uv_gpio.o
                0x00004244                __uv_gpio_get_iocon
 .text.uv_gpio_configure
                0x00004270       0x10 ./hal/uv_hal/src/uv_gpio.o
                0x00004270                uv_gpio_configure
 .text.uv_gpio_init_output
                0x00004280       0x4c ./hal/uv_hal/src/uv_gpio.o
                0x00004280                uv_gpio_init_output
 .text.uv_lcd_draw_rect
                0x000042cc       0x38 ./hal/uv_hal/src/uv_lcd.o
                0x000042cc                uv_lcd_draw_rect
 .text.uv_lcd_tft_init
                0x00004304      0x130 ./hal/uv_hal/src/uv_lcd.o
                0x00004304                uv_lcd_tft_init
 .text.uv_lcd_draw_frame
                0x00004434       0x5c ./hal/uv_hal/src/uv_lcd.o
                0x00004434                uv_lcd_draw_frame
 .text.calc_crc
                0x00004490       0x3c ./hal/uv_hal/src/uv_memory.o
 .text.uv_enter_ISP_mode
                0x000044cc       0x28 ./hal/uv_hal/src/uv_memory.o
                0x000044cc                uv_enter_ISP_mode
 .text.uv_memory_load
                0x000044f4       0x74 ./hal/uv_hal/src/uv_memory.o
                0x000044f4                uv_memory_load
 .text.uv_erase_and_write_to_flash
                0x00004568       0xec ./hal/uv_hal/src/uv_memory.o
                0x00004568                uv_erase_and_write_to_flash
 .text.uv_memory_save
                0x00004654       0xe8 ./hal/uv_hal/src/uv_memory.o
                0x00004654                uv_memory_save
 .text.__uv_save_previous_non_volatile_data
                0x0000473c       0x34 ./hal/uv_hal/src/uv_memory.o
                0x0000473c                __uv_save_previous_non_volatile_data
 .text.__uv_load_previous_non_volatile_data
                0x00004770       0x34 ./hal/uv_hal/src/uv_memory.o
                0x00004770                __uv_load_previous_non_volatile_data
 .text.__uv_clear_previous_non_volatile_data
                0x000047a4       0xb0 ./hal/uv_hal/src/uv_memory.o
                0x000047a4                __uv_clear_previous_non_volatile_data
 .text.uv_pwm_init
                0x00004854       0x98 ./hal/uv_hal/src/uv_pwm.o
                0x00004854                uv_pwm_init
 .text.uv_system_reset
                0x000048ec       0x30 ./hal/uv_hal/src/uv_reset.o
                0x000048ec                uv_system_reset
 .text.uv_rtos_task_delay
                0x0000491c       0x1c ./hal/uv_hal/src/uv_rtos.o
                0x0000491c                uv_rtos_task_delay
 .text.vApplicationStackOverflowHook
                0x00004938       0x34 ./hal/uv_hal/src/uv_rtos.o
                0x00004938                vApplicationStackOverflowHook
 .text.uv_stdout_set_source
                0x0000496c        0x4 ./hal/uv_hal/src/uv_stdout.o
                0x0000496c                uv_stdout_set_source
 .text.outbyte  0x00004970       0x18 ./hal/uv_hal/src/uv_stdout.o
                0x00004970                outbyte
 .text.uv_stdout_send
                0x00004988       0x18 ./hal/uv_hal/src/uv_stdout.o
                0x00004988                uv_stdout_send
 .text.uv_terminal_man_callb
                0x000049a0       0x7c ./hal/uv_hal/src/uv_terminal.o
                0x000049a0                uv_terminal_man_callb
 .text.uv_terminal_isp_callb
                0x00004a1c        0x8 ./hal/uv_hal/src/uv_terminal.o
                0x00004a1c                uv_terminal_isp_callb
 .text.uv_terminal_reset_callb
                0x00004a24       0x20 ./hal/uv_hal/src/uv_terminal.o
                0x00004a24                uv_terminal_reset_callb
 .text.uv_terminal_save_callb
                0x00004a44       0x14 ./hal/uv_hal/src/uv_terminal.o
                0x00004a44                uv_terminal_save_callb
 .text.uv_terminal_revert_callb
                0x00004a58       0x14 ./hal/uv_hal/src/uv_terminal.o
                0x00004a58                uv_terminal_revert_callb
 .text.uv_terminal_init
                0x00004a6c       0x14 ./hal/uv_hal/src/uv_terminal.o
                0x00004a6c                uv_terminal_init
 .text.uv_terminal_get_commands_count
                0x00004a80        0xc ./hal/uv_hal/src/uv_terminal.o
                0x00004a80                uv_terminal_get_commands_count
 .text.uv_terminal_help_callb
                0x00004a8c       0x50 ./hal/uv_hal/src/uv_terminal.o
                0x00004a8c                uv_terminal_help_callb
 .text.uv_terminal_step
                0x00004adc      0x210 ./hal/uv_hal/src/uv_terminal.o
                0x00004adc                uv_terminal_step
 .text.check_uart
                0x00004cec       0x24 ./hal/uv_hal/src/uv_uart.o
 .text.isr      0x00004d10       0x54 ./hal/uv_hal/src/uv_uart.o
 .text.UART0_IRQHandler
                0x00004d64        0xc ./hal/uv_hal/src/uv_uart.o
                0x00004d64                UART0_IRQHandler
 .text.uv_uart_init
                0x00004d70      0x110 ./hal/uv_hal/src/uv_uart.o
                0x00004d70                uv_uart_init
 .text.uv_uart_send_char
                0x00004e80       0x5c ./hal/uv_hal/src/uv_uart.o
                0x00004e80                uv_uart_send_char
 .text.uv_uart_get_char
                0x00004edc       0x38 ./hal/uv_hal/src/uv_uart.o
                0x00004edc                uv_uart_get_char
 .text.uv_uart_is_initialized
                0x00004f14       0x1c ./hal/uv_hal/src/uv_uart.o
                0x00004f14                uv_uart_is_initialized
 .text.uv_set_application_ptr
                0x00004f30        0xc ./hal/uv_hal/src/uv_utilities.o
                0x00004f30                uv_set_application_ptr
 .text.uv_ring_buffer_init
                0x00004f3c       0x1c ./hal/uv_hal/src/uv_utilities.o
                0x00004f3c                uv_ring_buffer_init
 .text.uv_ring_buffer_push
                0x00004f58       0x54 ./hal/uv_hal/src/uv_utilities.o
                0x00004f58                uv_ring_buffer_push
 .text.uv_ring_buffer_pop
                0x00004fac       0x58 ./hal/uv_hal/src/uv_utilities.o
                0x00004fac                uv_ring_buffer_pop
 .text._delay_ms
                0x00005004       0x4c ./hal/uv_hal/src/uv_utilities.o
                0x00005004                _delay_ms
 .text.uv_set_int_priority
                0x00005050       0x4c ./hal/uv_hal/src/uv_utilities.o
                0x00005050                uv_set_int_priority
 .text.__uv_get_user_ptr
                0x0000509c        0xc ./hal/uv_hal/src/uv_utilities.o
                0x0000509c                __uv_get_user_ptr
 .text.NMI_Handler
                0x000050a8       0x14 ./hal/uv_hal/src/uv_utilities.o
                0x000050a8                NMI_Handler
 .text.HardFault_Handler
                0x000050bc       0x14 ./hal/uv_hal/src/uv_utilities.o
                0x000050bc                HardFault_Handler
 .text.MemManage_Handler
                0x000050d0       0x14 ./hal/uv_hal/src/uv_utilities.o
                0x000050d0                MemManage_Handler
 .text.BusFault_Handler
                0x000050e4       0x14 ./hal/uv_hal/src/uv_utilities.o
                0x000050e4                BusFault_Handler
 .text.UsageFault_Handler
                0x000050f8       0x14 ./hal/uv_hal/src/uv_utilities.o
                0x000050f8                UsageFault_Handler
 .text.IntDefaultHandler
                0x0000510c       0x14 ./hal/uv_hal/src/uv_utilities.o
                0x0000510c                IntDefaultHandler
 .text.uv_wdt_init
                0x00005120       0x34 ./hal/uv_hal/src/uv_wdt.o
                0x00005120                uv_wdt_init
 .text.uv_wdt_reset
                0x00005154       0x14 ./hal/uv_hal/src/uv_wdt.o
                0x00005154                uv_wdt_reset
 .text.prvTaskExitError
                0x00005168       0x14 ./hal/uv_hal/freertos/portable/GCC/ARM_CM3/port.o
 .text.prvPortStartFirstTask
                0x0000517c       0x20 ./hal/uv_hal/freertos/portable/GCC/ARM_CM3/port.o
 .text.pxPortInitialiseStack
                0x0000519c       0x20 ./hal/uv_hal/freertos/portable/GCC/ARM_CM3/port.o
                0x0000519c                pxPortInitialiseStack
 *fill*         0x000051bc        0x4 ff
 .text.SVC_Handler
                0x000051c0       0x24 ./hal/uv_hal/freertos/portable/GCC/ARM_CM3/port.o
                0x000051c0                SVC_Handler
 .text.vPortEnterCritical
                0x000051e4       0x20 ./hal/uv_hal/freertos/portable/GCC/ARM_CM3/port.o
                0x000051e4                vPortEnterCritical
 .text.vPortExitCritical
                0x00005204       0x14 ./hal/uv_hal/freertos/portable/GCC/ARM_CM3/port.o
                0x00005204                vPortExitCritical
 *fill*         0x00005218        0x8 ff
 .text.PendSV_Handler
                0x00005220       0x44 ./hal/uv_hal/freertos/portable/GCC/ARM_CM3/port.o
                0x00005220                PendSV_Handler
 .text.SysTick_Handler
                0x00005264       0x2c ./hal/uv_hal/freertos/portable/GCC/ARM_CM3/port.o
                0x00005264                SysTick_Handler
 .text.vPortSetupTimerInterrupt
                0x00005290       0x2c ./hal/uv_hal/freertos/portable/GCC/ARM_CM3/port.o
                0x00005290                vPortSetupTimerInterrupt
 .text.xPortStartScheduler
                0x000052bc       0x30 ./hal/uv_hal/freertos/portable/GCC/ARM_CM3/port.o
                0x000052bc                xPortStartScheduler
 .text.prvHeapInit
                0x000052ec       0x2c ./hal/uv_hal/freertos/heap_2.o
 .text.pvPortMalloc
                0x00005318       0xa4 ./hal/uv_hal/freertos/heap_2.o
                0x00005318                pvPortMalloc
 .text.vPortFree
                0x000053bc       0x44 ./hal/uv_hal/freertos/heap_2.o
                0x000053bc                vPortFree
 .text.vListInitialise
                0x00005400       0x18 ./hal/uv_hal/freertos/list.o
                0x00005400                vListInitialise
 .text.vListInitialiseItem
                0x00005418        0x8 ./hal/uv_hal/freertos/list.o
                0x00005418                vListInitialiseItem
 .text.vListInsertEnd
                0x00005420       0x18 ./hal/uv_hal/freertos/list.o
                0x00005420                vListInsertEnd
 .text.vListInsert
                0x00005438       0x34 ./hal/uv_hal/freertos/list.o
                0x00005438                vListInsert
 .text.uxListRemove
                0x0000546c       0x24 ./hal/uv_hal/freertos/list.o
                0x0000546c                uxListRemove
 .text.prvIsQueueFull
                0x00005490       0x20 ./hal/uv_hal/freertos/queue.o
 .text.prvIsQueueEmpty
                0x000054b0       0x1c ./hal/uv_hal/freertos/queue.o
 .text.prvAllocateQueueMemory
                0x000054cc       0x24 ./hal/uv_hal/freertos/queue.o
 .text.prvCopyDataToQueue
                0x000054f0       0x7c ./hal/uv_hal/freertos/queue.o
 .text.prvCopyDataFromQueue
                0x0000556c       0x24 ./hal/uv_hal/freertos/queue.o
 .text.prvUnlockQueue
                0x00005590       0x64 ./hal/uv_hal/freertos/queue.o
 .text.xQueueGenericReset
                0x000055f4       0x6c ./hal/uv_hal/freertos/queue.o
                0x000055f4                xQueueGenericReset
 .text.xQueueGenericCreate
                0x00005660       0x3c ./hal/uv_hal/freertos/queue.o
                0x00005660                xQueueGenericCreate
 .text.xQueueGenericSend
                0x0000569c       0xfc ./hal/uv_hal/freertos/queue.o
                0x0000569c                xQueueGenericSend
 .text.xQueueGenericSendFromISR
                0x00005798       0x68 ./hal/uv_hal/freertos/queue.o
                0x00005798                xQueueGenericSendFromISR
 .text.xQueueGenericReceive
                0x00005800      0x134 ./hal/uv_hal/freertos/queue.o
                0x00005800                xQueueGenericReceive
 .text.vQueueAddToRegistry
                0x00005934       0x28 ./hal/uv_hal/freertos/queue.o
                0x00005934                vQueueAddToRegistry
 .text.vQueueWaitForMessageRestricted
                0x0000595c       0x40 ./hal/uv_hal/freertos/queue.o
                0x0000595c                vQueueWaitForMessageRestricted
 .text.prvResetNextTaskUnblockTime
                0x0000599c       0x34 ./hal/uv_hal/freertos/tasks.o
 .text.prvDeleteTCB
                0x000059d0       0x14 ./hal/uv_hal/freertos/tasks.o
 .text.prvAllocateTCBAndStack
                0x000059e4       0x44 ./hal/uv_hal/freertos/tasks.o
 .text.prvInitialiseTCBVariables
                0x00005a28       0x50 ./hal/uv_hal/freertos/tasks.o
 .text.prvInitialiseTaskLists
                0x00005a78       0x68 ./hal/uv_hal/freertos/tasks.o
 .text.prvAddCurrentTaskToDelayedList
                0x00005ae0       0x98 ./hal/uv_hal/freertos/tasks.o
 .text.xTaskGenericCreate
                0x00005b78      0x104 ./hal/uv_hal/freertos/tasks.o
                0x00005b78                xTaskGenericCreate
 .text.vTaskStartScheduler
                0x00005c7c       0x70 ./hal/uv_hal/freertos/tasks.o
                0x00005c7c                vTaskStartScheduler
 .text.vTaskSuspendAll
                0x00005cec       0x10 ./hal/uv_hal/freertos/tasks.o
                0x00005cec                vTaskSuspendAll
 .text.xTaskGetTickCount
                0x00005cfc        0xc ./hal/uv_hal/freertos/tasks.o
                0x00005cfc                xTaskGetTickCount
 .text.xTaskIncrementTick
                0x00005d08      0x10c ./hal/uv_hal/freertos/tasks.o
                0x00005d08                xTaskIncrementTick
 .text.xTaskResumeAll
                0x00005e14       0xe8 ./hal/uv_hal/freertos/tasks.o
                0x00005e14                xTaskResumeAll
 .text.vTaskDelayUntil
                0x00005efc       0x68 ./hal/uv_hal/freertos/tasks.o
                0x00005efc                vTaskDelayUntil
 .text.prvCheckTasksWaitingTermination
                0x00005f64       0x54 ./hal/uv_hal/freertos/tasks.o
 .text.prvIdleTask
                0x00005fb8       0x28 ./hal/uv_hal/freertos/tasks.o
 .text.vTaskSwitchContext
                0x00005fe0       0x90 ./hal/uv_hal/freertos/tasks.o
                0x00005fe0                vTaskSwitchContext
 .text.vTaskPlaceOnEventList
                0x00006070       0x1c ./hal/uv_hal/freertos/tasks.o
                0x00006070                vTaskPlaceOnEventList
 .text.vTaskPlaceOnEventListRestricted
                0x0000608c       0x24 ./hal/uv_hal/freertos/tasks.o
                0x0000608c                vTaskPlaceOnEventListRestricted
 .text.xTaskRemoveFromEventList
                0x000060b0       0x78 ./hal/uv_hal/freertos/tasks.o
                0x000060b0                xTaskRemoveFromEventList
 .text.vTaskSetTimeOutState
                0x00006128       0x18 ./hal/uv_hal/freertos/tasks.o
                0x00006128                vTaskSetTimeOutState
 .text.xTaskCheckForTimeOut
                0x00006140       0x58 ./hal/uv_hal/freertos/tasks.o
                0x00006140                xTaskCheckForTimeOut
 .text.vTaskMissedYield
                0x00006198        0xc ./hal/uv_hal/freertos/tasks.o
                0x00006198                vTaskMissedYield
 .text.xTaskGetSchedulerState
                0x000061a4       0x20 ./hal/uv_hal/freertos/tasks.o
                0x000061a4                xTaskGetSchedulerState
 .text.vTaskPriorityInherit
                0x000061c4       0xa8 ./hal/uv_hal/freertos/tasks.o
                0x000061c4                vTaskPriorityInherit
 .text.xTaskPriorityDisinherit
                0x0000626c       0x84 ./hal/uv_hal/freertos/tasks.o
                0x0000626c                xTaskPriorityDisinherit
 .text.pvTaskIncrementMutexHeldCount
                0x000062f0       0x1c ./hal/uv_hal/freertos/tasks.o
                0x000062f0                pvTaskIncrementMutexHeldCount
 .text.prvGetNextExpireTime
                0x0000630c       0x20 ./hal/uv_hal/freertos/timers.o
 .text.prvInsertTimerInActiveList
                0x0000632c       0x48 ./hal/uv_hal/freertos/timers.o
 .text.prvCheckForValidListAndQueue
                0x00006374       0x60 ./hal/uv_hal/freertos/timers.o
 .text.xTimerCreateTimerTask
                0x000063d4       0x3c ./hal/uv_hal/freertos/timers.o
                0x000063d4                xTimerCreateTimerTask
 .text.xTimerGenericCommand
                0x00006410       0x58 ./hal/uv_hal/freertos/timers.o
                0x00006410                xTimerGenericCommand
 .text.prvSwitchTimerLists
                0x00006468       0x68 ./hal/uv_hal/freertos/timers.o
 .text.prvSampleTimeNow
                0x000064d0       0x2c ./hal/uv_hal/freertos/timers.o
 .text.prvProcessExpiredTimer
                0x000064fc       0x48 ./hal/uv_hal/freertos/timers.o
 .text.prvProcessTimerOrBlockTask
                0x00006544       0x74 ./hal/uv_hal/freertos/timers.o
 .text.prvProcessReceivedCommands
                0x000065b8       0x98 ./hal/uv_hal/freertos/timers.o
 .text.prvTimerTask
                0x00006650       0x18 ./hal/uv_hal/freertos/timers.o
 .text.SystemCoreClockUpdate
                0x00006668      0x288 ./CMSIS_CORE_LPC177x_8x/src/system_LPC177x_8x.o
                0x00006668                SystemCoreClockUpdate
 .text.SystemInit
                0x000068f0       0x7c ./CMSIS_CORE_LPC177x_8x/src/system_LPC177x_8x.o
                0x000068f0                SystemInit
 .text          0x0000696c      0x21c /usr/local/lpcxpresso_7.7.2_379/lpcxpresso/tools/bin/../lib/gcc/arm-none-eabi/5.4.1/armv7-m/libgcc.a(_arm_addsubsf3.o)
                0x0000696c                __aeabi_frsub
                0x00006974                __subsf3
                0x00006974                __aeabi_fsub
                0x00006978                __aeabi_fadd
                0x00006978                __addsf3
                0x00006ad8                __aeabi_ui2f
                0x00006ad8                __floatunsisf
                0x00006ae0                __aeabi_i2f
                0x00006ae0                __floatsisf
                0x00006afc                __floatundisf
                0x00006afc                __aeabi_ul2f
                0x00006b0c                __floatdisf
                0x00006b0c                __aeabi_l2f
 .text          0x00006b88      0x2a0 /usr/local/lpcxpresso_7.7.2_379/lpcxpresso/tools/bin/../lib/gcc/arm-none-eabi/5.4.1/armv7-m/libgcc.a(_arm_muldivsf3.o)
                0x00006b88                __mulsf3
                0x00006b88                __aeabi_fmul
                0x00006cf0                __divsf3
                0x00006cf0                __aeabi_fdiv
 .text          0x00006e28       0xec /usr/local/lpcxpresso_7.7.2_379/lpcxpresso/tools/bin/../lib/gcc/arm-none-eabi/5.4.1/armv7-m/libgcc.a(_arm_cmpsf2.o)
                0x00006e28                __gtsf2
                0x00006e28                __gesf2
                0x00006e30                __lesf2
                0x00006e30                __ltsf2
                0x00006e38                __nesf2
                0x00006e38                __eqsf2
                0x00006e38                __cmpsf2
                0x00006e98                __aeabi_cfrcmple
                0x00006ea0                __aeabi_cfcmple
                0x00006ea0                __aeabi_cfcmpeq
                0x00006eb0                __aeabi_fcmpeq
                0x00006ec4                __aeabi_fcmplt
                0x00006ed8                __aeabi_fcmple
                0x00006eec                __aeabi_fcmpge
                0x00006f00                __aeabi_fcmpgt
 .text          0x00006f14       0x40 /usr/local/lpcxpresso_7.7.2_379/lpcxpresso/tools/bin/../lib/gcc/arm-none-eabi/5.4.1/armv7-m/libgcc.a(_arm_fixunssfsi.o)
                0x00006f14                __aeabi_f2uiz
                0x00006f14                __fixunssfsi
 .text.memcpy   0x00006f54       0x16 /usr/local/lpcxpresso_7.7.2_379/lpcxpresso/tools/bin/../lib/gcc/arm-none-eabi/5.4.1/../../../../arm-none-eabi/lib/armv7-m/libc_nano.a(lib_a-memcpy-stub.o)
                0x00006f54                memcpy
 .text.memset   0x00006f6a       0x10 /usr/local/lpcxpresso_7.7.2_379/lpcxpresso/tools/bin/../lib/gcc/arm-none-eabi/5.4.1/../../../../arm-none-eabi/lib/armv7-m/libc_nano.a(lib_a-memset.o)
                0x00006f6a                memset
 .text          0x00006f7a       0x14 /usr/local/lpcxpresso_7.7.2_379/lpcxpresso/tools/bin/../lib/gcc/arm-none-eabi/5.4.1/../../../../arm-none-eabi/lib/armv7-m/libc_nano.a(lib_a-strcmp.o)
                0x00006f7a                strcmp
 .text          0x00006f8e       0x10 /usr/local/lpcxpresso_7.7.2_379/lpcxpresso/tools/bin/../lib/gcc/arm-none-eabi/5.4.1/../../../../arm-none-eabi/lib/armv7-m/libc_nano.a(lib_a-strlen.o)
                0x00006f8e                strlen
 *fill*         0x00006f9e        0x2 ff
 .text._strtol_r
                0x00006fa0      0x10c /usr/local/lpcxpresso_7.7.2_379/lpcxpresso/tools/bin/../lib/gcc/arm-none-eabi/5.4.1/../../../../arm-none-eabi/lib/armv7-m/libc_nano.a(lib_a-strtol.o)
                0x00006fa0                _strtol_r
 .text.strtol   0x000070ac       0x14 /usr/local/lpcxpresso_7.7.2_379/lpcxpresso/tools/bin/../lib/gcc/arm-none-eabi/5.4.1/../../../../arm-none-eabi/lib/armv7-m/libc_nano.a(lib_a-strtol.o)
                0x000070ac                strtol
 *(.rodata .rodata.* .constdata .constdata.*)
 .rodata.str1.4
                0x000070c0      0x100 ./src/ui/home_screen.o
 .rodata.str1.4
                0x000071c0        0x6 ./src/ui/taskbar.o
 *fill*         0x000071c6        0x2 ff
 .rodata.obj_dict
                0x000071c8        0x0 ./src/canopen.o
                0x000071c8                obj_dict
 .rodata.terminal_commands
                0x000071c8      0x110 ./src/commands.o
                0x000071c8                terminal_commands
 .rodata.str1.4
                0x000072d8      0xb52 ./src/commands.o
                                0xb56 (size before relaxing)
 *fill*         0x00007e2a        0x2 ff
 .rodata.str1.4
                0x00007e2c       0x19 ./src/main.o
 *fill*         0x00007e45        0x3 ff
 .rodata.str1.4
                0x00007e48       0x1d ./src/network.o
 *fill*         0x00007e65        0x3 ff
 .rodata.font_16X26
                0x00007e68        0x8 ./hal/uv_hal/src/ui/uv_fonts.o
                0x00007e68                font_16X26
 .rodata.font_16x26
                0x00007e70     0x3400 ./hal/uv_hal/src/ui/uv_fonts.o
                0x00007e70                font_16x26
 .rodata.uv_window_styles
                0x0000b270       0x18 ./hal/uv_hal/src/ui/uv_ui_styles.o
                0x0000b270                uv_window_styles
 .rodata.str1.4
                0x0000b288        0x7 ./hal/uv_hal/src/printf.o
 *fill*         0x0000b28f        0x1 ff
 .rodata.str1.4
                0x0000b290      0xa57 ./hal/uv_hal/src/uv_errors.o
 *fill*         0x0000bce7        0x1 ff
 .rodata.str1.4
                0x0000bce8       0x52 ./hal/uv_hal/src/uv_memory.o
 *fill*         0x0000bd3a        0x2 ff
 .rodata.str1.4
                0x0000bd3c        0xb ./hal/uv_hal/src/uv_rtos.o
 *fill*         0x0000bd47        0x1 ff
 .rodata.str1.4
                0x0000bd48      0x336 ./hal/uv_hal/src/uv_terminal.o
                                0x33e (size before relaxing)
 *fill*         0x0000c07e        0x2 ff
 .rodata.common_cmds
                0x0000c080       0x60 ./hal/uv_hal/src/uv_terminal.o
                0x0000c080                common_cmds
 .rodata.str1.4
                0x0000c0e0       0xbc ./hal/uv_hal/src/uv_utilities.o
                                 0xc0 (size before relaxing)
 .rodata.str1.4
                0x0000c19c        0x5 ./hal/uv_hal/freertos/tasks.o
 *fill*         0x0000c1a1        0x3 ff
 .rodata.str1.4
                0x0000c1a4       0x10 ./hal/uv_hal/freertos/timers.o
 .rodata._ctype_
                0x0000c1b4      0x101 /usr/local/lpcxpresso_7.7.2_379/lpcxpresso/tools/bin/../lib/gcc/arm-none-eabi/5.4.1/../../../../arm-none-eabi/lib/armv7-m/libc_nano.a(lib_a-ctype_.o)
                0x0000c1b4                _ctype_
 .rodata.str1.1
                0x0000c2b5        0x2 /usr/local/lpcxpresso_7.7.2_379/lpcxpresso/tools/bin/../lib/gcc/arm-none-eabi/5.4.1/../../../../arm-none-eabi/lib/armv7-m/libc_nano.a(lib_a-impure.o)
                0x0000c2b8                . = ALIGN (0x4)
 *fill*         0x0000c2b7        0x1 ff

.glue_7         0x0000c2b8        0x0
 .glue_7        0x0000c2b8        0x0 linker stubs

.glue_7t        0x0000c2b8        0x0
 .glue_7t       0x0000c2b8        0x0 linker stubs

.vfp11_veneer   0x0000c2b8        0x0
 .vfp11_veneer  0x0000c2b8        0x0 linker stubs

.v4_bx          0x0000c2b8        0x0
 .v4_bx         0x0000c2b8        0x0 linker stubs

.iplt           0x0000c2b8        0x0
 .iplt          0x0000c2b8        0x0 ./src/ui/home_screen.o

.rel.dyn        0x0000c2b8        0x0
 .rel.iplt      0x0000c2b8        0x0 ./src/ui/home_screen.o

.ARM.extab
 *(.ARM.extab* .gnu.linkonce.armextab.*)
                0x0000c2b8                __exidx_start = .

.ARM.exidx
 *(.ARM.exidx* .gnu.linkonce.armexidx.*)
                0x0000c2b8                __exidx_end = .
                0x0000c2b8                _etext = .

.data_RAM2      0x20000000        0x0 load address 0x0000c2b8
 FILL mask 0xff
                [!provide]                PROVIDE (__start_data_RAM2, .)
 *(.ramfunc.$RAM2)
 *(.ramfunc.$RamPeriph16)
 *(.data.$RAM2*)
 *(.data.$RamPeriph16*)
                0x20000000                . = ALIGN (0x4)
                [!provide]                PROVIDE (__end_data_RAM2, .)

.uninit_RESERVED
                0x10000080        0x0
 *(.bss.$RESERVED*)
                0x10000080                . = ALIGN (0x4)
                0x10000080                _end_uninit_RESERVED = .

.data           0x10000080       0x84 load address 0x0000c2b8
 FILL mask 0xff
                0x10000080                _data = .
 *(vtable)
 *(.ramfunc*)
 *(.data*)
 .data.lcd      0x10000080        0x4 ./hal/uv_hal/src/uv_lcd.o
                0x10000080                lcd
 .data.uxCriticalNesting
                0x10000084        0x4 ./hal/uv_hal/freertos/portable/GCC/ARM_CM3/port.o
 .data.xFreeBytesRemaining
                0x10000088        0x4 ./hal/uv_hal/freertos/heap_2.o
 .data.USBClock
                0x1000008c        0x4 ./CMSIS_CORE_LPC177x_8x/src/system_LPC177x_8x.o
                0x1000008c                USBClock
 .data.EMCClock
                0x10000090        0x4 ./CMSIS_CORE_LPC177x_8x/src/system_LPC177x_8x.o
                0x10000090                EMCClock
 .data.PeripheralClock
                0x10000094        0x4 ./CMSIS_CORE_LPC177x_8x/src/system_LPC177x_8x.o
                0x10000094                PeripheralClock
 .data.SystemCoreClock
                0x10000098        0x4 ./CMSIS_CORE_LPC177x_8x/src/system_LPC177x_8x.o
                0x10000098                SystemCoreClock
 .data.__ctype_ptr__
                0x1000009c        0x4 /usr/local/lpcxpresso_7.7.2_379/lpcxpresso/tools/bin/../lib/gcc/arm-none-eabi/5.4.1/../../../../arm-none-eabi/lib/armv7-m/libc_nano.a(lib_a-ctype_.o)
                0x1000009c                __ctype_ptr__
 .data.impure_data
                0x100000a0       0x60 /usr/local/lpcxpresso_7.7.2_379/lpcxpresso/tools/bin/../lib/gcc/arm-none-eabi/5.4.1/../../../../arm-none-eabi/lib/armv7-m/libc_nano.a(lib_a-impure.o)
 .data._impure_ptr
                0x10000100        0x4 /usr/local/lpcxpresso_7.7.2_379/lpcxpresso/tools/bin/../lib/gcc/arm-none-eabi/5.4.1/../../../../arm-none-eabi/lib/armv7-m/libc_nano.a(lib_a-impure.o)
                0x10000100                _impure_ptr
                0x10000104                . = ALIGN (0x4)
                0x10000104                _edata = .

.igot.plt       0x10000104        0x0 load address 0x0000c33c
 .igot.plt      0x10000104        0x0 ./src/ui/home_screen.o

.bss_RAM2       0x20000000        0x0
                [!provide]                PROVIDE (__start_bss_RAM2, .)
 *(.bss.$RAM2*)
 *(.bss.$RamPeriph16*)
                0x20000000                . = ALIGN (0x4)
                [!provide]                PROVIDE (__end_bss_RAM2, .)

.bss            0x10000108     0x2ec0
                0x10000108                _bss = .
 *(.bss*)
 .bss._this     0x10000108       0x98 ./hal/uv_hal/src/uv_can.o
 .bss.callback  0x100001a0        0x4 ./hal/uv_hal/src/uv_gpio.o
 .bss.last_start
                0x100001a4        0x4 ./hal/uv_hal/src/uv_memory.o
 .bss.last_end  0x100001a8        0x4 ./hal/uv_hal/src/uv_memory.o
 .bss.uart0_rxbuffer
                0x100001ac        0xa ./hal/uv_hal/src/uv_uart.o
 *fill*         0x100001b6        0x2 
 .bss._this     0x100001b8       0x90 ./hal/uv_hal/src/uv_uart.o
 .bss.user_ptr  0x10000248        0x4 ./hal/uv_hal/src/uv_utilities.o
                0x10000248                user_ptr
 .bss.xStart    0x1000024c        0x8 ./hal/uv_hal/freertos/heap_2.o
 .bss.xHeapHasBeenInitialised.6102
                0x10000254        0x4 ./hal/uv_hal/freertos/heap_2.o
 .bss.ucHeap    0x10000258     0x2710 ./hal/uv_hal/freertos/heap_2.o
 .bss.xEnd      0x10002968        0x8 ./hal/uv_hal/freertos/heap_2.o
 .bss.xNumOfOverflows
                0x10002970        0x4 ./hal/uv_hal/freertos/tasks.o
 .bss.pxDelayedTaskList
                0x10002974        0x4 ./hal/uv_hal/freertos/tasks.o
 .bss.xSchedulerRunning
                0x10002978        0x4 ./hal/uv_hal/freertos/tasks.o
 .bss.xTasksWaitingTermination
                0x1000297c       0x14 ./hal/uv_hal/freertos/tasks.o
 .bss.pxOverflowDelayedTaskList
                0x10002990        0x4 ./hal/uv_hal/freertos/tasks.o
 .bss.uxPendedTicks
                0x10002994        0x4 ./hal/uv_hal/freertos/tasks.o
 .bss.pxReadyTasksLists
                0x10002998       0xa0 ./hal/uv_hal/freertos/tasks.o
 .bss.uxSchedulerSuspended
                0x10002a38        0x4 ./hal/uv_hal/freertos/tasks.o
 .bss.uxDeletedTasksWaitingCleanUp
                0x10002a3c        0x4 ./hal/uv_hal/freertos/tasks.o
 .bss.uxCurrentNumberOfTasks
                0x10002a40        0x4 ./hal/uv_hal/freertos/tasks.o
 .bss.pxCurrentTCB
                0x10002a44        0x4 ./hal/uv_hal/freertos/tasks.o
                0x10002a44                pxCurrentTCB
 .bss.xPendingReadyList
                0x10002a48       0x14 ./hal/uv_hal/freertos/tasks.o
 .bss.xIdleTaskHandle
                0x10002a5c        0x4 ./hal/uv_hal/freertos/tasks.o
 .bss.xTickCount
                0x10002a60        0x4 ./hal/uv_hal/freertos/tasks.o
 .bss.xNextTaskUnblockTime
                0x10002a64        0x4 ./hal/uv_hal/freertos/tasks.o
 .bss.uxTaskNumber
                0x10002a68        0x4 ./hal/uv_hal/freertos/tasks.o
 .bss.xDelayedTaskList1
                0x10002a6c       0x14 ./hal/uv_hal/freertos/tasks.o
 .bss.xDelayedTaskList2
                0x10002a80       0x14 ./hal/uv_hal/freertos/tasks.o
 .bss.xSuspendedTaskList
                0x10002a94       0x14 ./hal/uv_hal/freertos/tasks.o
 .bss.uxTopReadyPriority
                0x10002aa8        0x4 ./hal/uv_hal/freertos/tasks.o
 .bss.xYieldPending
                0x10002aac        0x4 ./hal/uv_hal/freertos/tasks.o
 .bss.pxCurrentTimerList
                0x10002ab0        0x4 ./hal/uv_hal/freertos/timers.o
 .bss.xActiveTimerList1
                0x10002ab4       0x14 ./hal/uv_hal/freertos/timers.o
 .bss.xActiveTimerList2
                0x10002ac8       0x14 ./hal/uv_hal/freertos/timers.o
 .bss.xLastTime.6345
                0x10002adc        0x4 ./hal/uv_hal/freertos/timers.o
 .bss.xTimerQueue
                0x10002ae0        0x4 ./hal/uv_hal/freertos/timers.o
 .bss.pxOverflowTimerList
                0x10002ae4        0x4 ./hal/uv_hal/freertos/timers.o
 *(COMMON)
 COMMON         0x10002ae8      0x374 ./src/main.o
                0x10002ae8                dspl
 COMMON         0x10002e5c        0x4 ./hal/uv_hal/src/uv_errors.o
                0x10002e5c                __uv_error
 COMMON         0x10002e60      0x118 ./hal/uv_hal/src/uv_terminal.o
                0x10002e60                _terminal
 COMMON         0x10002f78       0x50 ./hal/uv_hal/freertos/queue.o
                0x10002f78                xQueueRegistry
                0x10002fc8                . = ALIGN (0x4)
                0x10002fc8                _ebss = .
                [!provide]                PROVIDE (end, .)

.noinit_RAM2    0x20000000        0x0
 *(.noinit.$RAM2*)
 *(.noinit.$RamPeriph16*)
                0x20000000                . = ALIGN (0x4)

.noinit         0x10002fc8        0x0
                0x10002fc8                _noinit = .
 *(.noinit*)
                0x10002fc8                . = ALIGN (0x4)
                0x10002fc8                _end_noinit = .
                [!provide]                PROVIDE (_pvHeapStart, DEFINED (__user_heap_base)?__user_heap_base:.)
                0x1000ff60                PROVIDE (_vStackTop, DEFINED (__user_stack_top)?__user_stack_top:(__top_RamLoc64 - 0x0))
OUTPUT(uw_display.axf elf32-littlearm)

.debug_info     0x00000000    0x1a612
 .debug_info    0x00000000      0x9d5 ./src/ui/home_screen.o
 .debug_info    0x000009d5      0xaaf ./src/ui/taskbar.o
 .debug_info    0x00001484      0x212 ./src/canopen.o
 .debug_info    0x00001696     0x15ba ./src/commands.o
 .debug_info    0x00002c50      0x293 ./src/cr_startup_lpc177x_8x.o
 .debug_info    0x00002ee3     0x145b ./src/gui.o
 .debug_info    0x0000433e     0x1716 ./src/main.o
 .debug_info    0x00005a54     0x10d2 ./src/network.o
 .debug_info    0x00006b26      0x4e6 ./hal/uv_hal/src/ui/uv_display.o
 .debug_info    0x0000700c      0x203 ./hal/uv_hal/src/ui/uv_fonts.o
 .debug_info    0x0000720f      0xb81 ./hal/uv_hal/src/ui/uv_label.o
 .debug_info    0x00007d90      0x167 ./hal/uv_hal/src/ui/uv_ui_styles.o
 .debug_info    0x00007ef7      0xab7 ./hal/uv_hal/src/ui/uv_window.o
 .debug_info    0x000089ae      0x625 ./hal/uv_hal/src/printf.o
 .debug_info    0x00008fd3      0x8a7 ./hal/uv_hal/src/uv_can.o
 .debug_info    0x0000987a     0x1972 ./hal/uv_hal/src/uv_canopen.o
 .debug_info    0x0000b1ec      0x552 ./hal/uv_hal/src/uv_eeprom.o
 .debug_info    0x0000b73e     0x11b4 ./hal/uv_hal/src/uv_emc.o
 .debug_info    0x0000c8f2      0x132 ./hal/uv_hal/src/uv_errors.o
 .debug_info    0x0000ca24     0x155f ./hal/uv_hal/src/uv_gpio.o
 .debug_info    0x0000df83     0x123d ./hal/uv_hal/src/uv_lcd.o
 .debug_info    0x0000f1c0      0xbd6 ./hal/uv_hal/src/uv_memory.o
 .debug_info    0x0000fd96      0xe99 ./hal/uv_hal/src/uv_pwm.o
 .debug_info    0x00010c2f      0x313 ./hal/uv_hal/src/uv_reset.o
 .debug_info    0x00010f42      0x559 ./hal/uv_hal/src/uv_rtos.o
 .debug_info    0x0001149b      0x1b6 ./hal/uv_hal/src/uv_stdout.o
 .debug_info    0x00011651      0xc5f ./hal/uv_hal/src/uv_terminal.o
 .debug_info    0x000122b0     0x197d ./hal/uv_hal/src/uv_uart.o
 .debug_info    0x00013c2d      0xf9b ./hal/uv_hal/src/uv_utilities.o
 .debug_info    0x00014bc8      0x24c ./hal/uv_hal/src/uv_wdt.o
 .debug_info    0x00014e14      0x339 ./hal/uv_hal/freertos/portable/GCC/ARM_CM3/port.o
 .debug_info    0x0001514d      0x35c ./hal/uv_hal/freertos/heap_2.o
 .debug_info    0x000154a9      0x2cc ./hal/uv_hal/freertos/list.o
 .debug_info    0x00015775     0x169b ./hal/uv_hal/freertos/queue.o
 .debug_info    0x00016e10     0x24f5 ./hal/uv_hal/freertos/tasks.o
 .debug_info    0x00019305      0xf22 ./hal/uv_hal/freertos/timers.o
 .debug_info    0x0001a227      0x3eb ./CMSIS_CORE_LPC177x_8x/src/system_LPC177x_8x.o

.debug_abbrev   0x00000000     0x4a9d
 .debug_abbrev  0x00000000      0x1d3 ./src/ui/home_screen.o
 .debug_abbrev  0x000001d3      0x1dc ./src/ui/taskbar.o
 .debug_abbrev  0x000003af      0x11a ./src/canopen.o
 .debug_abbrev  0x000004c9      0x374 ./src/commands.o
 .debug_abbrev  0x0000083d      0x111 ./src/cr_startup_lpc177x_8x.o
 .debug_abbrev  0x0000094e      0x2e0 ./src/gui.o
 .debug_abbrev  0x00000c2e      0x36d ./src/main.o
 .debug_abbrev  0x00000f9b      0x242 ./src/network.o
 .debug_abbrev  0x000011dd      0x1ae ./hal/uv_hal/src/ui/uv_display.o
 .debug_abbrev  0x0000138b       0xc3 ./hal/uv_hal/src/ui/uv_fonts.o
 .debug_abbrev  0x0000144e      0x26c ./hal/uv_hal/src/ui/uv_label.o
 .debug_abbrev  0x000016ba       0xb4 ./hal/uv_hal/src/ui/uv_ui_styles.o
 .debug_abbrev  0x0000176e      0x211 ./hal/uv_hal/src/ui/uv_window.o
 .debug_abbrev  0x0000197f      0x1b9 ./hal/uv_hal/src/printf.o
 .debug_abbrev  0x00001b38      0x1ef ./hal/uv_hal/src/uv_can.o
 .debug_abbrev  0x00001d27      0x416 ./hal/uv_hal/src/uv_canopen.o
 .debug_abbrev  0x0000213d      0x196 ./hal/uv_hal/src/uv_eeprom.o
 .debug_abbrev  0x000022d3      0x17b ./hal/uv_hal/src/uv_emc.o
 .debug_abbrev  0x0000244e       0xc8 ./hal/uv_hal/src/uv_errors.o
 .debug_abbrev  0x00002516      0x36f ./hal/uv_hal/src/uv_gpio.o
 .debug_abbrev  0x00002885      0x226 ./hal/uv_hal/src/uv_lcd.o
 .debug_abbrev  0x00002aab      0x297 ./hal/uv_hal/src/uv_memory.o
 .debug_abbrev  0x00002d42      0x12a ./hal/uv_hal/src/uv_pwm.o
 .debug_abbrev  0x00002e6c      0x13f ./hal/uv_hal/src/uv_reset.o
 .debug_abbrev  0x00002fab      0x1d4 ./hal/uv_hal/src/uv_rtos.o
 .debug_abbrev  0x0000317f      0x117 ./hal/uv_hal/src/uv_stdout.o
 .debug_abbrev  0x00003296      0x2d1 ./hal/uv_hal/src/uv_terminal.o
 .debug_abbrev  0x00003567      0x357 ./hal/uv_hal/src/uv_uart.o
 .debug_abbrev  0x000038be      0x31c ./hal/uv_hal/src/uv_utilities.o
 .debug_abbrev  0x00003bda      0x112 ./hal/uv_hal/src/uv_wdt.o
 .debug_abbrev  0x00003cec      0x203 ./hal/uv_hal/freertos/portable/GCC/ARM_CM3/port.o
 .debug_abbrev  0x00003eef      0x1b5 ./hal/uv_hal/freertos/heap_2.o
 .debug_abbrev  0x000040a4       0xf6 ./hal/uv_hal/freertos/list.o
 .debug_abbrev  0x0000419a      0x2a4 ./hal/uv_hal/freertos/queue.o
 .debug_abbrev  0x0000443e      0x32f ./hal/uv_hal/freertos/tasks.o
 .debug_abbrev  0x0000476d      0x265 ./hal/uv_hal/freertos/timers.o
 .debug_abbrev  0x000049d2       0xcb ./CMSIS_CORE_LPC177x_8x/src/system_LPC177x_8x.o

.debug_loc      0x00000000     0x9946
 .debug_loc     0x00000000      0x471 ./src/ui/home_screen.o
 .debug_loc     0x00000471      0x4ed ./src/ui/taskbar.o
 .debug_loc     0x0000095e      0x9ea ./src/commands.o
 .debug_loc     0x00001348      0x1d1 ./src/cr_startup_lpc177x_8x.o
 .debug_loc     0x00001519      0x308 ./src/gui.o
 .debug_loc     0x00001821      0x1e5 ./src/main.o
 .debug_loc     0x00001a06      0x609 ./src/network.o
 .debug_loc     0x0000200f       0xc9 ./hal/uv_hal/src/ui/uv_display.o
 .debug_loc     0x000020d8      0xb4a ./hal/uv_hal/src/ui/uv_label.o
 .debug_loc     0x00002c22      0x948 ./hal/uv_hal/src/ui/uv_window.o
 .debug_loc     0x0000356a      0x73c ./hal/uv_hal/src/printf.o
 .debug_loc     0x00003ca6      0x22b ./hal/uv_hal/src/uv_can.o
 .debug_loc     0x00003ed1      0xa51 ./hal/uv_hal/src/uv_canopen.o
 .debug_loc     0x00004922      0x1c6 ./hal/uv_hal/src/uv_eeprom.o
 .debug_loc     0x00004ae8       0x2c ./hal/uv_hal/src/uv_errors.o
 .debug_loc     0x00004b14      0x495 ./hal/uv_hal/src/uv_gpio.o
 .debug_loc     0x00004fa9      0x10e ./hal/uv_hal/src/uv_lcd.o
 .debug_loc     0x000050b7      0x669 ./hal/uv_hal/src/uv_memory.o
 .debug_loc     0x00005720       0x2c ./hal/uv_hal/src/uv_reset.o
 .debug_loc     0x0000574c       0x5d ./hal/uv_hal/src/uv_rtos.o
 .debug_loc     0x000057a9       0x79 ./hal/uv_hal/src/uv_stdout.o
 .debug_loc     0x00005822      0x505 ./hal/uv_hal/src/uv_terminal.o
 .debug_loc     0x00005d27      0x335 ./hal/uv_hal/src/uv_uart.o
 .debug_loc     0x0000605c      0x443 ./hal/uv_hal/src/uv_utilities.o
 .debug_loc     0x0000649f       0x2c ./hal/uv_hal/src/uv_wdt.o
 .debug_loc     0x000064cb       0x87 ./hal/uv_hal/freertos/portable/GCC/ARM_CM3/port.o
 .debug_loc     0x00006552      0x1cc ./hal/uv_hal/freertos/heap_2.o
 .debug_loc     0x0000671e       0x65 ./hal/uv_hal/freertos/list.o
 .debug_loc     0x00006783     0x1043 ./hal/uv_hal/freertos/queue.o
 .debug_loc     0x000077c6     0x18ca ./hal/uv_hal/freertos/tasks.o
 .debug_loc     0x00009090      0x8b6 ./hal/uv_hal/freertos/timers.o

.debug_aranges  0x00000000      0xc68
 .debug_aranges
                0x00000000       0x28 ./src/ui/home_screen.o
 .debug_aranges
                0x00000028       0x28 ./src/ui/taskbar.o
 .debug_aranges
                0x00000050       0x20 ./src/canopen.o
 .debug_aranges
                0x00000070       0x60 ./src/commands.o
 .debug_aranges
                0x000000d0       0x80 ./src/cr_startup_lpc177x_8x.o
 .debug_aranges
                0x00000150       0x38 ./src/gui.o
 .debug_aranges
                0x00000188       0x30 ./src/main.o
 .debug_aranges
                0x000001b8       0x70 ./src/network.o
 .debug_aranges
                0x00000228       0x28 ./hal/uv_hal/src/ui/uv_display.o
 .debug_aranges
                0x00000250       0x18 ./hal/uv_hal/src/ui/uv_fonts.o
 .debug_aranges
                0x00000268       0x30 ./hal/uv_hal/src/ui/uv_label.o
 .debug_aranges
                0x00000298       0x18 ./hal/uv_hal/src/ui/uv_ui_styles.o
 .debug_aranges
                0x000002b0       0x38 ./hal/uv_hal/src/ui/uv_window.o
 .debug_aranges
                0x000002e8       0x50 ./hal/uv_hal/src/printf.o
 .debug_aranges
                0x00000338       0x58 ./hal/uv_hal/src/uv_can.o
 .debug_aranges
                0x00000390       0x88 ./hal/uv_hal/src/uv_canopen.o
 .debug_aranges
                0x00000418       0x30 ./hal/uv_hal/src/uv_eeprom.o
 .debug_aranges
                0x00000448       0x20 ./hal/uv_hal/src/uv_emc.o
 .debug_aranges
                0x00000468       0x20 ./hal/uv_hal/src/uv_errors.o
 .debug_aranges
                0x00000488       0x68 ./hal/uv_hal/src/uv_gpio.o
 .debug_aranges
                0x000004f0       0x38 ./hal/uv_hal/src/uv_lcd.o
 .debug_aranges
                0x00000528       0x60 ./hal/uv_hal/src/uv_memory.o
 .debug_aranges
                0x00000588       0x20 ./hal/uv_hal/src/uv_pwm.o
 .debug_aranges
                0x000005a8       0x20 ./hal/uv_hal/src/uv_reset.o
 .debug_aranges
                0x000005c8       0x40 ./hal/uv_hal/src/uv_rtos.o
 .debug_aranges
                0x00000608       0x30 ./hal/uv_hal/src/uv_stdout.o
 .debug_aranges
                0x00000638       0x68 ./hal/uv_hal/src/uv_terminal.o
 .debug_aranges
                0x000006a0       0x68 ./hal/uv_hal/src/uv_uart.o
 .debug_aranges
                0x00000708       0x98 ./hal/uv_hal/src/uv_utilities.o
 .debug_aranges
                0x000007a0       0x30 ./hal/uv_hal/src/uv_wdt.o
 .debug_aranges
                0x000007d0       0x70 ./hal/uv_hal/freertos/portable/GCC/ARM_CM3/port.o
 .debug_aranges
                0x00000840       0x40 ./hal/uv_hal/freertos/heap_2.o
 .debug_aranges
                0x00000880       0x40 ./hal/uv_hal/freertos/list.o
 .debug_aranges
                0x000008c0      0x110 ./hal/uv_hal/freertos/queue.o
 .debug_aranges
                0x000009d0      0x1d8 ./hal/uv_hal/freertos/tasks.o
 .debug_aranges
                0x00000ba8       0x98 ./hal/uv_hal/freertos/timers.o
 .debug_aranges
                0x00000c40       0x28 ./CMSIS_CORE_LPC177x_8x/src/system_LPC177x_8x.o

.debug_ranges   0x00000000      0xb10
 .debug_ranges  0x00000000       0x18 ./src/ui/home_screen.o
 .debug_ranges  0x00000018       0x18 ./src/ui/taskbar.o
 .debug_ranges  0x00000030       0x10 ./src/canopen.o
 .debug_ranges  0x00000040       0x50 ./src/commands.o
 .debug_ranges  0x00000090       0x70 ./src/cr_startup_lpc177x_8x.o
 .debug_ranges  0x00000100       0x28 ./src/gui.o
 .debug_ranges  0x00000128       0x20 ./src/main.o
 .debug_ranges  0x00000148       0x60 ./src/network.o
 .debug_ranges  0x000001a8       0x18 ./hal/uv_hal/src/ui/uv_display.o
 .debug_ranges  0x000001c0       0x58 ./hal/uv_hal/src/ui/uv_label.o
 .debug_ranges  0x00000218       0x28 ./hal/uv_hal/src/ui/uv_window.o
 .debug_ranges  0x00000240       0x60 ./hal/uv_hal/src/printf.o
 .debug_ranges  0x000002a0       0x48 ./hal/uv_hal/src/uv_can.o
 .debug_ranges  0x000002e8       0xf0 ./hal/uv_hal/src/uv_canopen.o
 .debug_ranges  0x000003d8       0x20 ./hal/uv_hal/src/uv_eeprom.o
 .debug_ranges  0x000003f8       0x10 ./hal/uv_hal/src/uv_emc.o
 .debug_ranges  0x00000408       0x10 ./hal/uv_hal/src/uv_errors.o
 .debug_ranges  0x00000418       0x58 ./hal/uv_hal/src/uv_gpio.o
 .debug_ranges  0x00000470       0x28 ./hal/uv_hal/src/uv_lcd.o
 .debug_ranges  0x00000498       0x50 ./hal/uv_hal/src/uv_memory.o
 .debug_ranges  0x000004e8       0x10 ./hal/uv_hal/src/uv_pwm.o
 .debug_ranges  0x000004f8       0x10 ./hal/uv_hal/src/uv_reset.o
 .debug_ranges  0x00000508       0x30 ./hal/uv_hal/src/uv_rtos.o
 .debug_ranges  0x00000538       0x20 ./hal/uv_hal/src/uv_stdout.o
 .debug_ranges  0x00000558       0x58 ./hal/uv_hal/src/uv_terminal.o
 .debug_ranges  0x000005b0       0x58 ./hal/uv_hal/src/uv_uart.o
 .debug_ranges  0x00000608       0x88 ./hal/uv_hal/src/uv_utilities.o
 .debug_ranges  0x00000690       0x20 ./hal/uv_hal/src/uv_wdt.o
 .debug_ranges  0x000006b0       0x60 ./hal/uv_hal/freertos/portable/GCC/ARM_CM3/port.o
 .debug_ranges  0x00000710       0x30 ./hal/uv_hal/freertos/heap_2.o
 .debug_ranges  0x00000740       0x30 ./hal/uv_hal/freertos/list.o
 .debug_ranges  0x00000770      0x100 ./hal/uv_hal/freertos/queue.o
 .debug_ranges  0x00000870      0x200 ./hal/uv_hal/freertos/tasks.o
 .debug_ranges  0x00000a70       0x88 ./hal/uv_hal/freertos/timers.o
 .debug_ranges  0x00000af8       0x18 ./CMSIS_CORE_LPC177x_8x/src/system_LPC177x_8x.o

.debug_line     0x00000000     0x7060
 .debug_line    0x00000000      0x28f ./src/ui/home_screen.o
 .debug_line    0x0000028f      0x28c ./src/ui/taskbar.o
 .debug_line    0x0000051b      0x187 ./src/canopen.o
 .debug_line    0x000006a2      0x47a ./src/commands.o
 .debug_line    0x00000b1c       0xa3 ./src/cr_startup_lpc177x_8x.o
 .debug_line    0x00000bbf      0x363 ./src/gui.o
 .debug_line    0x00000f22      0x4a9 ./src/main.o
 .debug_line    0x000013cb      0x3c8 ./src/network.o
 .debug_line    0x00001793      0x21f ./hal/uv_hal/src/ui/uv_display.o
 .debug_line    0x000019b2      0x1b2 ./hal/uv_hal/src/ui/uv_fonts.o
 .debug_line    0x00001b64      0x312 ./hal/uv_hal/src/ui/uv_label.o
 .debug_line    0x00001e76      0x1ba ./hal/uv_hal/src/ui/uv_ui_styles.o
 .debug_line    0x00002030      0x2e0 ./hal/uv_hal/src/ui/uv_window.o
 .debug_line    0x00002310      0x22b ./hal/uv_hal/src/printf.o
 .debug_line    0x0000253b      0x258 ./hal/uv_hal/src/uv_can.o
 .debug_line    0x00002793      0x4e8 ./hal/uv_hal/src/uv_canopen.o
 .debug_line    0x00002c7b      0x249 ./hal/uv_hal/src/uv_eeprom.o
 .debug_line    0x00002ec4      0x207 ./hal/uv_hal/src/uv_emc.o
 .debug_line    0x000030cb       0xdf ./hal/uv_hal/src/uv_errors.o
 .debug_line    0x000031aa      0x342 ./hal/uv_hal/src/uv_gpio.o
 .debug_line    0x000034ec      0x24e ./hal/uv_hal/src/uv_lcd.o
 .debug_line    0x0000373a      0x407 ./hal/uv_hal/src/uv_memory.o
 .debug_line    0x00003b41      0x1bf ./hal/uv_hal/src/uv_pwm.o
 .debug_line    0x00003d00      0x1ab ./hal/uv_hal/src/uv_reset.o
 .debug_line    0x00003eab      0x2d3 ./hal/uv_hal/src/uv_rtos.o
 .debug_line    0x0000417e      0x184 ./hal/uv_hal/src/uv_stdout.o
 .debug_line    0x00004302      0x3c5 ./hal/uv_hal/src/uv_terminal.o
 .debug_line    0x000046c7      0x356 ./hal/uv_hal/src/uv_uart.o
 .debug_line    0x00004a1d      0x3f4 ./hal/uv_hal/src/uv_utilities.o
 .debug_line    0x00004e11      0x1e1 ./hal/uv_hal/src/uv_wdt.o
 .debug_line    0x00004ff2      0x304 ./hal/uv_hal/freertos/portable/GCC/ARM_CM3/port.o
 .debug_line    0x000052f6      0x2de ./hal/uv_hal/freertos/heap_2.o
 .debug_line    0x000055d4      0x250 ./hal/uv_hal/freertos/list.o
 .debug_line    0x00005824      0x6f8 ./hal/uv_hal/freertos/queue.o
 .debug_line    0x00005f1c      0xb8f ./hal/uv_hal/freertos/tasks.o
 .debug_line    0x00006aab      0x3f2 ./hal/uv_hal/freertos/timers.o
 .debug_line    0x00006e9d      0x1c3 ./CMSIS_CORE_LPC177x_8x/src/system_LPC177x_8x.o

.debug_str      0x00000000     0x58bc
 .debug_str     0x00000000      0x468 ./src/ui/home_screen.o
                                0x502 (size before relaxing)
 .debug_str     0x00000468       0x7b ./src/ui/taskbar.o
                                0x52c (size before relaxing)
 .debug_str     0x000004e3       0xcf ./src/canopen.o
                                0x2ac (size before relaxing)
 .debug_str     0x000005b2      0x764 ./src/commands.o
                                0xbd7 (size before relaxing)
 .debug_str     0x00000d16      0x18a ./src/cr_startup_lpc177x_8x.o
                                0x276 (size before relaxing)
 .debug_str     0x00000ea0      0x479 ./src/gui.o
                                0xe58 (size before relaxing)
 .debug_str     0x00001319      0x421 ./src/main.o
                               0x11fc (size before relaxing)
 .debug_str     0x0000173a       0xd7 ./src/network.o
                                0x9fc (size before relaxing)
 .debug_str     0x00001811       0x22 ./hal/uv_hal/src/ui/uv_display.o
                                0x365 (size before relaxing)
 .debug_str     0x00001833       0x53 ./hal/uv_hal/src/ui/uv_fonts.o
                                0x244 (size before relaxing)
 .debug_str     0x00001886       0xa1 ./hal/uv_hal/src/ui/uv_label.o
                                0x444 (size before relaxing)
 .debug_str     0x00001927       0x24 ./hal/uv_hal/src/ui/uv_ui_styles.o
                                0x235 (size before relaxing)
 .debug_str     0x0000194b       0x28 ./hal/uv_hal/src/ui/uv_window.o
                                0x33c (size before relaxing)
 .debug_str     0x00001973       0x9f ./hal/uv_hal/src/printf.o
                                0x22d (size before relaxing)
 .debug_str     0x00001a12      0x477 ./hal/uv_hal/src/uv_can.o
                                0xae1 (size before relaxing)
 .debug_str     0x00001e89      0x731 ./hal/uv_hal/src/uv_canopen.o
                               0x150a (size before relaxing)
 .debug_str     0x000025ba       0xd6 ./hal/uv_hal/src/uv_eeprom.o
                                0x8e4 (size before relaxing)
 .debug_str     0x00002690      0x833 ./hal/uv_hal/src/uv_emc.o
                                0xe2b (size before relaxing)
 .debug_str     0x00002ec3       0x2f ./hal/uv_hal/src/uv_errors.o
                                0x1ca (size before relaxing)
 .debug_str     0x00002ef2      0x552 ./hal/uv_hal/src/uv_gpio.o
                               0x11b6 (size before relaxing)
 .debug_str     0x00003444      0x112 ./hal/uv_hal/src/uv_lcd.o
                                0xcc6 (size before relaxing)
 .debug_str     0x00003556      0x2e7 ./hal/uv_hal/src/uv_memory.o
                                0xbf5 (size before relaxing)
 .debug_str     0x0000383d       0x1b ./hal/uv_hal/src/uv_pwm.o
                                0xb17 (size before relaxing)
 .debug_str     0x00003858       0xac ./hal/uv_hal/src/uv_reset.o
                                0x26e (size before relaxing)
 .debug_str     0x00003904       0xfe ./hal/uv_hal/src/uv_rtos.o
                                0x8fa (size before relaxing)
 .debug_str     0x00003a02       0xaf ./hal/uv_hal/src/uv_stdout.o
                                0x248 (size before relaxing)
 .debug_str     0x00003ab1      0x17d ./hal/uv_hal/src/uv_terminal.o
                                0xb09 (size before relaxing)
 .debug_str     0x00003c2e      0x112 ./hal/uv_hal/src/uv_uart.o
                               0x1211 (size before relaxing)
 .debug_str     0x00003d40       0xbb ./hal/uv_hal/src/uv_utilities.o
                                0xf6f (size before relaxing)
 .debug_str     0x00003dfb       0x4f ./hal/uv_hal/src/uv_wdt.o
                                0x25e (size before relaxing)
 .debug_str     0x00003e4a      0x12f ./hal/uv_hal/freertos/portable/GCC/ARM_CM3/port.o
                                0x371 (size before relaxing)
 .debug_str     0x00003f79      0x17e ./hal/uv_hal/freertos/heap_2.o
                                0x357 (size before relaxing)
 .debug_str     0x000040f7      0x11a ./hal/uv_hal/freertos/list.o
                                0x2fe (size before relaxing)
 .debug_str     0x00004211      0x730 ./hal/uv_hal/freertos/queue.o
                                0xaa3 (size before relaxing)
 .debug_str     0x00004941      0xb09 ./hal/uv_hal/freertos/tasks.o
                               0x1190 (size before relaxing)
 .debug_str     0x0000544a      0x42f ./hal/uv_hal/freertos/timers.o
                                0x973 (size before relaxing)
 .debug_str     0x00005879       0x43 ./CMSIS_CORE_LPC177x_8x/src/system_LPC177x_8x.o
                                0x39c (size before relaxing)

.comment        0x00000000       0x6e
 .comment       0x00000000       0x6e ./src/ui/home_screen.o
                                 0x6f (size before relaxing)
 .comment       0x0000006e       0x6f ./src/ui/taskbar.o
 .comment       0x0000006e       0x6f ./src/canopen.o
 .comment       0x0000006e       0x6f ./src/commands.o
 .comment       0x0000006e       0x6f ./src/cr_startup_lpc177x_8x.o
 .comment       0x0000006e       0x6f ./src/gui.o
 .comment       0x0000006e       0x6f ./src/main.o
 .comment       0x0000006e       0x6f ./src/network.o
 .comment       0x0000006e       0x6f ./hal/uv_hal/src/ui/uv_display.o
 .comment       0x0000006e       0x6f ./hal/uv_hal/src/ui/uv_fonts.o
 .comment       0x0000006e       0x6f ./hal/uv_hal/src/ui/uv_label.o
 .comment       0x0000006e       0x6f ./hal/uv_hal/src/ui/uv_ui_styles.o
 .comment       0x0000006e       0x6f ./hal/uv_hal/src/ui/uv_window.o
 .comment       0x0000006e       0x6f ./hal/uv_hal/src/printf.o
 .comment       0x0000006e       0x6f ./hal/uv_hal/src/uv_can.o
 .comment       0x0000006e       0x6f ./hal/uv_hal/src/uv_canopen.o
 .comment       0x0000006e       0x6f ./hal/uv_hal/src/uv_eeprom.o
 .comment       0x0000006e       0x6f ./hal/uv_hal/src/uv_emc.o
 .comment       0x0000006e       0x6f ./hal/uv_hal/src/uv_errors.o
 .comment       0x0000006e       0x6f ./hal/uv_hal/src/uv_gpio.o
 .comment       0x0000006e       0x6f ./hal/uv_hal/src/uv_lcd.o
 .comment       0x0000006e       0x6f ./hal/uv_hal/src/uv_memory.o
 .comment       0x0000006e       0x6f ./hal/uv_hal/src/uv_pwm.o
 .comment       0x0000006e       0x6f ./hal/uv_hal/src/uv_reset.o
 .comment       0x0000006e       0x6f ./hal/uv_hal/src/uv_rtos.o
 .comment       0x0000006e       0x6f ./hal/uv_hal/src/uv_stdout.o
 .comment       0x0000006e       0x6f ./hal/uv_hal/src/uv_terminal.o
 .comment       0x0000006e       0x6f ./hal/uv_hal/src/uv_uart.o
 .comment       0x0000006e       0x6f ./hal/uv_hal/src/uv_utilities.o
 .comment       0x0000006e       0x6f ./hal/uv_hal/src/uv_wdt.o
 .comment       0x0000006e       0x6f ./hal/uv_hal/freertos/portable/GCC/ARM_CM3/port.o
 .comment       0x0000006e       0x6f ./hal/uv_hal/freertos/heap_2.o
 .comment       0x0000006e       0x6f ./hal/uv_hal/freertos/list.o
 .comment       0x0000006e       0x6f ./hal/uv_hal/freertos/queue.o
 .comment       0x0000006e       0x6f ./hal/uv_hal/freertos/tasks.o
 .comment       0x0000006e       0x6f ./hal/uv_hal/freertos/timers.o
 .comment       0x0000006e       0x6f ./CMSIS_CORE_LPC177x_8x/src/system_LPC177x_8x.o

.ARM.attributes
                0x00000000       0x31
 .ARM.attributes
                0x00000000       0x33 ./src/ui/home_screen.o
 .ARM.attributes
                0x00000033       0x33 ./src/ui/taskbar.o
 .ARM.attributes
                0x00000066       0x33 ./src/canopen.o
 .ARM.attributes
                0x00000099       0x33 ./src/commands.o
 .ARM.attributes
                0x000000cc       0x33 ./src/cr_startup_lpc177x_8x.o
 .ARM.attributes
                0x000000ff       0x33 ./src/gui.o
 .ARM.attributes
                0x00000132       0x33 ./src/main.o
 .ARM.attributes
                0x00000165       0x33 ./src/network.o
 .ARM.attributes
                0x00000198       0x33 ./hal/uv_hal/src/ui/uv_display.o
 .ARM.attributes
                0x000001cb       0x33 ./hal/uv_hal/src/ui/uv_fonts.o
 .ARM.attributes
                0x000001fe       0x33 ./hal/uv_hal/src/ui/uv_label.o
 .ARM.attributes
                0x00000231       0x33 ./hal/uv_hal/src/ui/uv_ui_styles.o
 .ARM.attributes
                0x00000264       0x33 ./hal/uv_hal/src/ui/uv_window.o
 .ARM.attributes
                0x00000297       0x33 ./hal/uv_hal/src/printf.o
 .ARM.attributes
                0x000002ca       0x33 ./hal/uv_hal/src/uv_can.o
 .ARM.attributes
                0x000002fd       0x33 ./hal/uv_hal/src/uv_canopen.o
 .ARM.attributes
                0x00000330       0x33 ./hal/uv_hal/src/uv_eeprom.o
 .ARM.attributes
                0x00000363       0x33 ./hal/uv_hal/src/uv_emc.o
 .ARM.attributes
                0x00000396       0x33 ./hal/uv_hal/src/uv_errors.o
 .ARM.attributes
                0x000003c9       0x33 ./hal/uv_hal/src/uv_gpio.o
 .ARM.attributes
                0x000003fc       0x33 ./hal/uv_hal/src/uv_lcd.o
 .ARM.attributes
                0x0000042f       0x33 ./hal/uv_hal/src/uv_memory.o
 .ARM.attributes
                0x00000462       0x33 ./hal/uv_hal/src/uv_pwm.o
 .ARM.attributes
                0x00000495       0x33 ./hal/uv_hal/src/uv_reset.o
 .ARM.attributes
                0x000004c8       0x33 ./hal/uv_hal/src/uv_rtos.o
 .ARM.attributes
                0x000004fb       0x33 ./hal/uv_hal/src/uv_stdout.o
 .ARM.attributes
                0x0000052e       0x33 ./hal/uv_hal/src/uv_terminal.o
 .ARM.attributes
                0x00000561       0x33 ./hal/uv_hal/src/uv_uart.o
 .ARM.attributes
                0x00000594       0x33 ./hal/uv_hal/src/uv_utilities.o
 .ARM.attributes
                0x000005c7       0x33 ./hal/uv_hal/src/uv_wdt.o
 .ARM.attributes
                0x000005fa       0x33 ./hal/uv_hal/freertos/portable/GCC/ARM_CM3/port.o
 .ARM.attributes
                0x0000062d       0x33 ./hal/uv_hal/freertos/heap_2.o
 .ARM.attributes
                0x00000660       0x33 ./hal/uv_hal/freertos/list.o
 .ARM.attributes
                0x00000693       0x33 ./hal/uv_hal/freertos/queue.o
 .ARM.attributes
                0x000006c6       0x33 ./hal/uv_hal/freertos/tasks.o
 .ARM.attributes
                0x000006f9       0x33 ./hal/uv_hal/freertos/timers.o
 .ARM.attributes
                0x0000072c       0x33 ./CMSIS_CORE_LPC177x_8x/src/system_LPC177x_8x.o
 .ARM.attributes
                0x0000075f       0x1d /usr/local/lpcxpresso_7.7.2_379/lpcxpresso/tools/bin/../lib/gcc/arm-none-eabi/5.4.1/armv7-m/libgcc.a(_arm_addsubsf3.o)
 .ARM.attributes
                0x0000077c       0x1d /usr/local/lpcxpresso_7.7.2_379/lpcxpresso/tools/bin/../lib/gcc/arm-none-eabi/5.4.1/armv7-m/libgcc.a(_arm_muldivsf3.o)
 .ARM.attributes
                0x00000799       0x1d /usr/local/lpcxpresso_7.7.2_379/lpcxpresso/tools/bin/../lib/gcc/arm-none-eabi/5.4.1/armv7-m/libgcc.a(_arm_cmpsf2.o)
 .ARM.attributes
                0x000007b6       0x1d /usr/local/lpcxpresso_7.7.2_379/lpcxpresso/tools/bin/../lib/gcc/arm-none-eabi/5.4.1/armv7-m/libgcc.a(_arm_fixunssfsi.o)
 .ARM.attributes
                0x000007d3       0x2d /usr/local/lpcxpresso_7.7.2_379/lpcxpresso/tools/bin/../lib/gcc/arm-none-eabi/5.4.1/../../../../arm-none-eabi/lib/armv7-m/libc_nano.a(lib_a-ctype_.o)
 .ARM.attributes
                0x00000800       0x2d /usr/local/lpcxpresso_7.7.2_379/lpcxpresso/tools/bin/../lib/gcc/arm-none-eabi/5.4.1/../../../../arm-none-eabi/lib/armv7-m/libc_nano.a(lib_a-memcpy-stub.o)
 .ARM.attributes
                0x0000082d       0x2d /usr/local/lpcxpresso_7.7.2_379/lpcxpresso/tools/bin/../lib/gcc/arm-none-eabi/5.4.1/../../../../arm-none-eabi/lib/armv7-m/libc_nano.a(lib_a-memset.o)
 .ARM.attributes
                0x0000085a       0x1b /usr/local/lpcxpresso_7.7.2_379/lpcxpresso/tools/bin/../lib/gcc/arm-none-eabi/5.4.1/../../../../arm-none-eabi/lib/armv7-m/libc_nano.a(lib_a-strcmp.o)
 .ARM.attributes
                0x00000875       0x17 /usr/local/lpcxpresso_7.7.2_379/lpcxpresso/tools/bin/../lib/gcc/arm-none-eabi/5.4.1/../../../../arm-none-eabi/lib/armv7-m/libc_nano.a(lib_a-strlen.o)
 .ARM.attributes
                0x0000088c       0x2d /usr/local/lpcxpresso_7.7.2_379/lpcxpresso/tools/bin/../lib/gcc/arm-none-eabi/5.4.1/../../../../arm-none-eabi/lib/armv7-m/libc_nano.a(lib_a-strtol.o)
 .ARM.attributes
                0x000008b9       0x2d /usr/local/lpcxpresso_7.7.2_379/lpcxpresso/tools/bin/../lib/gcc/arm-none-eabi/5.4.1/../../../../arm-none-eabi/lib/armv7-m/libc_nano.a(lib_a-impure.o)

.debug_frame    0x00000000     0x2004
 .debug_frame   0x00000000       0x48 ./src/ui/home_screen.o
 .debug_frame   0x00000048       0x48 ./src/ui/taskbar.o
 .debug_frame   0x00000090       0x20 ./src/canopen.o
 .debug_frame   0x000000b0      0x134 ./src/commands.o
 .debug_frame   0x000001e4       0xf4 ./src/cr_startup_lpc177x_8x.o
 .debug_frame   0x000002d8       0x7c ./src/gui.o
 .debug_frame   0x00000354       0x64 ./src/main.o
 .debug_frame   0x000003b8      0x110 ./src/network.o
 .debug_frame   0x000004c8       0x44 ./hal/uv_hal/src/ui/uv_display.o
 .debug_frame   0x0000050c       0xa4 ./hal/uv_hal/src/ui/uv_label.o
 .debug_frame   0x000005b0       0xb4 ./hal/uv_hal/src/ui/uv_window.o
 .debug_frame   0x00000664      0x120 ./hal/uv_hal/src/printf.o
 .debug_frame   0x00000784       0xd0 ./hal/uv_hal/src/uv_can.o
 .debug_frame   0x00000854      0x1d8 ./hal/uv_hal/src/uv_canopen.o
 .debug_frame   0x00000a2c       0x7c ./hal/uv_hal/src/uv_eeprom.o
 .debug_frame   0x00000aa8       0x34 ./hal/uv_hal/src/uv_emc.o
 .debug_frame   0x00000adc       0x2c ./hal/uv_hal/src/uv_errors.o
 .debug_frame   0x00000b08       0xfc ./hal/uv_hal/src/uv_gpio.o
 .debug_frame   0x00000c04       0x90 ./hal/uv_hal/src/uv_lcd.o
 .debug_frame   0x00000c94      0x118 ./hal/uv_hal/src/uv_memory.o
 .debug_frame   0x00000dac       0x2c ./hal/uv_hal/src/uv_pwm.o
 .debug_frame   0x00000dd8       0x28 ./hal/uv_hal/src/uv_reset.o
 .debug_frame   0x00000e00       0x98 ./hal/uv_hal/src/uv_rtos.o
 .debug_frame   0x00000e98       0x54 ./hal/uv_hal/src/uv_stdout.o
 .debug_frame   0x00000eec      0x104 ./hal/uv_hal/src/uv_terminal.o
 .debug_frame   0x00000ff0      0x124 ./hal/uv_hal/src/uv_uart.o
 .debug_frame   0x00001114      0x188 ./hal/uv_hal/src/uv_utilities.o
 .debug_frame   0x0000129c       0x48 ./hal/uv_hal/src/uv_wdt.o
 .debug_frame   0x000012e4       0xd0 ./hal/uv_hal/freertos/portable/GCC/ARM_CM3/port.o
 .debug_frame   0x000013b4       0x80 ./hal/uv_hal/freertos/heap_2.o
 .debug_frame   0x00001434       0x6c ./hal/uv_hal/freertos/list.o
 .debug_frame   0x000014a0      0x30c ./hal/uv_hal/freertos/queue.o
 .debug_frame   0x000017ac      0x5ac ./hal/uv_hal/freertos/tasks.o
 .debug_frame   0x00001d58      0x1d0 ./hal/uv_hal/freertos/timers.o
 .debug_frame   0x00001f28       0x30 ./CMSIS_CORE_LPC177x_8x/src/system_LPC177x_8x.o
 .debug_frame   0x00001f58       0x28 /usr/local/lpcxpresso_7.7.2_379/lpcxpresso/tools/bin/../lib/gcc/arm-none-eabi/5.4.1/../../../../arm-none-eabi/lib/armv7-m/libc_nano.a(lib_a-memcpy-stub.o)
 .debug_frame   0x00001f80       0x20 /usr/local/lpcxpresso_7.7.2_379/lpcxpresso/tools/bin/../lib/gcc/arm-none-eabi/5.4.1/../../../../arm-none-eabi/lib/armv7-m/libc_nano.a(lib_a-memset.o)
 .debug_frame   0x00001fa0       0x20 /usr/local/lpcxpresso_7.7.2_379/lpcxpresso/tools/bin/../lib/gcc/arm-none-eabi/5.4.1/../../../../arm-none-eabi/lib/armv7-m/libc_nano.a(lib_a-strcmp.o)
 .debug_frame   0x00001fc0       0x44 /usr/local/lpcxpresso_7.7.2_379/lpcxpresso/tools/bin/../lib/gcc/arm-none-eabi/5.4.1/../../../../arm-none-eabi/lib/armv7-m/libc_nano.a(lib_a-strtol.o)
